******************************************************************************
                  TI ARM Linker PC v20.2.6                     
******************************************************************************
>> Linked Thu Jul 28 11:21:42 2022

OUTPUT FILE NAME:   <blinky.out>
ENTRY POINT SYMBOL: "_c_int00_noargs"  address: 00000fa1


MEMORY CONFIGURATION

         name            origin    length      used     unused   attr    fill
----------------------  --------  ---------  --------  --------  ----  --------
  FLASH                 00000000   00040000  000012fe  0003ed02  R  X
  SRAM                  20000000   00008000  00000542  00007abe  RW X


SEGMENT ALLOCATION MAP

run origin  load origin   length   init length attrs members
----------  ----------- ---------- ----------- ----- -------
00000000    00000000    00001300   00001300    r-x
  00000000    00000000    0000026c   0000026c    r-- .intvecs
  0000026c    0000026c    00000ec6   00000ec6    r-x .text
  00001134    00001134    0000018c   0000018c    r-- .const
  000012c0    000012c0    00000040   00000040    r-- .cinit
20000000    20000000    00000546   00000000    rw-
  20000000    20000000    0000026c   00000000    rw- .vtable
  20000270    20000270    00000200   00000000    rw- .stack
  20000470    20000470    000000c8   00000000    rw- .bss
  20000538    20000538    0000000e   00000000    rw- .data


SECTION ALLOCATION MAP

 output                                  attributes/
section   page    origin      length       input sections
--------  ----  ----------  ----------   ----------------
.intvecs   0    00000000    0000026c     
                  00000000    0000026c     startup_ccs.obj (.intvecs)

.text      0    0000026c    00000ec6     
                  0000026c    00000136     driverlib.lib : can.obj (.text:CANMessageSet)
                  000003a2    00000132                   : gpio.obj (.text:GPIOPadConfigSet)
                  000004d4    00000110                   : sysctl.obj (.text:SysCtlClockGet)
                  000005e4    0000010e                   : can.obj (.text:CANMessageGet)
                  000006f2    00000002     startup_ccs.obj (.text:FaultISR)
                  000006f4    000000f4     driverlib.lib : sysctl.obj (.text:SysCtlClockSet)
                  000007e8    000000d8     bsp_can.obj (.text:speed_pid_realize)
                  000008c0    000000b4     uart_parser.obj (.text:UARTInit)
                  00000974    000000b4     bsp_can.obj (.text:bsp_can_init)
                  00000a28    0000009c     rtsv7M4_T_le_v4SPD16_eabi.lib : memcpy_t2.asm.obj (.text)
                  00000ac4    00000088     bsp_can.obj (.text:bsp_can_get_feedback)
                  00000b4c    0000006c     driverlib.lib : can.obj (.text:CANBitRateSet)
                  00000bb8    00000068                   : interrupt.obj (.text:IntEnable)
                  00000c20    00000068     rtsv7M4_T_le_v4SPD16_eabi.lib : copy_decompress_lzss.c.obj (.text:decompress:lzss:__TI_decompress_lzss)
                  00000c88    0000005c     driverlib.lib : can.obj (.text:_CANIntNumberGet)
                  00000ce4    0000005c     bsp_can.obj (.text:bsp_can_set_current)
                  00000d40    00000058     bsp_can.obj (.text:bsp_can_pid_param_init)
                  00000d98    00000050     bsp_can.obj (.text:CANIntHandler)
                  00000de8    00000048     driverlib.lib : gpio.obj (.text:GPIOPinConfigure)
                  00000e30    00000048     main.obj (.text:main)
                  00000e78    00000044     rtsv7M4_T_le_v4SPD16_eabi.lib : autoinit.c.obj (.text:__TI_auto_init_nobinit_nopinit:__TI_auto_init_nobinit_nopinit)
                  00000ebc    00000040     driverlib.lib : can.obj (.text:CANStatusGet)
                  00000efc    0000003a                   : can.obj (.text:CANInit)
                  00000f36    00000002     startup_ccs.obj (.text:IntDefaultHandler)
                  00000f38    00000034     driverlib.lib : interrupt.obj (.text:IntRegister)
                  00000f6c    00000034                   : sysctl.obj (.text:SysCtlPeripheralEnable)
                  00000fa0    00000034     rtsv7M4_T_le_v4SPD16_eabi.lib : boot_cortex_m.c.obj (.text:_c_int00_noargs:_c_int00_noargs)
                  00000fd4    0000002a     driverlib.lib : gpio.obj (.text:GPIODirModeSet)
                  00000ffe    0000002a                   : can.obj (.text:_CANDataRegRead)
                  00001028    00000028     uart_parser.obj (.text:UARTSend)
                  00001050    00000024     driverlib.lib : can.obj (.text:_CANDataRegWrite)
                  00001074    00000022                   : can.obj (.text:CANIntClear)
                  00001096    00000020                   : can.obj (.text:CANIntStatus)
                  000010b6    0000001c     rtsv7M4_T_le_v4SPD16_eabi.lib : copy_zero_init.c.obj (.text:decompress:ZI:__TI_zero_init_nomemset:__TI_zero_init_nomemset)
                  000010d2    00000018     driverlib.lib : can.obj (.text:CANIntRegister)
                  000010ea    00000012                   : gpio.obj (.text:GPIOPinTypeCAN)
                  000010fc    0000000e     rtsv7M4_T_le_v4SPD16_eabi.lib : copy_decompress_none.c.obj (.text:decompress:none:__TI_decompress_none)
                  0000110a    0000000a     driverlib.lib : can.obj (.text:CANEnable)
                  00001114    00000008                   : can.obj (.text:CANIntEnable)
                  0000111c    00000006     startup_ccs.obj (.text:ResetISR)
                  00001122    00000006     driverlib.lib : sysctl.obj (.text:SysCtlDelay)
                  00001128    00000004     rtsv7M4_T_le_v4SPD16_eabi.lib : pre_init.c.obj (.text:_system_pre_init)
                  0000112c    00000004                                   : exit.c.obj (.text:abort:abort)
                  00001130    00000002     startup_ccs.obj (.text:NmiSR)

.const     0    00001134    0000018c     
                  00001134    00000090     driverlib.lib : gpio.obj (.const:g_pui32GPIOBaseAddrs)
                  000011c4    00000070                   : interrupt.obj (.const)
                  00001234    0000006c                   : sysctl.obj (.const:g_pui32Xtals)
                  000012a0    00000020                   : can.obj (.const)

.cinit     0    000012c0    00000040     
                  000012c0    0000000c     (__TI_handler_table)
                  000012cc    00000004     --HOLE-- [fill = 0]
                  000012d0    00000008     (.cinit..bss.load) [load image, compression = zero_init]
                  000012d8    00000008     (.cinit..vtable.load) [load image, compression = zero_init]
                  000012e0    00000007     (.cinit..data.load) [load image, compression = lzss]
                  000012e7    00000001     --HOLE-- [fill = 0]
                  000012e8    00000018     (__TI_cinit_table)

.init_array 
*          0    00000000    00000000     UNINITIALIZED

.vtable    0    20000000    0000026c     UNINITIALIZED
                  20000000    0000026c     driverlib.lib : interrupt.obj (.vtable)

.bss       0    20000470    000000c8     UNINITIALIZED
                  20000470    00000080     (.common:pid_speed)
                  200004f0    00000014     (.common:TxHeader)
                  20000504    00000014     (.common:sCANMessage)
                  20000518    00000008     (.common:m2006_angle)
                  20000520    00000008     (.common:m2006_speed)
                  20000528    00000008     (.common:m2006_torque)
                  20000530    00000008     (.common:pui8MsgData)

.data      0    20000538    0000000e     UNINITIALIZED
                  20000538    00000008     bsp_can.obj (.data:TxData)
                  20000540    00000006     bsp_can.obj (.data)

.stack     0    20000270    00000200     UNINITIALIZED
                  20000270    00000004     rtsv7M4_T_le_v4SPD16_eabi.lib : boot_cortex_m.c.obj (.stack)
                  20000274    000001fc     --HOLE--

__llvm_prf_cnts 
*          0    20000000    00000000     UNINITIALIZED

MODULE SUMMARY

       Module                       code   ro data   rw data
       ------                       ----   -------   -------
    .\
       startup_ccs.obj              12     620       0      
       main.obj                     72     0         0      
    +--+----------------------------+------+---------+---------+
       Total:                       84     620       0      
                                                            
    .\bsp\
       bsp_can.obj                  792    0         214    
       uart_parser.obj              220    0         0      
    +--+----------------------------+------+---------+---------+
       Total:                       1012   0         214    
                                                            
    C:/ti/ccs1200/tivaware_c_series_2_1_4_178/driverlib/ccs/Debug/driverlib.lib
       can.obj                      1088   32        0      
       interrupt.obj                156    112       620    
       sysctl.obj                   574    108       0      
       gpio.obj                     438    144       0      
    +--+----------------------------+------+---------+---------+
       Total:                       2256   396       620    
                                                            
    C:\ti\ccs1200\ccs\tools\compiler\ti-cgt-arm_20.2.6.LTS\lib\rtsv7M4_T_le_v4SPD16_eabi.lib
       memcpy_t2.asm.obj            156    0         0      
       copy_decompress_lzss.c.obj   104    0         0      
       autoinit.c.obj               68     0         0      
       boot_cortex_m.c.obj          52     0         0      
       copy_zero_init.c.obj         28     0         0      
       copy_decompress_none.c.obj   14     0         0      
       exit.c.obj                   4      0         0      
       pre_init.c.obj               4      0         0      
    +--+----------------------------+------+---------+---------+
       Total:                       430    0         0      
                                                            
       Stack:                       0      0         512    
       Linker Generated:            0      59        0      
    +--+----------------------------+------+---------+---------+
       Grand Total:                 3782   1075      1346   


LINKER GENERATED COPY TABLES

__TI_cinit_table @ 000012e8 records: 3, size/record: 8, table size: 24
	.bss: load addr=000012d0, load size=00000008 bytes, run addr=20000470, run size=000000c8 bytes, compression=zero_init
	.vtable: load addr=000012d8, load size=00000008 bytes, run addr=20000000, run size=0000026c bytes, compression=zero_init
	.data: load addr=000012e0, load size=00000007 bytes, run addr=20000538, run size=0000000e bytes, compression=lzss


LINKER GENERATED HANDLER TABLE

__TI_handler_table @ 000012c0 records: 3, size/record: 4, table size: 12
	index: 0, handler: __TI_zero_init
	index: 1, handler: __TI_decompress_lzss
	index: 2, handler: __TI_decompress_none


GLOBAL SYMBOLS: SORTED ALPHABETICALLY BY Name 

address   name                          
-------   ----                          
0000112d  C$$EXIT                       
00000b4d  CANBitRateSet                 
0000110b  CANEnable                     
00000efd  CANInit                       
00001075  CANIntClear                   
00001115  CANIntEnable                  
00000d99  CANIntHandler                 
000010d3  CANIntRegister                
00001097  CANIntStatus                  
000005e5  CANMessageGet                 
0000026d  CANMessageSet                 
00000ebd  CANStatusGet                  
00000fd5  GPIODirModeSet                
000003a3  GPIOPadConfigSet              
00000de9  GPIOPinConfigure              
000010eb  GPIOPinTypeCAN                
00000bb9  IntEnable                     
00000f39  IntRegister                   
0000111d  ResetISR                      
000004d5  SysCtlClockGet                
000006f5  SysCtlClockSet                
00001123  SysCtlDelay                   
00000f6d  SysCtlPeripheralEnable        
20000538  TxData                        
200004f0  TxHeader                      
000008c1  UARTInit                      
00001029  UARTSend                      
20000470  __STACK_END                   
00000200  __STACK_SIZE                  
20000470  __STACK_TOP                   
000012e8  __TI_CINIT_Base               
00001300  __TI_CINIT_Limit              
000012c0  __TI_Handler_Table_Base       
000012cc  __TI_Handler_Table_Limit      
00000e79  __TI_auto_init_nobinit_nopinit
00000c21  __TI_decompress_lzss          
000010fd  __TI_decompress_none          
ffffffff  __TI_pprof_out_hndl           
ffffffff  __TI_prof_data_size           
ffffffff  __TI_prof_data_start          
00000000  __TI_static_base__            
000010b7  __TI_zero_init_nomemset       
00000a29  __aeabi_memcpy                
00000a29  __aeabi_memcpy4               
00000a29  __aeabi_memcpy8               
ffffffff  __binit__                     
ffffffff  __c_args__                    
UNDEFED   __mpu_init                    
20000270  __stack                       
20000000  __start___llvm_prf_cnts       
20000000  __stop___llvm_prf_cnts        
00000fa1  _c_int00_noargs               
UNDEFED   _system_post_cinit            
00001129  _system_pre_init              
0000112d  abort                         
ffffffff  binit                         
00000ac5  bsp_can_get_feedback          
00000975  bsp_can_init                  
00000d41  bsp_can_pid_param_init        
00000ce5  bsp_can_set_current           
20000545  g_bErrFlag                    
20000544  g_bRXFlag                     
20000000  g_pfnRAMVectors               
00000000  g_pfnVectors                  
20000540  g_ui32MsgCount                
20000518  m2006_angle                   
20000520  m2006_speed                   
20000528  m2006_torque                  
00000e31  main                          
00000a29  memcpy                        
20000470  pid_speed                     
20000530  pui8MsgData                   
20000504  sCANMessage                   
000007e9  speed_pid_realize             


GLOBAL SYMBOLS: SORTED BY Symbol Address 

address   name                          
-------   ----                          
00000000  __TI_static_base__            
00000000  g_pfnVectors                  
00000200  __STACK_SIZE                  
0000026d  CANMessageSet                 
000003a3  GPIOPadConfigSet              
000004d5  SysCtlClockGet                
000005e5  CANMessageGet                 
000006f5  SysCtlClockSet                
000007e9  speed_pid_realize             
000008c1  UARTInit                      
00000975  bsp_can_init                  
00000a29  __aeabi_memcpy                
00000a29  __aeabi_memcpy4               
00000a29  __aeabi_memcpy8               
00000a29  memcpy                        
00000ac5  bsp_can_get_feedback          
00000b4d  CANBitRateSet                 
00000bb9  IntEnable                     
00000c21  __TI_decompress_lzss          
00000ce5  bsp_can_set_current           
00000d41  bsp_can_pid_param_init        
00000d99  CANIntHandler                 
00000de9  GPIOPinConfigure              
00000e31  main                          
00000e79  __TI_auto_init_nobinit_nopinit
00000ebd  CANStatusGet                  
00000efd  CANInit                       
00000f39  IntRegister                   
00000f6d  SysCtlPeripheralEnable        
00000fa1  _c_int00_noargs               
00000fd5  GPIODirModeSet                
00001029  UARTSend                      
00001075  CANIntClear                   
00001097  CANIntStatus                  
000010b7  __TI_zero_init_nomemset       
000010d3  CANIntRegister                
000010eb  GPIOPinTypeCAN                
000010fd  __TI_decompress_none          
0000110b  CANEnable                     
00001115  CANIntEnable                  
0000111d  ResetISR                      
00001123  SysCtlDelay                   
00001129  _system_pre_init              
0000112d  C$$EXIT                       
0000112d  abort                         
000012c0  __TI_Handler_Table_Base       
000012cc  __TI_Handler_Table_Limit      
000012e8  __TI_CINIT_Base               
00001300  __TI_CINIT_Limit              
20000000  __start___llvm_prf_cnts       
20000000  __stop___llvm_prf_cnts        
20000000  g_pfnRAMVectors               
20000270  __stack                       
20000470  __STACK_END                   
20000470  __STACK_TOP                   
20000470  pid_speed                     
200004f0  TxHeader                      
20000504  sCANMessage                   
20000518  m2006_angle                   
20000520  m2006_speed                   
20000528  m2006_torque                  
20000530  pui8MsgData                   
20000538  TxData                        
20000540  g_ui32MsgCount                
20000544  g_bRXFlag                     
20000545  g_bErrFlag                    
ffffffff  __TI_pprof_out_hndl           
ffffffff  __TI_prof_data_size           
ffffffff  __TI_prof_data_start          
ffffffff  __binit__                     
ffffffff  __c_args__                    
ffffffff  binit                         
UNDEFED   __mpu_init                    
UNDEFED   _system_post_cinit            

[74 symbols]
