******************************************************************************
                  TI ARM Linker PC v20.2.6                     
******************************************************************************
>> Linked Sat Jul 30 14:52:04 2022

OUTPUT FILE NAME:   <car_follower.out>
ENTRY POINT SYMBOL: "_c_int00_noargs"  address: 0000185d


MEMORY CONFIGURATION

         name            origin    length      used     unused   attr    fill
----------------------  --------  ---------  --------  --------  ----  --------
  FLASH                 00000000   00040000  0000201c  0003dfe4  R  X
  SRAM                  20000000   00008000  000005b8  00007a48  RW X


SEGMENT ALLOCATION MAP

run origin  load origin   length   init length attrs members
----------  ----------- ---------- ----------- ----- -------
00000000    00000000    00002020   00002020    r-x
  00000000    00000000    0000026c   0000026c    r-- .intvecs
  0000026c    0000026c    00001920   00001920    r-x .text
  00001b8c    00001b8c    00000428   00000428    r-- .const
  00001fb8    00001fb8    00000068   00000068    r-- .cinit
20000000    20000000    000005be   00000000    rw-
  20000000    20000000    0000026c   00000000    rw- .vtable
  20000270    20000270    00000200   00000000    rw- .stack
  20000470    20000470    000000d6   00000000    rw- .bss
  20000548    20000548    00000076   00000000    rw- .data


SECTION ALLOCATION MAP

 output                                  attributes/
section   page    origin      length       input sections
--------  ----  ----------  ----------   ----------------
.intvecs   0    00000000    0000026c     
                  00000000    0000026c     startup_ccs.obj (.intvecs)

.text      0    0000026c    00001920     
                  0000026c    0000015c     main.obj (.text:main)
                  000003c8    00000136     driverlib.lib : can.obj (.text:CANMessageSet)
                  000004fe    00000132                   : gpio.obj (.text:GPIOPadConfigSet)
                  00000630    00000120     uart_parser.obj (.text:UARTInit)
                  00000750    00000110     driverlib.lib : sysctl.obj (.text:SysCtlClockGet)
                  00000860    0000010e                   : can.obj (.text:CANMessageGet)
                  0000096e    00000002     startup_ccs.obj (.text:FaultISR)
                  00000970    000000f4     driverlib.lib : sysctl.obj (.text:SysCtlClockSet)
                  00000a64    000000f4     follow_line.obj (.text:task4)
                  00000b58    000000e4     uart_parser.obj (.text:UART2IntHandler)
                  00000c3c    000000e0     follow_line.obj (.text:task2)
                  00000d1c    000000d8     bsp_can.obj (.text:speed_pid_realize)
                  00000df4    000000b4     bsp_can.obj (.text:bsp_can_init)
                  00000ea8    000000ac     follow_line.obj (.text:task1)
                  00000f54    0000009c     uart_parser.obj (.text:UART1IntHandler)
                  00000ff0    0000009c     rtsv7M4_T_le_v4SPD16_eabi.lib : memcpy_t2.asm.obj (.text)
                  0000108c    00000088     bsp_can.obj (.text:bsp_can_get_feedback)
                  00001114    0000007a     driverlib.lib : adc.obj (.text:ADCSequenceStepConfigure)
                  0000118e    00000002     startup_ccs.obj (.text:IntDefaultHandler)
                  00001190    00000070     bsp_key.obj (.text:bsp_key_init)
                  00001200    0000006c     driverlib.lib : can.obj (.text:CANBitRateSet)
                  0000126c    00000068                   : interrupt.obj (.text:IntEnable)
                  000012d4    00000068     rtsv7M4_T_le_v4SPD16_eabi.lib : copy_decompress_lzss.c.obj (.text:decompress:lzss:__TI_decompress_lzss)
                  0000133c    0000005c     driverlib.lib : can.obj (.text:_CANIntNumberGet)
                  00001398    0000005c     bsp_can.obj (.text:bsp_can_set_current)
                  000013f4    00000058     bsp_can.obj (.text:bsp_can_pid_param_init)
                  0000144c    00000056     driverlib.lib : gpio.obj (.text:GPIOIntTypeSet)
                  000014a2    00000002     startup_ccs.obj (.text:NmiSR)
                  000014a4    00000054     bsp_adc.obj (.text:bsp_adc_init)
                  000014f8    00000050     driverlib.lib : adc.obj (.text:ADCSequenceConfigure)
                  00001548    00000050     bsp_can.obj (.text:CANIntHandler)
                  00001598    00000050     bsp_key.obj (.text:io_interrupt)
                  000015e8    0000004c     rtsv7M4_T_le_v4SPD16_eabi.lib : atoi.c.obj (.text:atoi)
                  00001634    00000048     driverlib.lib : gpio.obj (.text:GPIOPinConfigure)
                  0000167c    00000044                   : gpio.obj (.text:_GPIOIntNumberGet)
                  000016c0    00000044     rtsv7M4_T_le_v4SPD16_eabi.lib : autoinit.c.obj (.text:__TI_auto_init_nobinit_nopinit:__TI_auto_init_nobinit_nopinit)
                  00001704    00000040     driverlib.lib : can.obj (.text:CANStatusGet)
                  00001744    0000003c     bsp_adc.obj (.text:bsp_adc_read)
                  00001780    0000003a     driverlib.lib : can.obj (.text:CANInit)
                  000017ba    00000002     follow_line.obj (.text:task3)
                  000017bc    00000038     driverlib.lib : sysctl.obj (.text:SysCtlPeripheralReady)
                  000017f4    00000034                   : interrupt.obj (.text:IntRegister)
                  00001828    00000034                   : sysctl.obj (.text:SysCtlPeripheralEnable)
                  0000185c    00000034     rtsv7M4_T_le_v4SPD16_eabi.lib : boot_cortex_m.c.obj (.text:_c_int00_noargs:_c_int00_noargs)
                  00001890    0000002e     driverlib.lib : adc.obj (.text:ADCIntStatus)
                  000018be    0000002a                   : gpio.obj (.text:GPIODirModeSet)
                  000018e8    0000002a                   : can.obj (.text:_CANDataRegRead)
                  00001912    00000002     --HOLE-- [fill = 0]
                  00001914    00000028     uart_parser.obj (.text:UART2Send)
                  0000193c    00000024     driverlib.lib : can.obj (.text:_CANDataRegWrite)
                  00001960    00000024     bsp_can.obj (.text:bsp_can_set_speed)
                  00001984    00000024     bsp_led.obj (.text:bsp_led_init)
                  000019a8    00000022     driverlib.lib : can.obj (.text:CANIntClear)
                  000019ca    00000020                   : can.obj (.text:CANIntStatus)
                  000019ea    00000002     --HOLE-- [fill = 0]
                  000019ec    00000020     bsp_buzzer.obj (.text:bsp_buzzer_init)
                  00001a0c    0000001e     driverlib.lib : adc.obj (.text:ADCSequenceDataGet)
                  00001a2a    0000001c     rtsv7M4_T_le_v4SPD16_eabi.lib : copy_zero_init.c.obj (.text:decompress:ZI:__TI_zero_init_nomemset:__TI_zero_init_nomemset)
                  00001a46    00000018     driverlib.lib : adc.obj (.text:ADCProcessorTrigger)
                  00001a5e    00000018                   : can.obj (.text:CANIntRegister)
                  00001a76    00000018                   : gpio.obj (.text:GPIOIntRegister)
                  00001a8e    00000018                   : gpio.obj (.text:GPIOPinTypeGPIOOutput)
                  00001aa6    00000002     --HOLE-- [fill = 0]
                  00001aa8    00000018     bsp_led.obj (.text:bsp_led_set)
                  00001ac0    00000014     bsp_buzzer.obj (.text:bsp_buzzer_set)
                  00001ad4    00000012     driverlib.lib : gpio.obj (.text:GPIOPinTypeADC)
                  00001ae6    00000012                   : gpio.obj (.text:GPIOPinTypeCAN)
                  00001af8    00000010                   : interrupt.obj (.text:IntMasterEnable)
                  00001b08    0000000e                   : adc.obj (.text:ADCSequenceEnable)
                  00001b16    0000000e                   : gpio.obj (.text:GPIOIntStatus)
                  00001b24    0000000e     rtsv7M4_T_le_v4SPD16_eabi.lib : copy_decompress_none.c.obj (.text:decompress:none:__TI_decompress_none)
                  00001b32    0000000c     driverlib.lib : cpu.obj (.text:CPUcpsie)
                  00001b3e    0000000c                   : gpio.obj (.text:GPIOIntEnable)
                  00001b4a    0000000a                   : adc.obj (.text:ADCIntClear)
                  00001b54    0000000a                   : can.obj (.text:CANEnable)
                  00001b5e    00000008                   : can.obj (.text:CANIntEnable)
                  00001b66    00000006                   : gpio.obj (.text:GPIOIntClear)
                  00001b6c    00000006                   : gpio.obj (.text:GPIOPinRead)
                  00001b72    00000006                   : gpio.obj (.text:GPIOPinWrite)
                  00001b78    00000006     startup_ccs.obj (.text:ResetISR)
                  00001b7e    00000006     driverlib.lib : sysctl.obj (.text:SysCtlDelay)
                  00001b84    00000004     rtsv7M4_T_le_v4SPD16_eabi.lib : pre_init.c.obj (.text:_system_pre_init)
                  00001b88    00000004                                   : exit.c.obj (.text:abort:abort)

.const     0    00001b8c    00000428     
                  00001b8c    00000101     rtsv7M4_T_le_v4SPD16_eabi.lib : ctype.c.obj (.const:.string:_ctypes_)
                  00001c8d    00000003     --HOLE-- [fill = 0]
                  00001c90    000000d8     driverlib.lib : gpio.obj (.const:g_ppui32GPIOIntMapSnowflake)
                  00001d68    000000c0                   : gpio.obj (.const:g_ppui32GPIOIntMapBlizzard)
                  00001e28    00000090                   : gpio.obj (.const:g_pui32GPIOBaseAddrs)
                  00001eb8    00000070                   : interrupt.obj (.const)
                  00001f28    0000006c                   : sysctl.obj (.const:g_pui32Xtals)
                  00001f94    00000020                   : can.obj (.const)

.cinit     0    00001fb8    00000068     
                  00001fb8    00000030     (.cinit..data.load) [load image, compression = lzss]
                  00001fe8    0000000c     (__TI_handler_table)
                  00001ff4    00000004     --HOLE-- [fill = 0]
                  00001ff8    00000008     (.cinit..bss.load) [load image, compression = zero_init]
                  00002000    00000008     (.cinit..vtable.load) [load image, compression = zero_init]
                  00002008    00000018     (__TI_cinit_table)

.init_array 
*          0    00000000    00000000     UNINITIALIZED

.vtable    0    20000000    0000026c     UNINITIALIZED
                  20000000    0000026c     driverlib.lib : interrupt.obj (.vtable)

.bss       0    20000470    000000d6     UNINITIALIZED
                  20000470    00000080     (.common:pid_speed)
                  200004f0    00000014     (.common:TxHeader)
                  20000504    00000014     (.common:sCANMessage)
                  20000518    00000008     (.common:m2006_angle)
                  20000520    00000008     (.common:m2006_speed)
                  20000528    00000008     (.common:m2006_torque)
                  20000530    00000008     (.common:pui8MsgData)
                  20000538    00000004     (.common:pui32ADC0Value)
                  2000053c    00000004     (.common:ultrasonic_value)
                  20000540    00000002     (.common:task1_temp_avg_speed)
                  20000542    00000002     (.common:task2_temp_avg_speed)
                  20000544    00000002     (.common:task4_temp_avg_speed)

.data      0    20000548    00000076     UNINITIALIZED
                  20000548    00000025     follow_line.obj (.data)
                  2000056d    00000014     uart_parser.obj (.data:uart1_receive_buffer)
                  20000581    00000014     uart_parser.obj (.data:uart2_receive_buffer)
                  20000595    00000003     --HOLE--
                  20000598    00000010     main.obj (.data)
                  200005a8    00000008     bsp_can.obj (.data:TxData)
                  200005b0    00000008     uart_parser.obj (.data)
                  200005b8    00000006     bsp_can.obj (.data)

.stack     0    20000270    00000200     UNINITIALIZED
                  20000270    00000004     rtsv7M4_T_le_v4SPD16_eabi.lib : boot_cortex_m.c.obj (.stack)
                  20000274    000001fc     --HOLE--

__llvm_prf_cnts 
*          0    20000000    00000000     UNINITIALIZED

MODULE SUMMARY

       Module                       code   ro data   rw data
       ------                       ----   -------   -------
    .\
       startup_ccs.obj              12     620       0      
       main.obj                     348    0         16     
    +--+----------------------------+------+---------+---------+
       Total:                       360    620       16     
                                                            
    .\bsp\
       bsp_can.obj                  828    0         214    
       uart_parser.obj              712    0         48     
       follow_line.obj              642    0         47     
       bsp_key.obj                  192    0         0      
       bsp_adc.obj                  144    0         4      
       bsp_led.obj                  60     0         0      
       bsp_buzzer.obj               52     0         0      
    +--+----------------------------+------+---------+---------+
       Total:                       2630   0         313    
                                                            
    C:/ti/ccs1200/tivaware_c_series_2_1_4_178/driverlib/ccs/Debug/driverlib.lib
       gpio.obj                     702    552       0      
       can.obj                      1088   32        0      
       interrupt.obj                172    112       620    
       sysctl.obj                   630    108       0      
       adc.obj                      326    0         0      
       cpu.obj                      12     0         0      
    +--+----------------------------+------+---------+---------+
       Total:                       2930   804       620    
                                                            
    C:\ti\ccs1200\ccs\tools\compiler\ti-cgt-arm_20.2.6.LTS\lib\rtsv7M4_T_le_v4SPD16_eabi.lib
       ctype.c.obj                  0      257       0      
       memcpy_t2.asm.obj            156    0         0      
       copy_decompress_lzss.c.obj   104    0         0      
       atoi.c.obj                   76     0         0      
       autoinit.c.obj               68     0         0      
       boot_cortex_m.c.obj          52     0         0      
       copy_zero_init.c.obj         28     0         0      
       copy_decompress_none.c.obj   14     0         0      
       exit.c.obj                   4      0         0      
       pre_init.c.obj               4      0         0      
    +--+----------------------------+------+---------+---------+
       Total:                       506    257       0      
                                                            
       Stack:                       0      0         512    
       Linker Generated:            0      100       0      
    +--+----------------------------+------+---------+---------+
       Grand Total:                 6426   1781      1461   


LINKER GENERATED COPY TABLES

__TI_cinit_table @ 00002008 records: 3, size/record: 8, table size: 24
	.data: load addr=00001fb8, load size=00000030 bytes, run addr=20000548, run size=00000076 bytes, compression=lzss
	.bss: load addr=00001ff8, load size=00000008 bytes, run addr=20000470, run size=000000d6 bytes, compression=zero_init
	.vtable: load addr=00002000, load size=00000008 bytes, run addr=20000000, run size=0000026c bytes, compression=zero_init


LINKER GENERATED HANDLER TABLE

__TI_handler_table @ 00001fe8 records: 3, size/record: 4, table size: 12
	index: 0, handler: __TI_zero_init
	index: 1, handler: __TI_decompress_lzss
	index: 2, handler: __TI_decompress_none


GLOBAL SYMBOLS: SORTED ALPHABETICALLY BY Name 

address   name                          
-------   ----                          
00001b4b  ADCIntClear                   
00001891  ADCIntStatus                  
00001a47  ADCProcessorTrigger           
000014f9  ADCSequenceConfigure          
00001a0d  ADCSequenceDataGet            
00001b09  ADCSequenceEnable             
00001115  ADCSequenceStepConfigure      
00001b89  C$$EXIT                       
00001201  CANBitRateSet                 
00001b55  CANEnable                     
00001781  CANInit                       
000019a9  CANIntClear                   
00001b5f  CANIntEnable                  
00001549  CANIntHandler                 
00001a5f  CANIntRegister                
000019cb  CANIntStatus                  
00000861  CANMessageGet                 
000003c9  CANMessageSet                 
00001705  CANStatusGet                  
00001b33  CPUcpsie                      
000018bf  GPIODirModeSet                
00001b67  GPIOIntClear                  
00001b3f  GPIOIntEnable                 
00001a77  GPIOIntRegister               
00001b17  GPIOIntStatus                 
0000144d  GPIOIntTypeSet                
000004ff  GPIOPadConfigSet              
00001635  GPIOPinConfigure              
00001b6d  GPIOPinRead                   
00001ad5  GPIOPinTypeADC                
00001ae7  GPIOPinTypeCAN                
00001a8f  GPIOPinTypeGPIOOutput         
00001b73  GPIOPinWrite                  
0000126d  IntEnable                     
00001af9  IntMasterEnable               
000017f5  IntRegister                   
00001b79  ResetISR                      
00000751  SysCtlClockGet                
00000971  SysCtlClockSet                
00001b7f  SysCtlDelay                   
00001829  SysCtlPeripheralEnable        
000017bd  SysCtlPeripheralReady         
200005a8  TxData                        
200004f0  TxHeader                      
00000f55  UART1IntHandler               
00000b59  UART2IntHandler               
00001915  UART2Send                     
00000631  UARTInit                      
20000470  __STACK_END                   
00000200  __STACK_SIZE                  
20000470  __STACK_TOP                   
00002008  __TI_CINIT_Base               
00002020  __TI_CINIT_Limit              
00001fe8  __TI_Handler_Table_Base       
00001ff4  __TI_Handler_Table_Limit      
000016c1  __TI_auto_init_nobinit_nopinit
000012d5  __TI_decompress_lzss          
00001b25  __TI_decompress_none          
ffffffff  __TI_pprof_out_hndl           
ffffffff  __TI_prof_data_size           
ffffffff  __TI_prof_data_start          
00000000  __TI_static_base__            
00001a2b  __TI_zero_init_nomemset       
00000ff1  __aeabi_memcpy                
00000ff1  __aeabi_memcpy4               
00000ff1  __aeabi_memcpy8               
ffffffff  __binit__                     
ffffffff  __c_args__                    
UNDEFED   __mpu_init                    
20000270  __stack                       
20000000  __start___llvm_prf_cnts       
20000000  __stop___llvm_prf_cnts        
0000185d  _c_int00_noargs               
00001b8c  _ctypes_                      
UNDEFED   _system_post_cinit            
00001b85  _system_pre_init              
00001b89  abort                         
000015e9  atoi                          
ffffffff  binit                         
000014a5  bsp_adc_init                  
00001745  bsp_adc_read                  
000019ed  bsp_buzzer_init               
00001ac1  bsp_buzzer_set                
0000108d  bsp_can_get_feedback          
00000df5  bsp_can_init                  
000013f5  bsp_can_pid_param_init        
00001399  bsp_can_set_current           
00001961  bsp_can_set_speed             
00001191  bsp_key_init                  
00001985  bsp_led_init                  
00001aa9  bsp_led_set                   
2000054c  delta_value                   
200005bd  g_bErrFlag                    
200005bc  g_bRXFlag                     
20000000  g_pfnRAMVectors               
00000000  g_pfnVectors                  
200005b8  g_ui32MsgCount                
00001599  io_interrupt                  
20000518  m2006_angle                   
20000520  m2006_speed                   
20000528  m2006_torque                  
0000026d  main                          
00000ff1  memcpy                        
20000548  now_task                      
20000470  pid_speed                     
20000538  pui32ADC0Value                
20000530  pui8MsgData                   
20000598  running_state                 
20000504  sCANMessage                   
00000d1d  speed_pid_realize             
2000054a  target_value                  
00000ea9  task1                         
20000552  task1_Kp                      
20000550  task1_avg_speed               
2000054e  task1_target_distance         
20000540  task1_temp_avg_speed          
20000554  task1_u                       
00000c3d  task2                         
2000055c  task2_Kp                      
20000558  task2_avg_speed               
2000055a  task2_base_speed              
20000556  task2_target_distance         
20000542  task2_temp_avg_speed          
20000560  task2_track                   
2000055e  task2_u                       
000017bb  task3                         
00000a65  task4                         
20000568  task4_Kp                      
20000564  task4_avg_speed               
20000566  task4_base_speed              
20000562  task4_target_distance         
20000544  task4_temp_avg_speed          
2000056c  task4_track                   
2000056a  task4_u                       
20000549  task_num                      
2000056d  uart1_receive_buffer          
200005b0  uart1_receive_count           
200005b1  uart1_received_command        
200005b2  uart1_received_value          
20000581  uart2_receive_buffer          
200005b4  uart2_receive_count           
200005b5  uart2_received_command        
200005b6  uart2_received_value          
2000053c  ultrasonic_value              


GLOBAL SYMBOLS: SORTED BY Symbol Address 

address   name                          
-------   ----                          
00000000  __TI_static_base__            
00000000  g_pfnVectors                  
00000200  __STACK_SIZE                  
0000026d  main                          
000003c9  CANMessageSet                 
000004ff  GPIOPadConfigSet              
00000631  UARTInit                      
00000751  SysCtlClockGet                
00000861  CANMessageGet                 
00000971  SysCtlClockSet                
00000a65  task4                         
00000b59  UART2IntHandler               
00000c3d  task2                         
00000d1d  speed_pid_realize             
00000df5  bsp_can_init                  
00000ea9  task1                         
00000f55  UART1IntHandler               
00000ff1  __aeabi_memcpy                
00000ff1  __aeabi_memcpy4               
00000ff1  __aeabi_memcpy8               
00000ff1  memcpy                        
0000108d  bsp_can_get_feedback          
00001115  ADCSequenceStepConfigure      
00001191  bsp_key_init                  
00001201  CANBitRateSet                 
0000126d  IntEnable                     
000012d5  __TI_decompress_lzss          
00001399  bsp_can_set_current           
000013f5  bsp_can_pid_param_init        
0000144d  GPIOIntTypeSet                
000014a5  bsp_adc_init                  
000014f9  ADCSequenceConfigure          
00001549  CANIntHandler                 
00001599  io_interrupt                  
000015e9  atoi                          
00001635  GPIOPinConfigure              
000016c1  __TI_auto_init_nobinit_nopinit
00001705  CANStatusGet                  
00001745  bsp_adc_read                  
00001781  CANInit                       
000017bb  task3                         
000017bd  SysCtlPeripheralReady         
000017f5  IntRegister                   
00001829  SysCtlPeripheralEnable        
0000185d  _c_int00_noargs               
00001891  ADCIntStatus                  
000018bf  GPIODirModeSet                
00001915  UART2Send                     
00001961  bsp_can_set_speed             
00001985  bsp_led_init                  
000019a9  CANIntClear                   
000019cb  CANIntStatus                  
000019ed  bsp_buzzer_init               
00001a0d  ADCSequenceDataGet            
00001a2b  __TI_zero_init_nomemset       
00001a47  ADCProcessorTrigger           
00001a5f  CANIntRegister                
00001a77  GPIOIntRegister               
00001a8f  GPIOPinTypeGPIOOutput         
00001aa9  bsp_led_set                   
00001ac1  bsp_buzzer_set                
00001ad5  GPIOPinTypeADC                
00001ae7  GPIOPinTypeCAN                
00001af9  IntMasterEnable               
00001b09  ADCSequenceEnable             
00001b17  GPIOIntStatus                 
00001b25  __TI_decompress_none          
00001b33  CPUcpsie                      
00001b3f  GPIOIntEnable                 
00001b4b  ADCIntClear                   
00001b55  CANEnable                     
00001b5f  CANIntEnable                  
00001b67  GPIOIntClear                  
00001b6d  GPIOPinRead                   
00001b73  GPIOPinWrite                  
00001b79  ResetISR                      
00001b7f  SysCtlDelay                   
00001b85  _system_pre_init              
00001b89  C$$EXIT                       
00001b89  abort                         
00001b8c  _ctypes_                      
00001fe8  __TI_Handler_Table_Base       
00001ff4  __TI_Handler_Table_Limit      
00002008  __TI_CINIT_Base               
00002020  __TI_CINIT_Limit              
20000000  __start___llvm_prf_cnts       
20000000  __stop___llvm_prf_cnts        
20000000  g_pfnRAMVectors               
20000270  __stack                       
20000470  __STACK_END                   
20000470  __STACK_TOP                   
20000470  pid_speed                     
200004f0  TxHeader                      
20000504  sCANMessage                   
20000518  m2006_angle                   
20000520  m2006_speed                   
20000528  m2006_torque                  
20000530  pui8MsgData                   
20000538  pui32ADC0Value                
2000053c  ultrasonic_value              
20000540  task1_temp_avg_speed          
20000542  task2_temp_avg_speed          
20000544  task4_temp_avg_speed          
20000548  now_task                      
20000549  task_num                      
2000054a  target_value                  
2000054c  delta_value                   
2000054e  task1_target_distance         
20000550  task1_avg_speed               
20000552  task1_Kp                      
20000554  task1_u                       
20000556  task2_target_distance         
20000558  task2_avg_speed               
2000055a  task2_base_speed              
2000055c  task2_Kp                      
2000055e  task2_u                       
20000560  task2_track                   
20000562  task4_target_distance         
20000564  task4_avg_speed               
20000566  task4_base_speed              
20000568  task4_Kp                      
2000056a  task4_u                       
2000056c  task4_track                   
2000056d  uart1_receive_buffer          
20000581  uart2_receive_buffer          
20000598  running_state                 
200005a8  TxData                        
200005b0  uart1_receive_count           
200005b1  uart1_received_command        
200005b2  uart1_received_value          
200005b4  uart2_receive_count           
200005b5  uart2_received_command        
200005b6  uart2_received_value          
200005b8  g_ui32MsgCount                
200005bc  g_bRXFlag                     
200005bd  g_bErrFlag                    
ffffffff  __TI_pprof_out_hndl           
ffffffff  __TI_prof_data_size           
ffffffff  __TI_prof_data_start          
ffffffff  __binit__                     
ffffffff  __c_args__                    
ffffffff  binit                         
UNDEFED   __mpu_init                    
UNDEFED   _system_post_cinit            

[144 symbols]
