******************************************************************************
                  TI ARM Linker PC v20.2.6                     
******************************************************************************
>> Linked Fri Jul 29 12:45:30 2022

OUTPUT FILE NAME:   <car_follower.out>
ENTRY POINT SYMBOL: "_c_int00_noargs"  address: 00001591


MEMORY CONFIGURATION

         name            origin    length      used     unused   attr    fill
----------------------  --------  ---------  --------  --------  ----  --------
  FLASH                 00000000   00040000  00001d20  0003e2e0  R  X
  SRAM                  20000000   00008000  00000589  00007a77  RW X


SEGMENT ALLOCATION MAP

run origin  load origin   length   init length attrs members
----------  ----------- ---------- ----------- ----- -------
00000000    00000000    00001d20   00001d20    r-x
  00000000    00000000    0000026c   0000026c    r-- .intvecs
  0000026c    0000026c    00001644   00001644    r-x .text
  000018b0    000018b0    00000428   00000428    r-- .const
  00001cd8    00001cd8    00000048   00000048    r-- .cinit
20000000    20000000    0000058f   00000000    rw-
  20000000    20000000    0000026c   00000000    rw- .vtable
  20000270    20000270    00000200   00000000    rw- .stack
  20000470    20000470    000000d2   00000000    rw- .bss
  20000544    20000544    0000004b   00000000    rw- .data


SECTION ALLOCATION MAP

 output                                  attributes/
section   page    origin      length       input sections
--------  ----  ----------  ----------   ----------------
.intvecs   0    00000000    0000026c     
                  00000000    0000026c     startup_ccs.obj (.intvecs)

.text      0    0000026c    00001644     
                  0000026c    00000136     driverlib.lib : can.obj (.text:CANMessageSet)
                  000003a2    00000132                   : gpio.obj (.text:GPIOPadConfigSet)
                  000004d4    00000120     uart_parser.obj (.text:UARTInit)
                  000005f4    00000110     driverlib.lib : sysctl.obj (.text:SysCtlClockGet)
                  00000704    0000010e                   : can.obj (.text:CANMessageGet)
                  00000812    00000002     startup_ccs.obj (.text:FaultISR)
                  00000814    000000f4     driverlib.lib : sysctl.obj (.text:SysCtlClockSet)
                  00000908    000000d8     bsp_can.obj (.text:speed_pid_realize)
                  000009e0    000000b8     uart_parser.obj (.text:UART2IntHandler)
                  00000a98    000000b4     bsp_can.obj (.text:bsp_can_init)
                  00000b4c    000000ac     main.obj (.text:main)
                  00000bf8    0000009c     uart_parser.obj (.text:UART1IntHandler)
                  00000c94    0000009c     rtsv7M4_T_le_v4SPD16_eabi.lib : memcpy_t2.asm.obj (.text)
                  00000d30    00000090     follow_line.obj (.text:task1)
                  00000dc0    00000088     bsp_can.obj (.text:bsp_can_get_feedback)
                  00000e48    0000007a     driverlib.lib : adc.obj (.text:ADCSequenceStepConfigure)
                  00000ec2    00000002     startup_ccs.obj (.text:IntDefaultHandler)
                  00000ec4    00000070     bsp_key.obj (.text:bsp_key_init)
                  00000f34    0000006c     driverlib.lib : can.obj (.text:CANBitRateSet)
                  00000fa0    00000068                   : interrupt.obj (.text:IntEnable)
                  00001008    00000068     rtsv7M4_T_le_v4SPD16_eabi.lib : copy_decompress_lzss.c.obj (.text:decompress:lzss:__TI_decompress_lzss)
                  00001070    0000005c     driverlib.lib : can.obj (.text:_CANIntNumberGet)
                  000010cc    0000005c     bsp_can.obj (.text:bsp_can_set_current)
                  00001128    00000058     bsp_can.obj (.text:bsp_can_pid_param_init)
                  00001180    00000056     driverlib.lib : gpio.obj (.text:GPIOIntTypeSet)
                  000011d6    00000002     startup_ccs.obj (.text:NmiSR)
                  000011d8    00000054     bsp_adc.obj (.text:bsp_adc_init)
                  0000122c    00000050     driverlib.lib : adc.obj (.text:ADCSequenceConfigure)
                  0000127c    00000050     bsp_can.obj (.text:CANIntHandler)
                  000012cc    00000050     bsp_key.obj (.text:io_interrupt)
                  0000131c    0000004c     rtsv7M4_T_le_v4SPD16_eabi.lib : atoi.c.obj (.text:atoi)
                  00001368    00000048     driverlib.lib : gpio.obj (.text:GPIOPinConfigure)
                  000013b0    00000044                   : gpio.obj (.text:_GPIOIntNumberGet)
                  000013f4    00000044     rtsv7M4_T_le_v4SPD16_eabi.lib : autoinit.c.obj (.text:__TI_auto_init_nobinit_nopinit:__TI_auto_init_nobinit_nopinit)
                  00001438    00000040     driverlib.lib : can.obj (.text:CANStatusGet)
                  00001478    0000003c     bsp_adc.obj (.text:bsp_adc_read)
                  000014b4    0000003a     driverlib.lib : can.obj (.text:CANInit)
                  000014ee    00000002     --HOLE-- [fill = 0]
                  000014f0    00000038                   : sysctl.obj (.text:SysCtlPeripheralReady)
                  00001528    00000034                   : interrupt.obj (.text:IntRegister)
                  0000155c    00000034                   : sysctl.obj (.text:SysCtlPeripheralEnable)
                  00001590    00000034     rtsv7M4_T_le_v4SPD16_eabi.lib : boot_cortex_m.c.obj (.text:_c_int00_noargs:_c_int00_noargs)
                  000015c4    0000002e     driverlib.lib : adc.obj (.text:ADCIntStatus)
                  000015f2    0000002a                   : gpio.obj (.text:GPIODirModeSet)
                  0000161c    0000002a                   : can.obj (.text:_CANDataRegRead)
                  00001646    00000002     --HOLE-- [fill = 0]
                  00001648    00000028     uart_parser.obj (.text:UART2Send)
                  00001670    00000024     driverlib.lib : can.obj (.text:_CANDataRegWrite)
                  00001694    00000024     bsp_can.obj (.text:bsp_can_set_speed)
                  000016b8    00000022     driverlib.lib : can.obj (.text:CANIntClear)
                  000016da    00000020                   : can.obj (.text:CANIntStatus)
                  000016fa    0000001e                   : adc.obj (.text:ADCSequenceDataGet)
                  00001718    0000001c     bsp_buzzer.obj (.text:bsp_buzzer_init)
                  00001734    0000001c     bsp_led.obj (.text:bsp_led_init)
                  00001750    0000001c     rtsv7M4_T_le_v4SPD16_eabi.lib : copy_zero_init.c.obj (.text:decompress:ZI:__TI_zero_init_nomemset:__TI_zero_init_nomemset)
                  0000176c    00000018     driverlib.lib : adc.obj (.text:ADCProcessorTrigger)
                  00001784    00000018                   : can.obj (.text:CANIntRegister)
                  0000179c    00000018                   : gpio.obj (.text:GPIOIntRegister)
                  000017b4    00000018                   : gpio.obj (.text:GPIOPinTypeGPIOOutput)
                  000017cc    00000018     bsp_led.obj (.text:bsp_led_set)
                  000017e4    00000014     bsp_buzzer.obj (.text:bsp_buzzer_set)
                  000017f8    00000012     driverlib.lib : gpio.obj (.text:GPIOPinTypeADC)
                  0000180a    00000012                   : gpio.obj (.text:GPIOPinTypeCAN)
                  0000181c    00000010                   : interrupt.obj (.text:IntMasterEnable)
                  0000182c    0000000e                   : adc.obj (.text:ADCSequenceEnable)
                  0000183a    0000000e                   : gpio.obj (.text:GPIOIntStatus)
                  00001848    0000000e     rtsv7M4_T_le_v4SPD16_eabi.lib : copy_decompress_none.c.obj (.text:decompress:none:__TI_decompress_none)
                  00001856    0000000c     driverlib.lib : cpu.obj (.text:CPUcpsie)
                  00001862    0000000c                   : gpio.obj (.text:GPIOIntEnable)
                  0000186e    0000000a                   : adc.obj (.text:ADCIntClear)
                  00001878    0000000a                   : can.obj (.text:CANEnable)
                  00001882    00000008                   : can.obj (.text:CANIntEnable)
                  0000188a    00000006                   : gpio.obj (.text:GPIOIntClear)
                  00001890    00000006                   : gpio.obj (.text:GPIOPinRead)
                  00001896    00000006                   : gpio.obj (.text:GPIOPinWrite)
                  0000189c    00000006     startup_ccs.obj (.text:ResetISR)
                  000018a2    00000006     driverlib.lib : sysctl.obj (.text:SysCtlDelay)
                  000018a8    00000004     rtsv7M4_T_le_v4SPD16_eabi.lib : pre_init.c.obj (.text:_system_pre_init)
                  000018ac    00000004                                   : exit.c.obj (.text:abort:abort)

.const     0    000018b0    00000428     
                  000018b0    00000101     rtsv7M4_T_le_v4SPD16_eabi.lib : ctype.c.obj (.const:.string:_ctypes_)
                  000019b1    00000003     --HOLE-- [fill = 0]
                  000019b4    000000d8     driverlib.lib : gpio.obj (.const:g_ppui32GPIOIntMapSnowflake)
                  00001a8c    000000c0                   : gpio.obj (.const:g_ppui32GPIOIntMapBlizzard)
                  00001b4c    00000090                   : gpio.obj (.const:g_pui32GPIOBaseAddrs)
                  00001bdc    00000070                   : interrupt.obj (.const)
                  00001c4c    0000006c                   : sysctl.obj (.const:g_pui32Xtals)
                  00001cb8    00000020                   : can.obj (.const)

.cinit     0    00001cd8    00000048     
                  00001cd8    00000014     (.cinit..data.load) [load image, compression = lzss]
                  00001cec    0000000c     (__TI_handler_table)
                  00001cf8    00000008     (.cinit..bss.load) [load image, compression = zero_init]
                  00001d00    00000008     (.cinit..vtable.load) [load image, compression = zero_init]
                  00001d08    00000018     (__TI_cinit_table)

.init_array 
*          0    00000000    00000000     UNINITIALIZED

.vtable    0    20000000    0000026c     UNINITIALIZED
                  20000000    0000026c     driverlib.lib : interrupt.obj (.vtable)

.bss       0    20000470    000000d2     UNINITIALIZED
                  20000470    00000080     (.common:pid_speed)
                  200004f0    00000014     (.common:TxHeader)
                  20000504    00000014     (.common:sCANMessage)
                  20000518    00000008     (.common:m2006_angle)
                  20000520    00000008     (.common:m2006_speed)
                  20000528    00000008     (.common:m2006_torque)
                  20000530    00000008     (.common:pui8MsgData)
                  20000538    00000004     (.common:pui32ADC0Value)
                  2000053c    00000004     (.common:ultrasonic_value)
                  20000540    00000002     (.common:task1_temp_avg_speed)

.data      0    20000544    0000004b     UNINITIALIZED
                  20000544    00000014     uart_parser.obj (.data:uart1_receive_buffer)
                  20000558    00000014     uart_parser.obj (.data:uart2_receive_buffer)
                  2000056c    0000000c     follow_line.obj (.data)
                  20000578    00000008     bsp_can.obj (.data:TxData)
                  20000580    00000008     uart_parser.obj (.data)
                  20000588    00000006     bsp_can.obj (.data)
                  2000058e    00000001     bsp_key.obj (.data)

.stack     0    20000270    00000200     UNINITIALIZED
                  20000270    00000004     rtsv7M4_T_le_v4SPD16_eabi.lib : boot_cortex_m.c.obj (.stack)
                  20000274    000001fc     --HOLE--

__llvm_prf_cnts 
*          0    20000000    00000000     UNINITIALIZED

MODULE SUMMARY

       Module                       code   ro data   rw data
       ------                       ----   -------   -------
    .\
       startup_ccs.obj              12     620       0      
       main.obj                     172    0         0      
    +--+----------------------------+------+---------+---------+
       Total:                       184    620       0      
                                                            
    .\bsp\
       bsp_can.obj                  828    0         214    
       uart_parser.obj              668    0         48     
       bsp_key.obj                  192    0         1      
       follow_line.obj              144    0         18     
       bsp_adc.obj                  144    0         4      
       bsp_led.obj                  52     0         0      
       bsp_buzzer.obj               48     0         0      
    +--+----------------------------+------+---------+---------+
       Total:                       2076   0         285    
                                                            
    C:/ti/ccs1200/tivaware_c_series_2_1_4_178/driverlib/ccs/Debug/driverlib.lib
       gpio.obj                     702    552       0      
       can.obj                      1088   32        0      
       interrupt.obj                172    112       620    
       sysctl.obj                   630    108       0      
       adc.obj                      326    0         0      
       cpu.obj                      12     0         0      
    +--+----------------------------+------+---------+---------+
       Total:                       2930   804       620    
                                                            
    C:\ti\ccs1200\ccs\tools\compiler\ti-cgt-arm_20.2.6.LTS\lib\rtsv7M4_T_le_v4SPD16_eabi.lib
       ctype.c.obj                  0      257       0      
       memcpy_t2.asm.obj            156    0         0      
       copy_decompress_lzss.c.obj   104    0         0      
       atoi.c.obj                   76     0         0      
       autoinit.c.obj               68     0         0      
       boot_cortex_m.c.obj          52     0         0      
       copy_zero_init.c.obj         28     0         0      
       copy_decompress_none.c.obj   14     0         0      
       exit.c.obj                   4      0         0      
       pre_init.c.obj               4      0         0      
    +--+----------------------------+------+---------+---------+
       Total:                       506    257       0      
                                                            
       Stack:                       0      0         512    
       Linker Generated:            0      72        0      
    +--+----------------------------+------+---------+---------+
       Grand Total:                 5696   1753      1417   


LINKER GENERATED COPY TABLES

__TI_cinit_table @ 00001d08 records: 3, size/record: 8, table size: 24
	.data: load addr=00001cd8, load size=00000014 bytes, run addr=20000544, run size=0000004b bytes, compression=lzss
	.bss: load addr=00001cf8, load size=00000008 bytes, run addr=20000470, run size=000000d2 bytes, compression=zero_init
	.vtable: load addr=00001d00, load size=00000008 bytes, run addr=20000000, run size=0000026c bytes, compression=zero_init


LINKER GENERATED HANDLER TABLE

__TI_handler_table @ 00001cec records: 3, size/record: 4, table size: 12
	index: 0, handler: __TI_zero_init
	index: 1, handler: __TI_decompress_lzss
	index: 2, handler: __TI_decompress_none


GLOBAL SYMBOLS: SORTED ALPHABETICALLY BY Name 

address   name                          
-------   ----                          
0000186f  ADCIntClear                   
000015c5  ADCIntStatus                  
0000176d  ADCProcessorTrigger           
0000122d  ADCSequenceConfigure          
000016fb  ADCSequenceDataGet            
0000182d  ADCSequenceEnable             
00000e49  ADCSequenceStepConfigure      
000018ad  C$$EXIT                       
00000f35  CANBitRateSet                 
00001879  CANEnable                     
000014b5  CANInit                       
000016b9  CANIntClear                   
00001883  CANIntEnable                  
0000127d  CANIntHandler                 
00001785  CANIntRegister                
000016db  CANIntStatus                  
00000705  CANMessageGet                 
0000026d  CANMessageSet                 
00001439  CANStatusGet                  
00001857  CPUcpsie                      
000015f3  GPIODirModeSet                
0000188b  GPIOIntClear                  
00001863  GPIOIntEnable                 
0000179d  GPIOIntRegister               
0000183b  GPIOIntStatus                 
00001181  GPIOIntTypeSet                
000003a3  GPIOPadConfigSet              
00001369  GPIOPinConfigure              
00001891  GPIOPinRead                   
000017f9  GPIOPinTypeADC                
0000180b  GPIOPinTypeCAN                
000017b5  GPIOPinTypeGPIOOutput         
00001897  GPIOPinWrite                  
00000fa1  IntEnable                     
0000181d  IntMasterEnable               
00001529  IntRegister                   
20000574  Kp                            
0000189d  ResetISR                      
000005f5  SysCtlClockGet                
00000815  SysCtlClockSet                
000018a3  SysCtlDelay                   
0000155d  SysCtlPeripheralEnable        
000014f1  SysCtlPeripheralReady         
20000578  TxData                        
200004f0  TxHeader                      
00000bf9  UART1IntHandler               
000009e1  UART2IntHandler               
00001649  UART2Send                     
000004d5  UARTInit                      
20000470  __STACK_END                   
00000200  __STACK_SIZE                  
20000470  __STACK_TOP                   
00001d08  __TI_CINIT_Base               
00001d20  __TI_CINIT_Limit              
00001cec  __TI_Handler_Table_Base       
00001cf8  __TI_Handler_Table_Limit      
000013f5  __TI_auto_init_nobinit_nopinit
00001009  __TI_decompress_lzss          
00001849  __TI_decompress_none          
ffffffff  __TI_pprof_out_hndl           
ffffffff  __TI_prof_data_size           
ffffffff  __TI_prof_data_start          
00000000  __TI_static_base__            
00001751  __TI_zero_init_nomemset       
00000c95  __aeabi_memcpy                
00000c95  __aeabi_memcpy4               
00000c95  __aeabi_memcpy8               
ffffffff  __binit__                     
ffffffff  __c_args__                    
UNDEFED   __mpu_init                    
20000270  __stack                       
20000000  __start___llvm_prf_cnts       
20000000  __stop___llvm_prf_cnts        
00001591  _c_int00_noargs               
000018b0  _ctypes_                      
UNDEFED   _system_post_cinit            
000018a9  _system_pre_init              
000018ad  abort                         
0000131d  atoi                          
ffffffff  binit                         
000011d9  bsp_adc_init                  
00001479  bsp_adc_read                  
00001719  bsp_buzzer_init               
000017e5  bsp_buzzer_set                
00000dc1  bsp_can_get_feedback          
00000a99  bsp_can_init                  
00001129  bsp_can_pid_param_init        
000010cd  bsp_can_set_current           
00001695  bsp_can_set_speed             
2000058e  bsp_key_flag                  
00000ec5  bsp_key_init                  
00001735  bsp_led_init                  
000017cd  bsp_led_set                   
2000056e  delta_value                   
2000058d  g_bErrFlag                    
2000058c  g_bRXFlag                     
20000000  g_pfnRAMVectors               
00000000  g_pfnVectors                  
20000588  g_ui32MsgCount                
000012cd  io_interrupt                  
20000518  m2006_angle                   
20000520  m2006_speed                   
20000528  m2006_torque                  
00000b4d  main                          
00000c95  memcpy                        
20000470  pid_speed                     
20000538  pui32ADC0Value                
20000530  pui8MsgData                   
20000504  sCANMessage                   
00000909  speed_pid_realize             
2000056c  target_value                  
00000d31  task1                         
20000572  task1_avg_speed               
20000570  task1_target_distance         
20000540  task1_temp_avg_speed          
20000576  u                             
20000544  uart1_receive_buffer          
20000580  uart1_receive_count           
20000581  uart1_received_command        
20000582  uart1_received_value          
20000558  uart2_receive_buffer          
20000584  uart2_receive_count           
20000585  uart2_received_command        
20000586  uart2_received_value          
2000053c  ultrasonic_value              


GLOBAL SYMBOLS: SORTED BY Symbol Address 

address   name                          
-------   ----                          
00000000  __TI_static_base__            
00000000  g_pfnVectors                  
00000200  __STACK_SIZE                  
0000026d  CANMessageSet                 
000003a3  GPIOPadConfigSet              
000004d5  UARTInit                      
000005f5  SysCtlClockGet                
00000705  CANMessageGet                 
00000815  SysCtlClockSet                
00000909  speed_pid_realize             
000009e1  UART2IntHandler               
00000a99  bsp_can_init                  
00000b4d  main                          
00000bf9  UART1IntHandler               
00000c95  __aeabi_memcpy                
00000c95  __aeabi_memcpy4               
00000c95  __aeabi_memcpy8               
00000c95  memcpy                        
00000d31  task1                         
00000dc1  bsp_can_get_feedback          
00000e49  ADCSequenceStepConfigure      
00000ec5  bsp_key_init                  
00000f35  CANBitRateSet                 
00000fa1  IntEnable                     
00001009  __TI_decompress_lzss          
000010cd  bsp_can_set_current           
00001129  bsp_can_pid_param_init        
00001181  GPIOIntTypeSet                
000011d9  bsp_adc_init                  
0000122d  ADCSequenceConfigure          
0000127d  CANIntHandler                 
000012cd  io_interrupt                  
0000131d  atoi                          
00001369  GPIOPinConfigure              
000013f5  __TI_auto_init_nobinit_nopinit
00001439  CANStatusGet                  
00001479  bsp_adc_read                  
000014b5  CANInit                       
000014f1  SysCtlPeripheralReady         
00001529  IntRegister                   
0000155d  SysCtlPeripheralEnable        
00001591  _c_int00_noargs               
000015c5  ADCIntStatus                  
000015f3  GPIODirModeSet                
00001649  UART2Send                     
00001695  bsp_can_set_speed             
000016b9  CANIntClear                   
000016db  CANIntStatus                  
000016fb  ADCSequenceDataGet            
00001719  bsp_buzzer_init               
00001735  bsp_led_init                  
00001751  __TI_zero_init_nomemset       
0000176d  ADCProcessorTrigger           
00001785  CANIntRegister                
0000179d  GPIOIntRegister               
000017b5  GPIOPinTypeGPIOOutput         
000017cd  bsp_led_set                   
000017e5  bsp_buzzer_set                
000017f9  GPIOPinTypeADC                
0000180b  GPIOPinTypeCAN                
0000181d  IntMasterEnable               
0000182d  ADCSequenceEnable             
0000183b  GPIOIntStatus                 
00001849  __TI_decompress_none          
00001857  CPUcpsie                      
00001863  GPIOIntEnable                 
0000186f  ADCIntClear                   
00001879  CANEnable                     
00001883  CANIntEnable                  
0000188b  GPIOIntClear                  
00001891  GPIOPinRead                   
00001897  GPIOPinWrite                  
0000189d  ResetISR                      
000018a3  SysCtlDelay                   
000018a9  _system_pre_init              
000018ad  C$$EXIT                       
000018ad  abort                         
000018b0  _ctypes_                      
00001cec  __TI_Handler_Table_Base       
00001cf8  __TI_Handler_Table_Limit      
00001d08  __TI_CINIT_Base               
00001d20  __TI_CINIT_Limit              
20000000  __start___llvm_prf_cnts       
20000000  __stop___llvm_prf_cnts        
20000000  g_pfnRAMVectors               
20000270  __stack                       
20000470  __STACK_END                   
20000470  __STACK_TOP                   
20000470  pid_speed                     
200004f0  TxHeader                      
20000504  sCANMessage                   
20000518  m2006_angle                   
20000520  m2006_speed                   
20000528  m2006_torque                  
20000530  pui8MsgData                   
20000538  pui32ADC0Value                
2000053c  ultrasonic_value              
20000540  task1_temp_avg_speed          
20000544  uart1_receive_buffer          
20000558  uart2_receive_buffer          
2000056c  target_value                  
2000056e  delta_value                   
20000570  task1_target_distance         
20000572  task1_avg_speed               
20000574  Kp                            
20000576  u                             
20000578  TxData                        
20000580  uart1_receive_count           
20000581  uart1_received_command        
20000582  uart1_received_value          
20000584  uart2_receive_count           
20000585  uart2_received_command        
20000586  uart2_received_value          
20000588  g_ui32MsgCount                
2000058c  g_bRXFlag                     
2000058d  g_bErrFlag                    
2000058e  bsp_key_flag                  
ffffffff  __TI_pprof_out_hndl           
ffffffff  __TI_prof_data_size           
ffffffff  __TI_prof_data_start          
ffffffff  __binit__                     
ffffffff  __c_args__                    
ffffffff  binit                         
UNDEFED   __mpu_init                    
UNDEFED   _system_post_cinit            

[125 symbols]
