******************************************************************************
                  TI ARM Linker PC v20.2.6                     
******************************************************************************
>> Linked Sat Jul 30 02:15:45 2022

OUTPUT FILE NAME:   <car_follower.out>
ENTRY POINT SYMBOL: "_c_int00_noargs"  address: 00001755


MEMORY CONFIGURATION

         name            origin    length      used     unused   attr    fill
----------------------  --------  ---------  --------  --------  ----  --------
  FLASH                 00000000   00040000  00001f04  0003e0fc  R  X
  SRAM                  20000000   00008000  000005aa  00007a56  RW X


SEGMENT ALLOCATION MAP

run origin  load origin   length   init length attrs members
----------  ----------- ---------- ----------- ----- -------
00000000    00000000    00001f08   00001f08    r-x
  00000000    00000000    0000026c   0000026c    r-- .intvecs
  0000026c    0000026c    00001818   00001818    r-x .text
  00001a84    00001a84    00000428   00000428    r-- .const
  00001eb0    00001eb0    00000058   00000058    r-- .cinit
20000000    20000000    000005ae   00000000    rw-
  20000000    20000000    0000026c   00000000    rw- .vtable
  20000270    20000270    00000200   00000000    rw- .stack
  20000470    20000470    000000d4   00000000    rw- .bss
  20000544    20000544    0000006a   00000000    rw- .data


SECTION ALLOCATION MAP

 output                                  attributes/
section   page    origin      length       input sections
--------  ----  ----------  ----------   ----------------
.intvecs   0    00000000    0000026c     
                  00000000    0000026c     startup_ccs.obj (.intvecs)

.text      0    0000026c    00001818     
                  0000026c    00000158     main.obj (.text:main)
                  000003c4    00000136     driverlib.lib : can.obj (.text:CANMessageSet)
                  000004fa    00000132                   : gpio.obj (.text:GPIOPadConfigSet)
                  0000062c    00000120     uart_parser.obj (.text:UARTInit)
                  0000074c    00000110     driverlib.lib : sysctl.obj (.text:SysCtlClockGet)
                  0000085c    0000010e                   : can.obj (.text:CANMessageGet)
                  0000096a    00000002     startup_ccs.obj (.text:FaultISR)
                  0000096c    000000f4     driverlib.lib : sysctl.obj (.text:SysCtlClockSet)
                  00000a60    000000e0     follow_line.obj (.text:task2)
                  00000b40    000000d8     bsp_can.obj (.text:speed_pid_realize)
                  00000c18    000000d4     uart_parser.obj (.text:UART2IntHandler)
                  00000cec    000000b4     bsp_can.obj (.text:bsp_can_init)
                  00000da0    000000ac     follow_line.obj (.text:task1)
                  00000e4c    0000009c     uart_parser.obj (.text:UART1IntHandler)
                  00000ee8    0000009c     rtsv7M4_T_le_v4SPD16_eabi.lib : memcpy_t2.asm.obj (.text)
                  00000f84    00000088     bsp_can.obj (.text:bsp_can_get_feedback)
                  0000100c    0000007a     driverlib.lib : adc.obj (.text:ADCSequenceStepConfigure)
                  00001086    00000002     startup_ccs.obj (.text:IntDefaultHandler)
                  00001088    00000070     bsp_key.obj (.text:bsp_key_init)
                  000010f8    0000006c     driverlib.lib : can.obj (.text:CANBitRateSet)
                  00001164    00000068                   : interrupt.obj (.text:IntEnable)
                  000011cc    00000068     rtsv7M4_T_le_v4SPD16_eabi.lib : copy_decompress_lzss.c.obj (.text:decompress:lzss:__TI_decompress_lzss)
                  00001234    0000005c     driverlib.lib : can.obj (.text:_CANIntNumberGet)
                  00001290    0000005c     bsp_can.obj (.text:bsp_can_set_current)
                  000012ec    00000058     bsp_can.obj (.text:bsp_can_pid_param_init)
                  00001344    00000056     driverlib.lib : gpio.obj (.text:GPIOIntTypeSet)
                  0000139a    00000002     startup_ccs.obj (.text:NmiSR)
                  0000139c    00000054     bsp_adc.obj (.text:bsp_adc_init)
                  000013f0    00000050     driverlib.lib : adc.obj (.text:ADCSequenceConfigure)
                  00001440    00000050     bsp_can.obj (.text:CANIntHandler)
                  00001490    00000050     bsp_key.obj (.text:io_interrupt)
                  000014e0    0000004c     rtsv7M4_T_le_v4SPD16_eabi.lib : atoi.c.obj (.text:atoi)
                  0000152c    00000048     driverlib.lib : gpio.obj (.text:GPIOPinConfigure)
                  00001574    00000044                   : gpio.obj (.text:_GPIOIntNumberGet)
                  000015b8    00000044     rtsv7M4_T_le_v4SPD16_eabi.lib : autoinit.c.obj (.text:__TI_auto_init_nobinit_nopinit:__TI_auto_init_nobinit_nopinit)
                  000015fc    00000040     driverlib.lib : can.obj (.text:CANStatusGet)
                  0000163c    0000003c     bsp_adc.obj (.text:bsp_adc_read)
                  00001678    0000003a     driverlib.lib : can.obj (.text:CANInit)
                  000016b2    00000002     follow_line.obj (.text:task3)
                  000016b4    00000038     driverlib.lib : sysctl.obj (.text:SysCtlPeripheralReady)
                  000016ec    00000034                   : interrupt.obj (.text:IntRegister)
                  00001720    00000034                   : sysctl.obj (.text:SysCtlPeripheralEnable)
                  00001754    00000034     rtsv7M4_T_le_v4SPD16_eabi.lib : boot_cortex_m.c.obj (.text:_c_int00_noargs:_c_int00_noargs)
                  00001788    0000002e     driverlib.lib : adc.obj (.text:ADCIntStatus)
                  000017b6    0000002a                   : gpio.obj (.text:GPIODirModeSet)
                  000017e0    0000002a                   : can.obj (.text:_CANDataRegRead)
                  0000180a    00000002     follow_line.obj (.text:task4)
                  0000180c    00000028     uart_parser.obj (.text:UART2Send)
                  00001834    00000024     driverlib.lib : can.obj (.text:_CANDataRegWrite)
                  00001858    00000024     bsp_can.obj (.text:bsp_can_set_speed)
                  0000187c    00000024     bsp_led.obj (.text:bsp_led_init)
                  000018a0    00000022     driverlib.lib : can.obj (.text:CANIntClear)
                  000018c2    00000020                   : can.obj (.text:CANIntStatus)
                  000018e2    00000002     --HOLE-- [fill = 0]
                  000018e4    00000020     bsp_buzzer.obj (.text:bsp_buzzer_init)
                  00001904    0000001e     driverlib.lib : adc.obj (.text:ADCSequenceDataGet)
                  00001922    0000001c     rtsv7M4_T_le_v4SPD16_eabi.lib : copy_zero_init.c.obj (.text:decompress:ZI:__TI_zero_init_nomemset:__TI_zero_init_nomemset)
                  0000193e    00000018     driverlib.lib : adc.obj (.text:ADCProcessorTrigger)
                  00001956    00000018                   : can.obj (.text:CANIntRegister)
                  0000196e    00000018                   : gpio.obj (.text:GPIOIntRegister)
                  00001986    00000018                   : gpio.obj (.text:GPIOPinTypeGPIOOutput)
                  0000199e    00000002     --HOLE-- [fill = 0]
                  000019a0    00000018     bsp_led.obj (.text:bsp_led_set)
                  000019b8    00000014     bsp_buzzer.obj (.text:bsp_buzzer_set)
                  000019cc    00000012     driverlib.lib : gpio.obj (.text:GPIOPinTypeADC)
                  000019de    00000012                   : gpio.obj (.text:GPIOPinTypeCAN)
                  000019f0    00000010                   : interrupt.obj (.text:IntMasterEnable)
                  00001a00    0000000e                   : adc.obj (.text:ADCSequenceEnable)
                  00001a0e    0000000e                   : gpio.obj (.text:GPIOIntStatus)
                  00001a1c    0000000e     rtsv7M4_T_le_v4SPD16_eabi.lib : copy_decompress_none.c.obj (.text:decompress:none:__TI_decompress_none)
                  00001a2a    0000000c     driverlib.lib : cpu.obj (.text:CPUcpsie)
                  00001a36    0000000c                   : gpio.obj (.text:GPIOIntEnable)
                  00001a42    0000000a                   : adc.obj (.text:ADCIntClear)
                  00001a4c    0000000a                   : can.obj (.text:CANEnable)
                  00001a56    00000008                   : can.obj (.text:CANIntEnable)
                  00001a5e    00000006                   : gpio.obj (.text:GPIOIntClear)
                  00001a64    00000006                   : gpio.obj (.text:GPIOPinRead)
                  00001a6a    00000006                   : gpio.obj (.text:GPIOPinWrite)
                  00001a70    00000006     startup_ccs.obj (.text:ResetISR)
                  00001a76    00000006     driverlib.lib : sysctl.obj (.text:SysCtlDelay)
                  00001a7c    00000004     rtsv7M4_T_le_v4SPD16_eabi.lib : pre_init.c.obj (.text:_system_pre_init)
                  00001a80    00000004                                   : exit.c.obj (.text:abort:abort)

.const     0    00001a84    00000428     
                  00001a84    00000101     rtsv7M4_T_le_v4SPD16_eabi.lib : ctype.c.obj (.const:.string:_ctypes_)
                  00001b85    00000003     --HOLE-- [fill = 0]
                  00001b88    000000d8     driverlib.lib : gpio.obj (.const:g_ppui32GPIOIntMapSnowflake)
                  00001c60    000000c0                   : gpio.obj (.const:g_ppui32GPIOIntMapBlizzard)
                  00001d20    00000090                   : gpio.obj (.const:g_pui32GPIOBaseAddrs)
                  00001db0    00000070                   : interrupt.obj (.const)
                  00001e20    0000006c                   : sysctl.obj (.const:g_pui32Xtals)
                  00001e8c    00000020                   : can.obj (.const)

.cinit     0    00001eb0    00000058     
                  00001eb0    00000024     (.cinit..data.load) [load image, compression = lzss]
                  00001ed4    0000000c     (__TI_handler_table)
                  00001ee0    00000008     (.cinit..bss.load) [load image, compression = zero_init]
                  00001ee8    00000008     (.cinit..vtable.load) [load image, compression = zero_init]
                  00001ef0    00000018     (__TI_cinit_table)

.init_array 
*          0    00000000    00000000     UNINITIALIZED

.vtable    0    20000000    0000026c     UNINITIALIZED
                  20000000    0000026c     driverlib.lib : interrupt.obj (.vtable)

.bss       0    20000470    000000d4     UNINITIALIZED
                  20000470    00000080     (.common:pid_speed)
                  200004f0    00000014     (.common:TxHeader)
                  20000504    00000014     (.common:sCANMessage)
                  20000518    00000008     (.common:m2006_angle)
                  20000520    00000008     (.common:m2006_speed)
                  20000528    00000008     (.common:m2006_torque)
                  20000530    00000008     (.common:pui8MsgData)
                  20000538    00000004     (.common:pui32ADC0Value)
                  2000053c    00000004     (.common:ultrasonic_value)
                  20000540    00000002     (.common:task1_temp_avg_speed)
                  20000542    00000002     (.common:task2_temp_avg_speed)

.data      0    20000544    0000006a     UNINITIALIZED
                  20000544    00000019     follow_line.obj (.data)
                  2000055d    00000014     uart_parser.obj (.data:uart1_receive_buffer)
                  20000571    00000014     uart_parser.obj (.data:uart2_receive_buffer)
                  20000585    00000003     --HOLE--
                  20000588    00000010     main.obj (.data)
                  20000598    00000008     bsp_can.obj (.data:TxData)
                  200005a0    00000008     uart_parser.obj (.data)
                  200005a8    00000006     bsp_can.obj (.data)

.stack     0    20000270    00000200     UNINITIALIZED
                  20000270    00000004     rtsv7M4_T_le_v4SPD16_eabi.lib : boot_cortex_m.c.obj (.stack)
                  20000274    000001fc     --HOLE--

__llvm_prf_cnts 
*          0    20000000    00000000     UNINITIALIZED

MODULE SUMMARY

       Module                       code   ro data   rw data
       ------                       ----   -------   -------
    .\
       startup_ccs.obj              12     620       0      
       main.obj                     344    0         16     
    +--+----------------------------+------+---------+---------+
       Total:                       356    620       16     
                                                            
    .\bsp\
       bsp_can.obj                  828    0         214    
       uart_parser.obj              696    0         48     
       follow_line.obj              400    0         33     
       bsp_key.obj                  192    0         0      
       bsp_adc.obj                  144    0         4      
       bsp_led.obj                  60     0         0      
       bsp_buzzer.obj               52     0         0      
    +--+----------------------------+------+---------+---------+
       Total:                       2372   0         299    
                                                            
    C:/ti/ccs1200/tivaware_c_series_2_1_4_178/driverlib/ccs/Debug/driverlib.lib
       gpio.obj                     702    552       0      
       can.obj                      1088   32        0      
       interrupt.obj                172    112       620    
       sysctl.obj                   630    108       0      
       adc.obj                      326    0         0      
       cpu.obj                      12     0         0      
    +--+----------------------------+------+---------+---------+
       Total:                       2930   804       620    
                                                            
    C:\ti\ccs1200\ccs\tools\compiler\ti-cgt-arm_20.2.6.LTS\lib\rtsv7M4_T_le_v4SPD16_eabi.lib
       ctype.c.obj                  0      257       0      
       memcpy_t2.asm.obj            156    0         0      
       copy_decompress_lzss.c.obj   104    0         0      
       atoi.c.obj                   76     0         0      
       autoinit.c.obj               68     0         0      
       boot_cortex_m.c.obj          52     0         0      
       copy_zero_init.c.obj         28     0         0      
       copy_decompress_none.c.obj   14     0         0      
       exit.c.obj                   4      0         0      
       pre_init.c.obj               4      0         0      
    +--+----------------------------+------+---------+---------+
       Total:                       506    257       0      
                                                            
       Stack:                       0      0         512    
       Linker Generated:            0      88        0      
    +--+----------------------------+------+---------+---------+
       Grand Total:                 6164   1769      1447   


LINKER GENERATED COPY TABLES

__TI_cinit_table @ 00001ef0 records: 3, size/record: 8, table size: 24
	.data: load addr=00001eb0, load size=00000024 bytes, run addr=20000544, run size=0000006a bytes, compression=lzss
	.bss: load addr=00001ee0, load size=00000008 bytes, run addr=20000470, run size=000000d4 bytes, compression=zero_init
	.vtable: load addr=00001ee8, load size=00000008 bytes, run addr=20000000, run size=0000026c bytes, compression=zero_init


LINKER GENERATED HANDLER TABLE

__TI_handler_table @ 00001ed4 records: 3, size/record: 4, table size: 12
	index: 0, handler: __TI_zero_init
	index: 1, handler: __TI_decompress_lzss
	index: 2, handler: __TI_decompress_none


GLOBAL SYMBOLS: SORTED ALPHABETICALLY BY Name 

address   name                          
-------   ----                          
00001a43  ADCIntClear                   
00001789  ADCIntStatus                  
0000193f  ADCProcessorTrigger           
000013f1  ADCSequenceConfigure          
00001905  ADCSequenceDataGet            
00001a01  ADCSequenceEnable             
0000100d  ADCSequenceStepConfigure      
00001a81  C$$EXIT                       
000010f9  CANBitRateSet                 
00001a4d  CANEnable                     
00001679  CANInit                       
000018a1  CANIntClear                   
00001a57  CANIntEnable                  
00001441  CANIntHandler                 
00001957  CANIntRegister                
000018c3  CANIntStatus                  
0000085d  CANMessageGet                 
000003c5  CANMessageSet                 
000015fd  CANStatusGet                  
00001a2b  CPUcpsie                      
000017b7  GPIODirModeSet                
00001a5f  GPIOIntClear                  
00001a37  GPIOIntEnable                 
0000196f  GPIOIntRegister               
00001a0f  GPIOIntStatus                 
00001345  GPIOIntTypeSet                
000004fb  GPIOPadConfigSet              
0000152d  GPIOPinConfigure              
00001a65  GPIOPinRead                   
000019cd  GPIOPinTypeADC                
000019df  GPIOPinTypeCAN                
00001987  GPIOPinTypeGPIOOutput         
00001a6b  GPIOPinWrite                  
00001165  IntEnable                     
000019f1  IntMasterEnable               
000016ed  IntRegister                   
00001a71  ResetISR                      
0000074d  SysCtlClockGet                
0000096d  SysCtlClockSet                
00001a77  SysCtlDelay                   
00001721  SysCtlPeripheralEnable        
000016b5  SysCtlPeripheralReady         
20000598  TxData                        
200004f0  TxHeader                      
00000e4d  UART1IntHandler               
00000c19  UART2IntHandler               
0000180d  UART2Send                     
0000062d  UARTInit                      
20000470  __STACK_END                   
00000200  __STACK_SIZE                  
20000470  __STACK_TOP                   
00001ef0  __TI_CINIT_Base               
00001f08  __TI_CINIT_Limit              
00001ed4  __TI_Handler_Table_Base       
00001ee0  __TI_Handler_Table_Limit      
000015b9  __TI_auto_init_nobinit_nopinit
000011cd  __TI_decompress_lzss          
00001a1d  __TI_decompress_none          
ffffffff  __TI_pprof_out_hndl           
ffffffff  __TI_prof_data_size           
ffffffff  __TI_prof_data_start          
00000000  __TI_static_base__            
00001923  __TI_zero_init_nomemset       
00000ee9  __aeabi_memcpy                
00000ee9  __aeabi_memcpy4               
00000ee9  __aeabi_memcpy8               
ffffffff  __binit__                     
ffffffff  __c_args__                    
UNDEFED   __mpu_init                    
20000270  __stack                       
20000000  __start___llvm_prf_cnts       
20000000  __stop___llvm_prf_cnts        
00001755  _c_int00_noargs               
00001a84  _ctypes_                      
UNDEFED   _system_post_cinit            
00001a7d  _system_pre_init              
00001a81  abort                         
000014e1  atoi                          
ffffffff  binit                         
0000139d  bsp_adc_init                  
0000163d  bsp_adc_read                  
000018e5  bsp_buzzer_init               
000019b9  bsp_buzzer_set                
00000f85  bsp_can_get_feedback          
00000ced  bsp_can_init                  
000012ed  bsp_can_pid_param_init        
00001291  bsp_can_set_current           
00001859  bsp_can_set_speed             
00001089  bsp_key_init                  
0000187d  bsp_led_init                  
000019a1  bsp_led_set                   
20000548  delta_value                   
200005ad  g_bErrFlag                    
200005ac  g_bRXFlag                     
20000000  g_pfnRAMVectors               
00000000  g_pfnVectors                  
200005a8  g_ui32MsgCount                
00001491  io_interrupt                  
20000518  m2006_angle                   
20000520  m2006_speed                   
20000528  m2006_torque                  
0000026d  main                          
00000ee9  memcpy                        
20000544  now_task                      
20000470  pid_speed                     
20000538  pui32ADC0Value                
20000530  pui8MsgData                   
20000588  running_state                 
20000504  sCANMessage                   
00000b41  speed_pid_realize             
20000546  target_value                  
00000da1  task1                         
2000054e  task1_Kp                      
2000054c  task1_avg_speed               
2000054a  task1_target_distance         
20000540  task1_temp_avg_speed          
20000550  task1_u                       
00000a61  task2                         
20000558  task2_Kp                      
20000554  task2_avg_speed               
20000556  task2_base_speed              
20000552  task2_target_distance         
20000542  task2_temp_avg_speed          
2000055c  task2_track                   
2000055a  task2_u                       
000016b3  task3                         
0000180b  task4                         
20000545  task_num                      
2000055d  uart1_receive_buffer          
200005a0  uart1_receive_count           
200005a1  uart1_received_command        
200005a2  uart1_received_value          
20000571  uart2_receive_buffer          
200005a4  uart2_receive_count           
200005a5  uart2_received_command        
200005a6  uart2_received_value          
2000053c  ultrasonic_value              


GLOBAL SYMBOLS: SORTED BY Symbol Address 

address   name                          
-------   ----                          
00000000  __TI_static_base__            
00000000  g_pfnVectors                  
00000200  __STACK_SIZE                  
0000026d  main                          
000003c5  CANMessageSet                 
000004fb  GPIOPadConfigSet              
0000062d  UARTInit                      
0000074d  SysCtlClockGet                
0000085d  CANMessageGet                 
0000096d  SysCtlClockSet                
00000a61  task2                         
00000b41  speed_pid_realize             
00000c19  UART2IntHandler               
00000ced  bsp_can_init                  
00000da1  task1                         
00000e4d  UART1IntHandler               
00000ee9  __aeabi_memcpy                
00000ee9  __aeabi_memcpy4               
00000ee9  __aeabi_memcpy8               
00000ee9  memcpy                        
00000f85  bsp_can_get_feedback          
0000100d  ADCSequenceStepConfigure      
00001089  bsp_key_init                  
000010f9  CANBitRateSet                 
00001165  IntEnable                     
000011cd  __TI_decompress_lzss          
00001291  bsp_can_set_current           
000012ed  bsp_can_pid_param_init        
00001345  GPIOIntTypeSet                
0000139d  bsp_adc_init                  
000013f1  ADCSequenceConfigure          
00001441  CANIntHandler                 
00001491  io_interrupt                  
000014e1  atoi                          
0000152d  GPIOPinConfigure              
000015b9  __TI_auto_init_nobinit_nopinit
000015fd  CANStatusGet                  
0000163d  bsp_adc_read                  
00001679  CANInit                       
000016b3  task3                         
000016b5  SysCtlPeripheralReady         
000016ed  IntRegister                   
00001721  SysCtlPeripheralEnable        
00001755  _c_int00_noargs               
00001789  ADCIntStatus                  
000017b7  GPIODirModeSet                
0000180b  task4                         
0000180d  UART2Send                     
00001859  bsp_can_set_speed             
0000187d  bsp_led_init                  
000018a1  CANIntClear                   
000018c3  CANIntStatus                  
000018e5  bsp_buzzer_init               
00001905  ADCSequenceDataGet            
00001923  __TI_zero_init_nomemset       
0000193f  ADCProcessorTrigger           
00001957  CANIntRegister                
0000196f  GPIOIntRegister               
00001987  GPIOPinTypeGPIOOutput         
000019a1  bsp_led_set                   
000019b9  bsp_buzzer_set                
000019cd  GPIOPinTypeADC                
000019df  GPIOPinTypeCAN                
000019f1  IntMasterEnable               
00001a01  ADCSequenceEnable             
00001a0f  GPIOIntStatus                 
00001a1d  __TI_decompress_none          
00001a2b  CPUcpsie                      
00001a37  GPIOIntEnable                 
00001a43  ADCIntClear                   
00001a4d  CANEnable                     
00001a57  CANIntEnable                  
00001a5f  GPIOIntClear                  
00001a65  GPIOPinRead                   
00001a6b  GPIOPinWrite                  
00001a71  ResetISR                      
00001a77  SysCtlDelay                   
00001a7d  _system_pre_init              
00001a81  C$$EXIT                       
00001a81  abort                         
00001a84  _ctypes_                      
00001ed4  __TI_Handler_Table_Base       
00001ee0  __TI_Handler_Table_Limit      
00001ef0  __TI_CINIT_Base               
00001f08  __TI_CINIT_Limit              
20000000  __start___llvm_prf_cnts       
20000000  __stop___llvm_prf_cnts        
20000000  g_pfnRAMVectors               
20000270  __stack                       
20000470  __STACK_END                   
20000470  __STACK_TOP                   
20000470  pid_speed                     
200004f0  TxHeader                      
20000504  sCANMessage                   
20000518  m2006_angle                   
20000520  m2006_speed                   
20000528  m2006_torque                  
20000530  pui8MsgData                   
20000538  pui32ADC0Value                
2000053c  ultrasonic_value              
20000540  task1_temp_avg_speed          
20000542  task2_temp_avg_speed          
20000544  now_task                      
20000545  task_num                      
20000546  target_value                  
20000548  delta_value                   
2000054a  task1_target_distance         
2000054c  task1_avg_speed               
2000054e  task1_Kp                      
20000550  task1_u                       
20000552  task2_target_distance         
20000554  task2_avg_speed               
20000556  task2_base_speed              
20000558  task2_Kp                      
2000055a  task2_u                       
2000055c  task2_track                   
2000055d  uart1_receive_buffer          
20000571  uart2_receive_buffer          
20000588  running_state                 
20000598  TxData                        
200005a0  uart1_receive_count           
200005a1  uart1_received_command        
200005a2  uart1_received_value          
200005a4  uart2_receive_count           
200005a5  uart2_received_command        
200005a6  uart2_received_value          
200005a8  g_ui32MsgCount                
200005ac  g_bRXFlag                     
200005ad  g_bErrFlag                    
ffffffff  __TI_pprof_out_hndl           
ffffffff  __TI_prof_data_size           
ffffffff  __TI_prof_data_start          
ffffffff  __binit__                     
ffffffff  __c_args__                    
ffffffff  binit                         
UNDEFED   __mpu_init                    
UNDEFED   _system_post_cinit            

[137 symbols]
