<?xml version="1.0" encoding="ISO-8859-1" ?>
<link_info>
   <banner>TI ARM Linker PC v20.2.6.LTS</banner>
   <copyright>Copyright (c) 1996-2018 Texas Instruments Incorporated</copyright>
   <link_time>0x62e365ea</link_time>
   <link_errors>0x0</link_errors>
   <output_file>car_follower.out</output_file>
   <entry_point>
      <name>_c_int00_noargs</name>
      <address>0x1591</address>
   </entry_point>
   <input_file_list>
      <input_file id="fl-2">
         <path>.\</path>
         <kind>object</kind>
         <file>main.obj</file>
         <name>main.obj</name>
      </input_file>
      <input_file id="fl-3">
         <path>.\</path>
         <kind>object</kind>
         <file>startup_ccs.obj</file>
         <name>startup_ccs.obj</name>
      </input_file>
      <input_file id="fl-4">
         <path>.\bsp\</path>
         <kind>object</kind>
         <file>bsp_adc.obj</file>
         <name>bsp_adc.obj</name>
      </input_file>
      <input_file id="fl-5">
         <path>.\bsp\</path>
         <kind>object</kind>
         <file>bsp_buzzer.obj</file>
         <name>bsp_buzzer.obj</name>
      </input_file>
      <input_file id="fl-6">
         <path>.\bsp\</path>
         <kind>object</kind>
         <file>bsp_can.obj</file>
         <name>bsp_can.obj</name>
      </input_file>
      <input_file id="fl-7">
         <path>.\bsp\</path>
         <kind>object</kind>
         <file>bsp_key.obj</file>
         <name>bsp_key.obj</name>
      </input_file>
      <input_file id="fl-8">
         <path>.\bsp\</path>
         <kind>object</kind>
         <file>bsp_led.obj</file>
         <name>bsp_led.obj</name>
      </input_file>
      <input_file id="fl-9">
         <path>.\bsp\</path>
         <kind>object</kind>
         <file>follow_line.obj</file>
         <name>follow_line.obj</name>
      </input_file>
      <input_file id="fl-a">
         <path>.\bsp\</path>
         <kind>object</kind>
         <file>uart_parser.obj</file>
         <name>uart_parser.obj</name>
      </input_file>
      <input_file id="fl-f">
         <kind>object</kind>
         <file>&lt;internal&gt;</file>
         <name>&lt;internal&gt;</name>
      </input_file>
      <input_file id="fl-c5">
         <path>C:\ti\ccs1200\ccs\tools\compiler\ti-cgt-arm_20.2.6.LTS\lib\</path>
         <kind>archive</kind>
         <file>rtsv7M4_T_le_v4SPD16_eabi.lib</file>
         <name>copy_zero_init.c.obj</name>
      </input_file>
      <input_file id="fl-c6">
         <path>C:\ti\ccs1200\ccs\tools\compiler\ti-cgt-arm_20.2.6.LTS\lib\</path>
         <kind>archive</kind>
         <file>rtsv7M4_T_le_v4SPD16_eabi.lib</file>
         <name>copy_decompress_none.c.obj</name>
      </input_file>
      <input_file id="fl-c7">
         <path>C:\ti\ccs1200\ccs\tools\compiler\ti-cgt-arm_20.2.6.LTS\lib\</path>
         <kind>archive</kind>
         <file>rtsv7M4_T_le_v4SPD16_eabi.lib</file>
         <name>copy_decompress_lzss.c.obj</name>
      </input_file>
      <input_file id="fl-c8">
         <path>C:\ti\ccs1200\ccs\tools\compiler\ti-cgt-arm_20.2.6.LTS\lib\</path>
         <kind>archive</kind>
         <file>rtsv7M4_T_le_v4SPD16_eabi.lib</file>
         <name>atoi.c.obj</name>
      </input_file>
      <input_file id="fl-c9">
         <path>C:\ti\ccs1200\ccs\tools\compiler\ti-cgt-arm_20.2.6.LTS\lib\</path>
         <kind>archive</kind>
         <file>rtsv7M4_T_le_v4SPD16_eabi.lib</file>
         <name>ctype.c.obj</name>
      </input_file>
      <input_file id="fl-ca">
         <path>C:\ti\ccs1200\ccs\tools\compiler\ti-cgt-arm_20.2.6.LTS\lib\</path>
         <kind>archive</kind>
         <file>rtsv7M4_T_le_v4SPD16_eabi.lib</file>
         <name>boot_cortex_m.c.obj</name>
      </input_file>
      <input_file id="fl-cb">
         <path>C:\ti\ccs1200\ccs\tools\compiler\ti-cgt-arm_20.2.6.LTS\lib\</path>
         <kind>archive</kind>
         <file>rtsv7M4_T_le_v4SPD16_eabi.lib</file>
         <name>memcpy_t2.asm.obj</name>
      </input_file>
      <input_file id="fl-cc">
         <path>C:\ti\ccs1200\ccs\tools\compiler\ti-cgt-arm_20.2.6.LTS\lib\</path>
         <kind>archive</kind>
         <file>rtsv7M4_T_le_v4SPD16_eabi.lib</file>
         <name>memset_t2.asm.obj</name>
      </input_file>
      <input_file id="fl-cd">
         <path>C:\ti\ccs1200\ccs\tools\compiler\ti-cgt-arm_20.2.6.LTS\lib\</path>
         <kind>archive</kind>
         <file>rtsv7M4_T_le_v4SPD16_eabi.lib</file>
         <name>autoinit.c.obj</name>
      </input_file>
      <input_file id="fl-ce">
         <path>C:\ti\ccs1200\ccs\tools\compiler\ti-cgt-arm_20.2.6.LTS\lib\</path>
         <kind>archive</kind>
         <file>rtsv7M4_T_le_v4SPD16_eabi.lib</file>
         <name>pre_init.c.obj</name>
      </input_file>
      <input_file id="fl-cf">
         <path>C:\ti\ccs1200\ccs\tools\compiler\ti-cgt-arm_20.2.6.LTS\lib\</path>
         <kind>archive</kind>
         <file>rtsv7M4_T_le_v4SPD16_eabi.lib</file>
         <name>cpy_tbl.c.obj</name>
      </input_file>
      <input_file id="fl-d0">
         <path>C:\ti\ccs1200\ccs\tools\compiler\ti-cgt-arm_20.2.6.LTS\lib\</path>
         <kind>archive</kind>
         <file>rtsv7M4_T_le_v4SPD16_eabi.lib</file>
         <name>exit.c.obj</name>
      </input_file>
      <input_file id="fl-d1">
         <path>C:\ti\ccs1200\ccs\tools\compiler\ti-cgt-arm_20.2.6.LTS\lib\</path>
         <kind>archive</kind>
         <file>rtsv7M4_T_le_v4SPD16_eabi.lib</file>
         <name>_lock.c.obj</name>
      </input_file>
      <input_file id="fl-d2">
         <path>C:\ti\ccs1200\ccs\tools\compiler\ti-cgt-arm_20.2.6.LTS\lib\</path>
         <kind>archive</kind>
         <file>rtsv7M4_T_le_v4SPD16_eabi.lib</file>
         <name>args_main.c.obj</name>
      </input_file>
      <input_file id="fl-d3">
         <path>C:\ti\ccs1200\tivaware_c_series_2_1_4_178\driverlib\ccs\Debug\</path>
         <kind>archive</kind>
         <file>driverlib.lib</file>
         <name>adc.obj</name>
      </input_file>
      <input_file id="fl-d4">
         <path>C:\ti\ccs1200\tivaware_c_series_2_1_4_178\driverlib\ccs\Debug\</path>
         <kind>archive</kind>
         <file>driverlib.lib</file>
         <name>can.obj</name>
      </input_file>
      <input_file id="fl-d5">
         <path>C:\ti\ccs1200\tivaware_c_series_2_1_4_178\driverlib\ccs\Debug\</path>
         <kind>archive</kind>
         <file>driverlib.lib</file>
         <name>gpio.obj</name>
      </input_file>
      <input_file id="fl-d6">
         <path>C:\ti\ccs1200\tivaware_c_series_2_1_4_178\driverlib\ccs\Debug\</path>
         <kind>archive</kind>
         <file>driverlib.lib</file>
         <name>interrupt.obj</name>
      </input_file>
      <input_file id="fl-d7">
         <path>C:\ti\ccs1200\tivaware_c_series_2_1_4_178\driverlib\ccs\Debug\</path>
         <kind>archive</kind>
         <file>driverlib.lib</file>
         <name>sysctl.obj</name>
      </input_file>
      <input_file id="fl-d8">
         <path>C:\ti\ccs1200\tivaware_c_series_2_1_4_178\driverlib\ccs\Debug\</path>
         <kind>archive</kind>
         <file>driverlib.lib</file>
         <name>cpu.obj</name>
      </input_file>
   </input_file_list>
   <object_component_list>
      <object_component id="oc-12">
         <name>.intvecs</name>
         <load_address>0x0</load_address>
         <run_address>0x0</run_address>
         <size>0x26c</size>
         <input_file_ref idref="fl-3"/>
      </object_component>
      <object_component id="oc-27d">
         <name>.text:CANMessageSet</name>
         <load_address>0x26c</load_address>
         <run_address>0x26c</run_address>
         <size>0x136</size>
         <input_file_ref idref="fl-d4"/>
      </object_component>
      <object_component id="oc-20f">
         <name>.text:GPIOPadConfigSet</name>
         <load_address>0x3a2</load_address>
         <run_address>0x3a2</run_address>
         <size>0x132</size>
         <input_file_ref idref="fl-d5"/>
      </object_component>
      <object_component id="oc-12b">
         <name>.text:UARTInit</name>
         <load_address>0x4d4</load_address>
         <run_address>0x4d4</run_address>
         <size>0x120</size>
         <input_file_ref idref="fl-a"/>
      </object_component>
      <object_component id="oc-25f">
         <name>.text:SysCtlClockGet</name>
         <load_address>0x5f4</load_address>
         <run_address>0x5f4</run_address>
         <size>0x110</size>
         <input_file_ref idref="fl-d7"/>
      </object_component>
      <object_component id="oc-161">
         <name>.text:CANMessageGet</name>
         <load_address>0x704</load_address>
         <run_address>0x704</run_address>
         <size>0x10e</size>
         <input_file_ref idref="fl-d4"/>
      </object_component>
      <object_component id="oc-33">
         <name>.text:FaultISR</name>
         <load_address>0x812</load_address>
         <run_address>0x812</run_address>
         <size>0x2</size>
         <input_file_ref idref="fl-3"/>
      </object_component>
      <object_component id="oc-125">
         <name>.text:SysCtlClockSet</name>
         <load_address>0x814</load_address>
         <run_address>0x814</run_address>
         <size>0xf4</size>
         <input_file_ref idref="fl-d7"/>
      </object_component>
      <object_component id="oc-2a4">
         <name>.text:speed_pid_realize</name>
         <load_address>0x908</load_address>
         <run_address>0x908</run_address>
         <size>0xd8</size>
         <input_file_ref idref="fl-6"/>
      </object_component>
      <object_component id="oc-45">
         <name>.text:UART2IntHandler</name>
         <load_address>0x9e0</load_address>
         <run_address>0x9e0</run_address>
         <size>0xb8</size>
         <input_file_ref idref="fl-a"/>
      </object_component>
      <object_component id="oc-13d">
         <name>.text:bsp_can_init</name>
         <load_address>0xa98</load_address>
         <run_address>0xa98</run_address>
         <size>0xb4</size>
         <input_file_ref idref="fl-6"/>
      </object_component>
      <object_component id="oc-d6">
         <name>.text:main</name>
         <load_address>0xb4c</load_address>
         <run_address>0xb4c</run_address>
         <size>0xac</size>
         <input_file_ref idref="fl-2"/>
      </object_component>
      <object_component id="oc-3f">
         <name>.text:UART1IntHandler</name>
         <load_address>0xbf8</load_address>
         <run_address>0xbf8</run_address>
         <size>0x9c</size>
         <input_file_ref idref="fl-a"/>
      </object_component>
      <object_component id="oc-59">
         <name>.text</name>
         <load_address>0xc94</load_address>
         <run_address>0xc94</run_address>
         <size>0x9c</size>
         <input_file_ref idref="fl-cb"/>
      </object_component>
      <object_component id="oc-95">
         <name>.text:task1</name>
         <load_address>0xd30</load_address>
         <run_address>0xd30</run_address>
         <size>0x90</size>
         <input_file_ref idref="fl-9"/>
      </object_component>
      <object_component id="oc-167">
         <name>.text:bsp_can_get_feedback</name>
         <load_address>0xdc0</load_address>
         <run_address>0xdc0</run_address>
         <size>0x88</size>
         <input_file_ref idref="fl-6"/>
      </object_component>
      <object_component id="oc-246">
         <name>.text:ADCSequenceStepConfigure</name>
         <load_address>0xe48</load_address>
         <run_address>0xe48</run_address>
         <size>0x7a</size>
         <input_file_ref idref="fl-d3"/>
      </object_component>
      <object_component id="oc-39">
         <name>.text:IntDefaultHandler</name>
         <load_address>0xec2</load_address>
         <run_address>0xec2</run_address>
         <size>0x2</size>
         <input_file_ref idref="fl-3"/>
      </object_component>
      <object_component id="oc-131">
         <name>.text:bsp_key_init</name>
         <load_address>0xec4</load_address>
         <run_address>0xec4</run_address>
         <size>0x70</size>
         <input_file_ref idref="fl-7"/>
      </object_component>
      <object_component id="oc-265">
         <name>.text:CANBitRateSet</name>
         <load_address>0xf34</load_address>
         <run_address>0xf34</run_address>
         <size>0x6c</size>
         <input_file_ref idref="fl-d4"/>
      </object_component>
      <object_component id="oc-227">
         <name>.text:IntEnable</name>
         <load_address>0xfa0</load_address>
         <run_address>0xfa0</run_address>
         <size>0x68</size>
         <input_file_ref idref="fl-d6"/>
      </object_component>
      <object_component id="oc-15">
         <name>.text:decompress:lzss:__TI_decompress_lzss</name>
         <load_address>0x1008</load_address>
         <run_address>0x1008</run_address>
         <size>0x68</size>
         <input_file_ref idref="fl-c7"/>
      </object_component>
      <object_component id="oc-339">
         <name>.text:_CANIntNumberGet</name>
         <load_address>0x1070</load_address>
         <run_address>0x1070</run_address>
         <size>0x5c</size>
         <input_file_ref idref="fl-d4"/>
      </object_component>
      <object_component id="oc-2aa">
         <name>.text:bsp_can_set_current</name>
         <load_address>0x10cc</load_address>
         <run_address>0x10cc</run_address>
         <size>0x5c</size>
         <input_file_ref idref="fl-6"/>
      </object_component>
      <object_component id="oc-283">
         <name>.text:bsp_can_pid_param_init</name>
         <load_address>0x1128</load_address>
         <run_address>0x1128</run_address>
         <size>0x58</size>
         <input_file_ref idref="fl-6"/>
      </object_component>
      <object_component id="oc-215">
         <name>.text:GPIOIntTypeSet</name>
         <load_address>0x1180</load_address>
         <run_address>0x1180</run_address>
         <size>0x56</size>
         <input_file_ref idref="fl-d5"/>
      </object_component>
      <object_component id="oc-2d">
         <name>.text:NmiSR</name>
         <load_address>0x11d6</load_address>
         <run_address>0x11d6</run_address>
         <size>0x2</size>
         <input_file_ref idref="fl-3"/>
      </object_component>
      <object_component id="oc-137">
         <name>.text:bsp_adc_init</name>
         <load_address>0x11d8</load_address>
         <run_address>0x11d8</run_address>
         <size>0x54</size>
         <input_file_ref idref="fl-4"/>
      </object_component>
      <object_component id="oc-240">
         <name>.text:ADCSequenceConfigure</name>
         <load_address>0x122c</load_address>
         <run_address>0x122c</run_address>
         <size>0x50</size>
         <input_file_ref idref="fl-d3"/>
      </object_component>
      <object_component id="oc-289">
         <name>.text:CANIntHandler</name>
         <load_address>0x127c</load_address>
         <run_address>0x127c</run_address>
         <size>0x50</size>
         <input_file_ref idref="fl-6"/>
      </object_component>
      <object_component id="oc-233">
         <name>.text:io_interrupt</name>
         <load_address>0x12cc</load_address>
         <run_address>0x12cc</run_address>
         <size>0x50</size>
         <input_file_ref idref="fl-7"/>
      </object_component>
      <object_component id="oc-8f">
         <name>.text:atoi</name>
         <load_address>0x131c</load_address>
         <run_address>0x131c</run_address>
         <size>0x4c</size>
         <input_file_ref idref="fl-c8"/>
      </object_component>
      <object_component id="oc-1f0">
         <name>.text:GPIOPinConfigure</name>
         <load_address>0x1368</load_address>
         <run_address>0x1368</run_address>
         <size>0x48</size>
         <input_file_ref idref="fl-d5"/>
      </object_component>
      <object_component id="oc-2f8">
         <name>.text:_GPIOIntNumberGet</name>
         <load_address>0x13b0</load_address>
         <run_address>0x13b0</run_address>
         <size>0x44</size>
         <input_file_ref idref="fl-d5"/>
      </object_component>
      <object_component id="oc-181">
         <name>.text:__TI_auto_init_nobinit_nopinit:__TI_auto_init_nobinit_nopinit</name>
         <load_address>0x13f4</load_address>
         <run_address>0x13f4</run_address>
         <size>0x44</size>
         <input_file_ref idref="fl-cd"/>
      </object_component>
      <object_component id="oc-35b">
         <name>.text:CANStatusGet</name>
         <load_address>0x1438</load_address>
         <run_address>0x1438</run_address>
         <size>0x40</size>
         <input_file_ref idref="fl-d4"/>
      </object_component>
      <object_component id="oc-ed">
         <name>.text:bsp_adc_read</name>
         <load_address>0x1478</load_address>
         <run_address>0x1478</run_address>
         <size>0x3c</size>
         <input_file_ref idref="fl-4"/>
      </object_component>
      <object_component id="oc-259">
         <name>.text:CANInit</name>
         <load_address>0x14b4</load_address>
         <run_address>0x14b4</run_address>
         <size>0x3a</size>
         <input_file_ref idref="fl-d4"/>
      </object_component>
      <object_component id="oc-1fd">
         <name>.text:SysCtlPeripheralReady</name>
         <load_address>0x14f0</load_address>
         <run_address>0x14f0</run_address>
         <size>0x38</size>
         <input_file_ref idref="fl-d7"/>
      </object_component>
      <object_component id="oc-2fe">
         <name>.text:IntRegister</name>
         <load_address>0x1528</load_address>
         <run_address>0x1528</run_address>
         <size>0x34</size>
         <input_file_ref idref="fl-d6"/>
      </object_component>
      <object_component id="oc-1f7">
         <name>.text:SysCtlPeripheralEnable</name>
         <load_address>0x155c</load_address>
         <run_address>0x155c</run_address>
         <size>0x34</size>
         <input_file_ref idref="fl-d7"/>
      </object_component>
      <object_component id="oc-77">
         <name>.text:_c_int00_noargs:_c_int00_noargs</name>
         <load_address>0x1590</load_address>
         <run_address>0x1590</run_address>
         <size>0x34</size>
         <input_file_ref idref="fl-ca"/>
      </object_component>
      <object_component id="oc-1be">
         <name>.text:ADCIntStatus</name>
         <load_address>0x15c4</load_address>
         <run_address>0x15c4</run_address>
         <size>0x2e</size>
         <input_file_ref idref="fl-d3"/>
      </object_component>
      <object_component id="oc-209">
         <name>.text:GPIODirModeSet</name>
         <load_address>0x15f2</load_address>
         <run_address>0x15f2</run_address>
         <size>0x2a</size>
         <input_file_ref idref="fl-d5"/>
      </object_component>
      <object_component id="oc-29c">
         <name>.text:_CANDataRegRead</name>
         <load_address>0x161c</load_address>
         <run_address>0x161c</run_address>
         <size>0x2a</size>
         <input_file_ref idref="fl-d4"/>
      </object_component>
      <object_component id="oc-324">
         <name>.text:UART2Send</name>
         <load_address>0x1648</load_address>
         <run_address>0x1648</run_address>
         <size>0x28</size>
         <input_file_ref idref="fl-a"/>
      </object_component>
      <object_component id="oc-342">
         <name>.text:_CANDataRegWrite</name>
         <load_address>0x1670</load_address>
         <run_address>0x1670</run_address>
         <size>0x24</size>
         <input_file_ref idref="fl-d4"/>
      </object_component>
      <object_component id="oc-f3">
         <name>.text:bsp_can_set_speed</name>
         <load_address>0x1694</load_address>
         <run_address>0x1694</run_address>
         <size>0x24</size>
         <input_file_ref idref="fl-6"/>
      </object_component>
      <object_component id="oc-355">
         <name>.text:CANIntClear</name>
         <load_address>0x16b8</load_address>
         <run_address>0x16b8</run_address>
         <size>0x22</size>
         <input_file_ref idref="fl-d4"/>
      </object_component>
      <object_component id="oc-34f">
         <name>.text:CANIntStatus</name>
         <load_address>0x16da</load_address>
         <run_address>0x16da</run_address>
         <size>0x20</size>
         <input_file_ref idref="fl-d4"/>
      </object_component>
      <object_component id="oc-1ca">
         <name>.text:ADCSequenceDataGet</name>
         <load_address>0x16fa</load_address>
         <run_address>0x16fa</run_address>
         <size>0x1e</size>
         <input_file_ref idref="fl-d3"/>
      </object_component>
      <object_component id="oc-143">
         <name>.text:bsp_buzzer_init</name>
         <load_address>0x1718</load_address>
         <run_address>0x1718</run_address>
         <size>0x1c</size>
         <input_file_ref idref="fl-5"/>
      </object_component>
      <object_component id="oc-149">
         <name>.text:bsp_led_init</name>
         <load_address>0x1734</load_address>
         <run_address>0x1734</run_address>
         <size>0x1c</size>
         <input_file_ref idref="fl-8"/>
      </object_component>
      <object_component id="oc-65">
         <name>.text:decompress:ZI:__TI_zero_init_nomemset:__TI_zero_init_nomemset</name>
         <load_address>0x1750</load_address>
         <run_address>0x1750</run_address>
         <size>0x1c</size>
         <input_file_ref idref="fl-c5"/>
      </object_component>
      <object_component id="oc-1b8">
         <name>.text:ADCProcessorTrigger</name>
         <load_address>0x176c</load_address>
         <run_address>0x176c</run_address>
         <size>0x18</size>
         <input_file_ref idref="fl-d3"/>
      </object_component>
      <object_component id="oc-26b">
         <name>.text:CANIntRegister</name>
         <load_address>0x1784</load_address>
         <run_address>0x1784</run_address>
         <size>0x18</size>
         <input_file_ref idref="fl-d4"/>
      </object_component>
      <object_component id="oc-21b">
         <name>.text:GPIOIntRegister</name>
         <load_address>0x179c</load_address>
         <run_address>0x179c</run_address>
         <size>0x18</size>
         <input_file_ref idref="fl-d5"/>
      </object_component>
      <object_component id="oc-203">
         <name>.text:GPIOPinTypeGPIOOutput</name>
         <load_address>0x17b4</load_address>
         <run_address>0x17b4</run_address>
         <size>0x18</size>
         <input_file_ref idref="fl-d5"/>
      </object_component>
      <object_component id="oc-15b">
         <name>.text:bsp_led_set</name>
         <load_address>0x17cc</load_address>
         <run_address>0x17cc</run_address>
         <size>0x18</size>
         <input_file_ref idref="fl-8"/>
      </object_component>
      <object_component id="oc-155">
         <name>.text:bsp_buzzer_set</name>
         <load_address>0x17e4</load_address>
         <run_address>0x17e4</run_address>
         <size>0x14</size>
         <input_file_ref idref="fl-5"/>
      </object_component>
      <object_component id="oc-23a">
         <name>.text:GPIOPinTypeADC</name>
         <load_address>0x17f8</load_address>
         <run_address>0x17f8</run_address>
         <size>0x12</size>
         <input_file_ref idref="fl-d5"/>
      </object_component>
      <object_component id="oc-253">
         <name>.text:GPIOPinTypeCAN</name>
         <load_address>0x180a</load_address>
         <run_address>0x180a</run_address>
         <size>0x12</size>
         <input_file_ref idref="fl-d5"/>
      </object_component>
      <object_component id="oc-22d">
         <name>.text:IntMasterEnable</name>
         <load_address>0x181c</load_address>
         <run_address>0x181c</run_address>
         <size>0x10</size>
         <input_file_ref idref="fl-d6"/>
      </object_component>
      <object_component id="oc-24c">
         <name>.text:ADCSequenceEnable</name>
         <load_address>0x182c</load_address>
         <run_address>0x182c</run_address>
         <size>0xe</size>
         <input_file_ref idref="fl-d3"/>
      </object_component>
      <object_component id="oc-312">
         <name>.text:GPIOIntStatus</name>
         <load_address>0x183a</load_address>
         <run_address>0x183a</run_address>
         <size>0xe</size>
         <input_file_ref idref="fl-d5"/>
      </object_component>
      <object_component id="oc-1b">
         <name>.text:decompress:none:__TI_decompress_none</name>
         <load_address>0x1848</load_address>
         <run_address>0x1848</run_address>
         <size>0xe</size>
         <input_file_ref idref="fl-c6"/>
      </object_component>
      <object_component id="oc-30b">
         <name>.text:CPUcpsie</name>
         <load_address>0x1856</load_address>
         <run_address>0x1856</run_address>
         <size>0xc</size>
         <input_file_ref idref="fl-d8"/>
      </object_component>
      <object_component id="oc-221">
         <name>.text:GPIOIntEnable</name>
         <load_address>0x1862</load_address>
         <run_address>0x1862</run_address>
         <size>0xc</size>
         <input_file_ref idref="fl-d5"/>
      </object_component>
      <object_component id="oc-1c4">
         <name>.text:ADCIntClear</name>
         <load_address>0x186e</load_address>
         <run_address>0x186e</run_address>
         <size>0xa</size>
         <input_file_ref idref="fl-d3"/>
      </object_component>
      <object_component id="oc-277">
         <name>.text:CANEnable</name>
         <load_address>0x1878</load_address>
         <run_address>0x1878</run_address>
         <size>0xa</size>
         <input_file_ref idref="fl-d4"/>
      </object_component>
      <object_component id="oc-271">
         <name>.text:CANIntEnable</name>
         <load_address>0x1882</load_address>
         <run_address>0x1882</run_address>
         <size>0x8</size>
         <input_file_ref idref="fl-d4"/>
      </object_component>
      <object_component id="oc-318">
         <name>.text:GPIOIntClear</name>
         <load_address>0x188a</load_address>
         <run_address>0x188a</run_address>
         <size>0x6</size>
         <input_file_ref idref="fl-d5"/>
      </object_component>
      <object_component id="oc-31e">
         <name>.text:GPIOPinRead</name>
         <load_address>0x1890</load_address>
         <run_address>0x1890</run_address>
         <size>0x6</size>
         <input_file_ref idref="fl-d5"/>
      </object_component>
      <object_component id="oc-14f">
         <name>.text:GPIOPinWrite</name>
         <load_address>0x1896</load_address>
         <run_address>0x1896</run_address>
         <size>0x6</size>
         <input_file_ref idref="fl-d5"/>
      </object_component>
      <object_component id="oc-27">
         <name>.text:ResetISR</name>
         <load_address>0x189c</load_address>
         <run_address>0x189c</run_address>
         <size>0x6</size>
         <input_file_ref idref="fl-3"/>
      </object_component>
      <object_component id="oc-1e8">
         <name>.text:SysCtlDelay</name>
         <load_address>0x18a2</load_address>
         <run_address>0x18a2</run_address>
         <size>0x6</size>
         <input_file_ref idref="fl-d7"/>
      </object_component>
      <object_component id="oc-d0">
         <name>.text:_system_pre_init</name>
         <load_address>0x18a8</load_address>
         <run_address>0x18a8</run_address>
         <size>0x4</size>
         <input_file_ref idref="fl-ce"/>
      </object_component>
      <object_component id="oc-175">
         <name>.text:abort:abort</name>
         <load_address>0x18ac</load_address>
         <run_address>0x18ac</run_address>
         <size>0x4</size>
         <input_file_ref idref="fl-d0"/>
      </object_component>
      <object_component id="oc-e8">
         <name>.const:.string:_ctypes_</name>
         <load_address>0x18b0</load_address>
         <run_address>0x18b0</run_address>
         <size>0x101</size>
         <input_file_ref idref="fl-c9"/>
      </object_component>
      <object_component id="oc-397">
         <name>.const:g_ppui32GPIOIntMapSnowflake</name>
         <load_address>0x19b4</load_address>
         <run_address>0x19b4</run_address>
         <size>0xd8</size>
         <input_file_ref idref="fl-d5"/>
      </object_component>
      <object_component id="oc-394">
         <name>.const:g_ppui32GPIOIntMapBlizzard</name>
         <load_address>0x1a8c</load_address>
         <run_address>0x1a8c</run_address>
         <size>0xc0</size>
         <input_file_ref idref="fl-d5"/>
      </object_component>
      <object_component id="oc-2ee">
         <name>.const:g_pui32GPIOBaseAddrs</name>
         <load_address>0x1b4c</load_address>
         <run_address>0x1b4c</run_address>
         <size>0x90</size>
         <input_file_ref idref="fl-d5"/>
      </object_component>
      <object_component id="oc-306">
         <name>.const</name>
         <load_address>0x1bdc</load_address>
         <run_address>0x1bdc</run_address>
         <size>0x70</size>
         <input_file_ref idref="fl-d6"/>
      </object_component>
      <object_component id="oc-331">
         <name>.const:g_pui32Xtals</name>
         <load_address>0x1c4c</load_address>
         <run_address>0x1c4c</run_address>
         <size>0x6c</size>
         <input_file_ref idref="fl-d7"/>
      </object_component>
      <object_component id="oc-335">
         <name>.const</name>
         <load_address>0x1cb8</load_address>
         <run_address>0x1cb8</run_address>
         <size>0x20</size>
         <input_file_ref idref="fl-d4"/>
      </object_component>
      <object_component id="oc-3f2">
         <name>.cinit..data.load</name>
         <load_address>0x1cd8</load_address>
         <run_address>0x1cd8</run_address>
         <size>0x14</size>
      </object_component>
      <object_component id="oc-3ef">
         <name>__TI_handler_table</name>
         <load_address>0x1cec</load_address>
         <run_address>0x1cec</run_address>
         <size>0xc</size>
      </object_component>
      <object_component id="oc-3f3">
         <name>.cinit..bss.load</name>
         <load_address>0x1cf8</load_address>
         <run_address>0x1cf8</run_address>
         <size>0x8</size>
      </object_component>
      <object_component id="oc-3f1">
         <name>.cinit..vtable.load</name>
         <load_address>0x1d00</load_address>
         <run_address>0x1d00</run_address>
         <size>0x8</size>
      </object_component>
      <object_component id="oc-3f0">
         <name>__TI_cinit_table</name>
         <load_address>0x1d08</load_address>
         <run_address>0x1d08</run_address>
         <size>0x18</size>
      </object_component>
      <object_component id="oc-39b">
         <name>.vtable</name>
         <uninitialized>true</uninitialized>
         <run_address>0x20000000</run_address>
         <size>0x26c</size>
         <input_file_ref idref="fl-d6"/>
      </object_component>
      <object_component id="oc-170">
         <name>.data</name>
         <load_address>0x20000588</load_address>
         <run_address>0x20000588</run_address>
         <size>0x6</size>
         <input_file_ref idref="fl-6"/>
      </object_component>
      <object_component id="oc-290">
         <name>.data:TxData</name>
         <load_address>0x20000578</load_address>
         <run_address>0x20000578</run_address>
         <size>0x8</size>
         <input_file_ref idref="fl-6"/>
      </object_component>
      <object_component id="oc-aa">
         <name>.data</name>
         <load_address>0x2000058e</load_address>
         <run_address>0x2000058e</run_address>
         <size>0x1</size>
         <input_file_ref idref="fl-7"/>
      </object_component>
      <object_component id="oc-fc">
         <name>.data</name>
         <load_address>0x2000056c</load_address>
         <run_address>0x2000056c</run_address>
         <size>0xc</size>
         <input_file_ref idref="fl-9"/>
      </object_component>
      <object_component id="oc-9e">
         <name>.data</name>
         <load_address>0x20000580</load_address>
         <run_address>0x20000580</run_address>
         <size>0x8</size>
         <input_file_ref idref="fl-a"/>
      </object_component>
      <object_component id="oc-9b">
         <name>.data:uart1_receive_buffer</name>
         <load_address>0x20000544</load_address>
         <run_address>0x20000544</run_address>
         <size>0x14</size>
         <input_file_ref idref="fl-a"/>
      </object_component>
      <object_component id="oc-a7">
         <name>.data:uart2_receive_buffer</name>
         <load_address>0x20000558</load_address>
         <run_address>0x20000558</run_address>
         <size>0x14</size>
         <input_file_ref idref="fl-a"/>
      </object_component>
      <object_component id="oc-1d0">
         <name>.common:pui32ADC0Value</name>
         <uninitialized>true</uninitialized>
         <run_address>0x20000538</run_address>
         <size>0x4</size>
      </object_component>
      <object_component id="oc-28f">
         <name>.common:TxHeader</name>
         <uninitialized>true</uninitialized>
         <run_address>0x200004f0</run_address>
         <size>0x14</size>
      </object_component>
      <object_component id="oc-16d">
         <name>.common:sCANMessage</name>
         <uninitialized>true</uninitialized>
         <run_address>0x20000504</run_address>
         <size>0x14</size>
      </object_component>
      <object_component id="oc-173">
         <name>.common:pui8MsgData</name>
         <uninitialized>true</uninitialized>
         <run_address>0x20000530</run_address>
         <size>0x8</size>
      </object_component>
      <object_component id="oc-2b0">
         <name>.common:m2006_angle</name>
         <uninitialized>true</uninitialized>
         <run_address>0x20000518</run_address>
         <size>0x8</size>
      </object_component>
      <object_component id="oc-2b1">
         <name>.common:m2006_speed</name>
         <uninitialized>true</uninitialized>
         <run_address>0x20000520</run_address>
         <size>0x8</size>
      </object_component>
      <object_component id="oc-2b2">
         <name>.common:m2006_torque</name>
         <uninitialized>true</uninitialized>
         <run_address>0x20000528</run_address>
         <size>0x8</size>
      </object_component>
      <object_component id="oc-1d4">
         <name>.common:pid_speed</name>
         <uninitialized>true</uninitialized>
         <run_address>0x20000470</run_address>
         <size>0x80</size>
      </object_component>
      <object_component id="oc-ff">
         <name>.common:task1_temp_avg_speed</name>
         <uninitialized>true</uninitialized>
         <run_address>0x20000540</run_address>
         <size>0x2</size>
      </object_component>
      <object_component id="oc-f9">
         <name>.common:ultrasonic_value</name>
         <uninitialized>true</uninitialized>
         <run_address>0x2000053c</run_address>
         <size>0x4</size>
      </object_component>
      <object_component id="oc-24">
         <name>.stack</name>
         <uninitialized>true</uninitialized>
         <run_address>0x20000270</run_address>
         <size>0x4</size>
         <input_file_ref idref="fl-ca"/>
      </object_component>
      <object_component id="oc-3f5">
         <name>.stack</name>
         <uninitialized>true</uninitialized>
         <run_address>0x20000270</run_address>
         <size>0x0</size>
      </object_component>
      <object_component id="oc-114">
         <name>.debug_info</name>
         <load_address>0x0</load_address>
         <run_address>0x0</run_address>
         <size>0x55c</size>
         <input_file_ref idref="fl-2"/>
      </object_component>
      <object_component id="oc-d9">
         <name>.debug_info</name>
         <load_address>0x55c</load_address>
         <run_address>0x55c</run_address>
         <size>0x230</size>
         <input_file_ref idref="fl-2"/>
      </object_component>
      <object_component id="oc-1e3">
         <name>.debug_info</name>
         <load_address>0x78c</load_address>
         <run_address>0x78c</run_address>
         <size>0x48</size>
         <input_file_ref idref="fl-2"/>
      </object_component>
      <object_component id="oc-1de">
         <name>.debug_info</name>
         <load_address>0x7d4</load_address>
         <run_address>0x7d4</run_address>
         <size>0x1b3</size>
         <input_file_ref idref="fl-2"/>
      </object_component>
      <object_component id="oc-2b6">
         <name>.debug_info</name>
         <load_address>0x987</load_address>
         <run_address>0x987</run_address>
         <size>0x11f</size>
         <input_file_ref idref="fl-2"/>
      </object_component>
      <object_component id="oc-b0">
         <name>.debug_info</name>
         <load_address>0xaa6</load_address>
         <run_address>0xaa6</run_address>
         <size>0x26b</size>
         <input_file_ref idref="fl-2"/>
      </object_component>
      <object_component id="oc-101">
         <name>.debug_info</name>
         <load_address>0xd11</load_address>
         <run_address>0xd11</run_address>
         <size>0x8b</size>
         <input_file_ref idref="fl-2"/>
      </object_component>
      <object_component id="oc-10b">
         <name>.debug_info</name>
         <load_address>0xd9c</load_address>
         <run_address>0xd9c</run_address>
         <size>0x2a4</size>
         <input_file_ref idref="fl-2"/>
      </object_component>
      <object_component id="oc-a2">
         <name>.debug_info</name>
         <load_address>0x1040</load_address>
         <run_address>0x1040</run_address>
         <size>0xbb</size>
         <input_file_ref idref="fl-2"/>
      </object_component>
      <object_component id="oc-4d">
         <name>.debug_info</name>
         <load_address>0x10fb</load_address>
         <run_address>0x10fb</run_address>
         <size>0x2df</size>
         <input_file_ref idref="fl-3"/>
      </object_component>
      <object_component id="oc-13">
         <name>.debug_info</name>
         <load_address>0x13da</load_address>
         <run_address>0x13da</run_address>
         <size>0xd2</size>
         <input_file_ref idref="fl-3"/>
      </object_component>
      <object_component id="oc-29">
         <name>.debug_info</name>
         <load_address>0x14ac</load_address>
         <run_address>0x14ac</run_address>
         <size>0x102</size>
         <input_file_ref idref="fl-3"/>
      </object_component>
      <object_component id="oc-2f">
         <name>.debug_info</name>
         <load_address>0x15ae</load_address>
         <run_address>0x15ae</run_address>
         <size>0xf1</size>
         <input_file_ref idref="fl-3"/>
      </object_component>
      <object_component id="oc-3c">
         <name>.debug_info</name>
         <load_address>0x169f</load_address>
         <run_address>0x169f</run_address>
         <size>0x10b</size>
         <input_file_ref idref="fl-3"/>
      </object_component>
      <object_component id="oc-36">
         <name>.debug_info</name>
         <load_address>0x17aa</load_address>
         <run_address>0x17aa</run_address>
         <size>0xf9</size>
         <input_file_ref idref="fl-3"/>
      </object_component>
      <object_component id="oc-54">
         <name>.debug_info</name>
         <load_address>0x18a3</load_address>
         <run_address>0x18a3</run_address>
         <size>0x84</size>
         <input_file_ref idref="fl-3"/>
      </object_component>
      <object_component id="oc-1d1">
         <name>.debug_info</name>
         <load_address>0x1927</load_address>
         <run_address>0x1927</run_address>
         <size>0x4c6</size>
         <input_file_ref idref="fl-4"/>
      </object_component>
      <object_component id="oc-f0">
         <name>.debug_info</name>
         <load_address>0x1ded</load_address>
         <run_address>0x1ded</run_address>
         <size>0x166</size>
         <input_file_ref idref="fl-4"/>
      </object_component>
      <object_component id="oc-138">
         <name>.debug_info</name>
         <load_address>0x1f53</load_address>
         <run_address>0x1f53</run_address>
         <size>0x1bd</size>
         <input_file_ref idref="fl-4"/>
      </object_component>
      <object_component id="oc-299">
         <name>.debug_info</name>
         <load_address>0x2110</load_address>
         <run_address>0x2110</run_address>
         <size>0x311</size>
         <input_file_ref idref="fl-5"/>
      </object_component>
      <object_component id="oc-156">
         <name>.debug_info</name>
         <load_address>0x2421</load_address>
         <run_address>0x2421</run_address>
         <size>0x14b</size>
         <input_file_ref idref="fl-5"/>
      </object_component>
      <object_component id="oc-144">
         <name>.debug_info</name>
         <load_address>0x256c</load_address>
         <run_address>0x256c</run_address>
         <size>0x152</size>
         <input_file_ref idref="fl-5"/>
      </object_component>
      <object_component id="oc-16e">
         <name>.debug_info</name>
         <load_address>0x26be</load_address>
         <run_address>0x26be</run_address>
         <size>0x676</size>
         <input_file_ref idref="fl-6"/>
      </object_component>
      <object_component id="oc-171">
         <name>.debug_info</name>
         <load_address>0x2d34</load_address>
         <run_address>0x2d34</run_address>
         <size>0x11e</size>
         <input_file_ref idref="fl-6"/>
      </object_component>
      <object_component id="oc-291">
         <name>.debug_info</name>
         <load_address>0x2e52</load_address>
         <run_address>0x2e52</run_address>
         <size>0xc6</size>
         <input_file_ref idref="fl-6"/>
      </object_component>
      <object_component id="oc-2a6">
         <name>.debug_info</name>
         <load_address>0x2f18</load_address>
         <run_address>0x2f18</run_address>
         <size>0x175</size>
         <input_file_ref idref="fl-6"/>
      </object_component>
      <object_component id="oc-f4">
         <name>.debug_info</name>
         <load_address>0x308d</load_address>
         <run_address>0x308d</run_address>
         <size>0x16b</size>
         <input_file_ref idref="fl-6"/>
      </object_component>
      <object_component id="oc-2ab">
         <name>.debug_info</name>
         <load_address>0x31f8</load_address>
         <run_address>0x31f8</run_address>
         <size>0x19b</size>
         <input_file_ref idref="fl-6"/>
      </object_component>
      <object_component id="oc-286">
         <name>.debug_info</name>
         <load_address>0x3393</load_address>
         <run_address>0x3393</run_address>
         <size>0x121</size>
         <input_file_ref idref="fl-6"/>
      </object_component>
      <object_component id="oc-140">
         <name>.debug_info</name>
         <load_address>0x34b4</load_address>
         <run_address>0x34b4</run_address>
         <size>0x237</size>
         <input_file_ref idref="fl-6"/>
      </object_component>
      <object_component id="oc-16a">
         <name>.debug_info</name>
         <load_address>0x36eb</load_address>
         <run_address>0x36eb</run_address>
         <size>0x15f</size>
         <input_file_ref idref="fl-6"/>
      </object_component>
      <object_component id="oc-28a">
         <name>.debug_info</name>
         <load_address>0x384a</load_address>
         <run_address>0x384a</run_address>
         <size>0x161</size>
         <input_file_ref idref="fl-6"/>
      </object_component>
      <object_component id="oc-ab">
         <name>.debug_info</name>
         <load_address>0x39ab</load_address>
         <run_address>0x39ab</run_address>
         <size>0xd2</size>
         <input_file_ref idref="fl-7"/>
      </object_component>
      <object_component id="oc-234">
         <name>.debug_info</name>
         <load_address>0x3a7d</load_address>
         <run_address>0x3a7d</run_address>
         <size>0x170</size>
         <input_file_ref idref="fl-7"/>
      </object_component>
      <object_component id="oc-132">
         <name>.debug_info</name>
         <load_address>0x3bed</load_address>
         <run_address>0x3bed</run_address>
         <size>0x20c</size>
         <input_file_ref idref="fl-7"/>
      </object_component>
      <object_component id="oc-29b">
         <name>.debug_info</name>
         <load_address>0x3df9</load_address>
         <run_address>0x3df9</run_address>
         <size>0x319</size>
         <input_file_ref idref="fl-8"/>
      </object_component>
      <object_component id="oc-15f">
         <name>.debug_info</name>
         <load_address>0x4112</load_address>
         <run_address>0x4112</run_address>
         <size>0x173</size>
         <input_file_ref idref="fl-8"/>
      </object_component>
      <object_component id="oc-14a">
         <name>.debug_info</name>
         <load_address>0x4285</load_address>
         <run_address>0x4285</run_address>
         <size>0x143</size>
         <input_file_ref idref="fl-8"/>
      </object_component>
      <object_component id="oc-fa">
         <name>.debug_info</name>
         <load_address>0x43c8</load_address>
         <run_address>0x43c8</run_address>
         <size>0x37d</size>
         <input_file_ref idref="fl-9"/>
      </object_component>
      <object_component id="oc-fd">
         <name>.debug_info</name>
         <load_address>0x4745</load_address>
         <run_address>0x4745</run_address>
         <size>0x18f</size>
         <input_file_ref idref="fl-9"/>
      </object_component>
      <object_component id="oc-96">
         <name>.debug_info</name>
         <load_address>0x48d4</load_address>
         <run_address>0x48d4</run_address>
         <size>0x169</size>
         <input_file_ref idref="fl-9"/>
      </object_component>
      <object_component id="oc-108">
         <name>.debug_info</name>
         <load_address>0x4a3d</load_address>
         <run_address>0x4a3d</run_address>
         <size>0x34b</size>
         <input_file_ref idref="fl-a"/>
      </object_component>
      <object_component id="oc-9f">
         <name>.debug_info</name>
         <load_address>0x4d88</load_address>
         <run_address>0x4d88</run_address>
         <size>0x207</size>
         <input_file_ref idref="fl-a"/>
      </object_component>
      <object_component id="oc-9c">
         <name>.debug_info</name>
         <load_address>0x4f8f</load_address>
         <run_address>0x4f8f</run_address>
         <size>0xe6</size>
         <input_file_ref idref="fl-a"/>
      </object_component>
      <object_component id="oc-a8">
         <name>.debug_info</name>
         <load_address>0x5075</load_address>
         <run_address>0x5075</run_address>
         <size>0xe6</size>
         <input_file_ref idref="fl-a"/>
      </object_component>
      <object_component id="oc-12f">
         <name>.debug_info</name>
         <load_address>0x515b</load_address>
         <run_address>0x515b</run_address>
         <size>0x1c8</size>
         <input_file_ref idref="fl-a"/>
      </object_component>
      <object_component id="oc-327">
         <name>.debug_info</name>
         <load_address>0x5323</load_address>
         <run_address>0x5323</run_address>
         <size>0x187</size>
         <input_file_ref idref="fl-a"/>
      </object_component>
      <object_component id="oc-49">
         <name>.debug_info</name>
         <load_address>0x54aa</load_address>
         <run_address>0x54aa</run_address>
         <size>0x160</size>
         <input_file_ref idref="fl-a"/>
      </object_component>
      <object_component id="oc-42">
         <name>.debug_info</name>
         <load_address>0x560a</load_address>
         <run_address>0x560a</run_address>
         <size>0x16c</size>
         <input_file_ref idref="fl-a"/>
      </object_component>
      <object_component id="oc-c9">
         <name>.debug_info</name>
         <load_address>0x5776</load_address>
         <run_address>0x5776</run_address>
         <size>0x2d4</size>
         <input_file_ref idref="fl-c5"/>
      </object_component>
      <object_component id="oc-68">
         <name>.debug_info</name>
         <load_address>0x5a4a</load_address>
         <run_address>0x5a4a</run_address>
         <size>0x1d2</size>
         <input_file_ref idref="fl-c5"/>
      </object_component>
      <object_component id="oc-c4">
         <name>.debug_info</name>
         <load_address>0x5c1c</load_address>
         <run_address>0x5c1c</run_address>
         <size>0x46</size>
         <input_file_ref idref="fl-c5"/>
      </object_component>
      <object_component id="oc-11c">
         <name>.debug_info</name>
         <load_address>0x5c62</load_address>
         <run_address>0x5c62</run_address>
         <size>0x2c</size>
         <input_file_ref idref="fl-c5"/>
      </object_component>
      <object_component id="oc-64">
         <name>.debug_info</name>
         <load_address>0x5c8e</load_address>
         <run_address>0x5c8e</run_address>
         <size>0x2a8</size>
         <input_file_ref idref="fl-c6"/>
      </object_component>
      <object_component id="oc-1f">
         <name>.debug_info</name>
         <load_address>0x5f36</load_address>
         <run_address>0x5f36</run_address>
         <size>0x1ea</size>
         <input_file_ref idref="fl-c6"/>
      </object_component>
      <object_component id="oc-5f">
         <name>.debug_info</name>
         <load_address>0x6120</load_address>
         <run_address>0x6120</run_address>
         <size>0x46</size>
         <input_file_ref idref="fl-c6"/>
      </object_component>
      <object_component id="oc-bc">
         <name>.debug_info</name>
         <load_address>0x6166</load_address>
         <run_address>0x6166</run_address>
         <size>0x2c</size>
         <input_file_ref idref="fl-c6"/>
      </object_component>
      <object_component id="oc-ba">
         <name>.debug_info</name>
         <load_address>0x6192</load_address>
         <run_address>0x6192</run_address>
         <size>0x29e</size>
         <input_file_ref idref="fl-c7"/>
      </object_component>
      <object_component id="oc-18">
         <name>.debug_info</name>
         <load_address>0x6430</load_address>
         <run_address>0x6430</run_address>
         <size>0x250</size>
         <input_file_ref idref="fl-c7"/>
      </object_component>
      <object_component id="oc-4f">
         <name>.debug_info</name>
         <load_address>0x6680</load_address>
         <run_address>0x6680</run_address>
         <size>0x60</size>
         <input_file_ref idref="fl-c7"/>
      </object_component>
      <object_component id="oc-115">
         <name>.debug_info</name>
         <load_address>0x66e0</load_address>
         <run_address>0x66e0</run_address>
         <size>0x46</size>
         <input_file_ref idref="fl-c7"/>
      </object_component>
      <object_component id="oc-b5">
         <name>.debug_info</name>
         <load_address>0x6726</load_address>
         <run_address>0x6726</run_address>
         <size>0x39</size>
         <input_file_ref idref="fl-c7"/>
      </object_component>
      <object_component id="oc-ec">
         <name>.debug_info</name>
         <load_address>0x675f</load_address>
         <run_address>0x675f</run_address>
         <size>0x2b9</size>
         <input_file_ref idref="fl-c8"/>
      </object_component>
      <object_component id="oc-91">
         <name>.debug_info</name>
         <load_address>0x6a18</load_address>
         <run_address>0x6a18</run_address>
         <size>0x17c</size>
         <input_file_ref idref="fl-c8"/>
      </object_component>
      <object_component id="oc-1b5">
         <name>.debug_info</name>
         <load_address>0x6b94</load_address>
         <run_address>0x6b94</run_address>
         <size>0xf9</size>
         <input_file_ref idref="fl-c9"/>
      </object_component>
      <object_component id="oc-e9">
         <name>.debug_info</name>
         <load_address>0x6c8d</load_address>
         <run_address>0x6c8d</run_address>
         <size>0x105</size>
         <input_file_ref idref="fl-c9"/>
      </object_component>
      <object_component id="oc-25">
         <name>.debug_info</name>
         <load_address>0x6d92</load_address>
         <run_address>0x6d92</run_address>
         <size>0x10b</size>
         <input_file_ref idref="fl-ca"/>
      </object_component>
      <object_component id="oc-78">
         <name>.debug_info</name>
         <load_address>0x6e9d</load_address>
         <run_address>0x6e9d</run_address>
         <size>0x1a9</size>
         <input_file_ref idref="fl-ca"/>
      </object_component>
      <object_component id="oc-5c">
         <name>.debug_info</name>
         <load_address>0x7046</load_address>
         <run_address>0x7046</run_address>
         <size>0x119</size>
         <input_file_ref idref="fl-cb"/>
      </object_component>
      <object_component id="oc-2c8">
         <name>.debug_info</name>
         <load_address>0x715f</load_address>
         <run_address>0x715f</run_address>
         <size>0x4b3</size>
         <input_file_ref idref="fl-cd"/>
      </object_component>
      <object_component id="oc-182">
         <name>.debug_info</name>
         <load_address>0x7612</load_address>
         <run_address>0x7612</run_address>
         <size>0x1a6</size>
         <input_file_ref idref="fl-cd"/>
      </object_component>
      <object_component id="oc-37f">
         <name>.debug_info</name>
         <load_address>0x77b8</load_address>
         <run_address>0x77b8</run_address>
         <size>0x39</size>
         <input_file_ref idref="fl-cd"/>
      </object_component>
      <object_component id="oc-3b4">
         <name>.debug_info</name>
         <load_address>0x77f1</load_address>
         <run_address>0x77f1</run_address>
         <size>0x39</size>
         <input_file_ref idref="fl-cd"/>
      </object_component>
      <object_component id="oc-384">
         <name>.debug_info</name>
         <load_address>0x782a</load_address>
         <run_address>0x782a</run_address>
         <size>0x39</size>
         <input_file_ref idref="fl-cd"/>
      </object_component>
      <object_component id="oc-389">
         <name>.debug_info</name>
         <load_address>0x7863</load_address>
         <run_address>0x7863</run_address>
         <size>0xcd</size>
         <input_file_ref idref="fl-cd"/>
      </object_component>
      <object_component id="oc-d2">
         <name>.debug_info</name>
         <load_address>0x7930</load_address>
         <run_address>0x7930</run_address>
         <size>0x153</size>
         <input_file_ref idref="fl-ce"/>
      </object_component>
      <object_component id="oc-177">
         <name>.debug_info</name>
         <load_address>0x7a83</load_address>
         <run_address>0x7a83</run_address>
         <size>0x122</size>
         <input_file_ref idref="fl-d0"/>
      </object_component>
      <object_component id="oc-2e0">
         <name>.debug_info</name>
         <load_address>0x7ba5</load_address>
         <run_address>0x7ba5</run_address>
         <size>0x24d</size>
         <input_file_ref idref="fl-d3"/>
      </object_component>
      <object_component id="oc-247">
         <name>.debug_info</name>
         <load_address>0x7df2</load_address>
         <run_address>0x7df2</run_address>
         <size>0x333</size>
         <input_file_ref idref="fl-d3"/>
      </object_component>
      <object_component id="oc-24d">
         <name>.debug_info</name>
         <load_address>0x8125</load_address>
         <run_address>0x8125</run_address>
         <size>0x2a0</size>
         <input_file_ref idref="fl-d3"/>
      </object_component>
      <object_component id="oc-1cb">
         <name>.debug_info</name>
         <load_address>0x83c5</load_address>
         <run_address>0x83c5</run_address>
         <size>0x2ff</size>
         <input_file_ref idref="fl-d3"/>
      </object_component>
      <object_component id="oc-241">
         <name>.debug_info</name>
         <load_address>0x86c4</load_address>
         <run_address>0x86c4</run_address>
         <size>0x326</size>
         <input_file_ref idref="fl-d3"/>
      </object_component>
      <object_component id="oc-1b9">
         <name>.debug_info</name>
         <load_address>0x89ea</load_address>
         <run_address>0x89ea</run_address>
         <size>0x2a4</size>
         <input_file_ref idref="fl-d3"/>
      </object_component>
      <object_component id="oc-1bf">
         <name>.debug_info</name>
         <load_address>0x8c8e</load_address>
         <run_address>0x8c8e</run_address>
         <size>0x2e7</size>
         <input_file_ref idref="fl-d3"/>
      </object_component>
      <object_component id="oc-1c5">
         <name>.debug_info</name>
         <load_address>0x8f75</load_address>
         <run_address>0x8f75</run_address>
         <size>0x294</size>
         <input_file_ref idref="fl-d3"/>
      </object_component>
      <object_component id="oc-1ea">
         <name>.debug_info</name>
         <load_address>0x9209</load_address>
         <run_address>0x9209</run_address>
         <size>0x18b</size>
         <input_file_ref idref="fl-d3"/>
      </object_component>
      <object_component id="oc-2a3">
         <name>.debug_info</name>
         <load_address>0x9394</load_address>
         <run_address>0x9394</run_address>
         <size>0x227</size>
         <input_file_ref idref="fl-d4"/>
      </object_component>
      <object_component id="oc-336">
         <name>.debug_info</name>
         <load_address>0x95bb</load_address>
         <run_address>0x95bb</run_address>
         <size>0x156</size>
         <input_file_ref idref="fl-d4"/>
      </object_component>
      <object_component id="oc-35c">
         <name>.debug_info</name>
         <load_address>0x9711</load_address>
         <run_address>0x9711</run_address>
         <size>0x286</size>
         <input_file_ref idref="fl-d4"/>
      </object_component>
      <object_component id="oc-343">
         <name>.debug_info</name>
         <load_address>0x9997</load_address>
         <run_address>0x9997</run_address>
         <size>0x2dd</size>
         <input_file_ref idref="fl-d4"/>
      </object_component>
      <object_component id="oc-27e">
         <name>.debug_info</name>
         <load_address>0x9c74</load_address>
         <run_address>0x9c74</run_address>
         <size>0x413</size>
         <input_file_ref idref="fl-d4"/>
      </object_component>
      <object_component id="oc-29d">
         <name>.debug_info</name>
         <load_address>0xa087</load_address>
         <run_address>0xa087</run_address>
         <size>0x2de</size>
         <input_file_ref idref="fl-d4"/>
      </object_component>
      <object_component id="oc-162">
         <name>.debug_info</name>
         <load_address>0xa365</load_address>
         <run_address>0xa365</run_address>
         <size>0x3e8</size>
         <input_file_ref idref="fl-d4"/>
      </object_component>
      <object_component id="oc-33a">
         <name>.debug_info</name>
         <load_address>0xa74d</load_address>
         <run_address>0xa74d</run_address>
         <size>0x265</size>
         <input_file_ref idref="fl-d4"/>
      </object_component>
      <object_component id="oc-352">
         <name>.debug_info</name>
         <load_address>0xa9b2</load_address>
         <run_address>0xa9b2</run_address>
         <size>0x28c</size>
         <input_file_ref idref="fl-d4"/>
      </object_component>
      <object_component id="oc-26e">
         <name>.debug_info</name>
         <load_address>0xac3e</load_address>
         <run_address>0xac3e</run_address>
         <size>0x2c7</size>
         <input_file_ref idref="fl-d4"/>
      </object_component>
      <object_component id="oc-273">
         <name>.debug_info</name>
         <load_address>0xaf05</load_address>
         <run_address>0xaf05</run_address>
         <size>0x28a</size>
         <input_file_ref idref="fl-d4"/>
      </object_component>
      <object_component id="oc-357">
         <name>.debug_info</name>
         <load_address>0xb18f</load_address>
         <run_address>0xb18f</run_address>
         <size>0x286</size>
         <input_file_ref idref="fl-d4"/>
      </object_component>
      <object_component id="oc-25c">
         <name>.debug_info</name>
         <load_address>0xb415</load_address>
         <run_address>0xb415</run_address>
         <size>0x26c</size>
         <input_file_ref idref="fl-d4"/>
      </object_component>
      <object_component id="oc-278">
         <name>.debug_info</name>
         <load_address>0xb681</load_address>
         <run_address>0xb681</run_address>
         <size>0x242</size>
         <input_file_ref idref="fl-d4"/>
      </object_component>
      <object_component id="oc-267">
         <name>.debug_info</name>
         <load_address>0xb8c3</load_address>
         <run_address>0xb8c3</run_address>
         <size>0x360</size>
         <input_file_ref idref="fl-d4"/>
      </object_component>
      <object_component id="oc-349">
         <name>.debug_info</name>
         <load_address>0xbc23</load_address>
         <run_address>0xbc23</run_address>
         <size>0x1b3</size>
         <input_file_ref idref="fl-d4"/>
      </object_component>
      <object_component id="oc-297">
         <name>.debug_info</name>
         <load_address>0xbdd6</load_address>
         <run_address>0xbdd6</run_address>
         <size>0x240</size>
         <input_file_ref idref="fl-d5"/>
      </object_component>
      <object_component id="oc-395">
         <name>.debug_info</name>
         <load_address>0xc016</load_address>
         <run_address>0xc016</run_address>
         <size>0x167</size>
         <input_file_ref idref="fl-d5"/>
      </object_component>
      <object_component id="oc-398">
         <name>.debug_info</name>
         <load_address>0xc17d</load_address>
         <run_address>0xc17d</run_address>
         <size>0x169</size>
         <input_file_ref idref="fl-d5"/>
      </object_component>
      <object_component id="oc-2ef">
         <name>.debug_info</name>
         <load_address>0xc2e6</load_address>
         <run_address>0xc2e6</run_address>
         <size>0x15b</size>
         <input_file_ref idref="fl-d5"/>
      </object_component>
      <object_component id="oc-150">
         <name>.debug_info</name>
         <load_address>0xc441</load_address>
         <run_address>0xc441</run_address>
         <size>0x2a3</size>
         <input_file_ref idref="fl-d5"/>
      </object_component>
      <object_component id="oc-20a">
         <name>.debug_info</name>
         <load_address>0xc6e4</load_address>
         <run_address>0xc6e4</run_address>
         <size>0x2b3</size>
         <input_file_ref idref="fl-d5"/>
      </object_component>
      <object_component id="oc-210">
         <name>.debug_info</name>
         <load_address>0xc997</load_address>
         <run_address>0xc997</run_address>
         <size>0x316</size>
         <input_file_ref idref="fl-d5"/>
      </object_component>
      <object_component id="oc-204">
         <name>.debug_info</name>
         <load_address>0xccad</load_address>
         <run_address>0xccad</run_address>
         <size>0x2b7</size>
         <input_file_ref idref="fl-d5"/>
      </object_component>
      <object_component id="oc-254">
         <name>.debug_info</name>
         <load_address>0xcf64</load_address>
         <run_address>0xcf64</run_address>
         <size>0x279</size>
         <input_file_ref idref="fl-d5"/>
      </object_component>
      <object_component id="oc-23b">
         <name>.debug_info</name>
         <load_address>0xd1dd</load_address>
         <run_address>0xd1dd</run_address>
         <size>0x279</size>
         <input_file_ref idref="fl-d5"/>
      </object_component>
      <object_component id="oc-31f">
         <name>.debug_info</name>
         <load_address>0xd456</load_address>
         <run_address>0xd456</run_address>
         <size>0x27b</size>
         <input_file_ref idref="fl-d5"/>
      </object_component>
      <object_component id="oc-1f1">
         <name>.debug_info</name>
         <load_address>0xd6d1</load_address>
         <run_address>0xd6d1</run_address>
         <size>0x280</size>
         <input_file_ref idref="fl-d5"/>
      </object_component>
      <object_component id="oc-2f9">
         <name>.debug_info</name>
         <load_address>0xd951</load_address>
         <run_address>0xd951</run_address>
         <size>0x298</size>
         <input_file_ref idref="fl-d5"/>
      </object_component>
      <object_component id="oc-217">
         <name>.debug_info</name>
         <load_address>0xdbe9</load_address>
         <run_address>0xdbe9</run_address>
         <size>0x2bb</size>
         <input_file_ref idref="fl-d5"/>
      </object_component>
      <object_component id="oc-314">
         <name>.debug_info</name>
         <load_address>0xdea4</load_address>
         <run_address>0xdea4</run_address>
         <size>0x27f</size>
         <input_file_ref idref="fl-d5"/>
      </object_component>
      <object_component id="oc-21c">
         <name>.debug_info</name>
         <load_address>0xe123</load_address>
         <run_address>0xe123</run_address>
         <size>0x2cf</size>
         <input_file_ref idref="fl-d5"/>
      </object_component>
      <object_component id="oc-222">
         <name>.debug_info</name>
         <load_address>0xe3f2</load_address>
         <run_address>0xe3f2</run_address>
         <size>0x28f</size>
         <input_file_ref idref="fl-d5"/>
      </object_component>
      <object_component id="oc-319">
         <name>.debug_info</name>
         <load_address>0xe681</load_address>
         <run_address>0xe681</run_address>
         <size>0x28d</size>
         <input_file_ref idref="fl-d5"/>
      </object_component>
      <object_component id="oc-30a">
         <name>.debug_info</name>
         <load_address>0xe90e</load_address>
         <run_address>0xe90e</run_address>
         <size>0x20e</size>
         <input_file_ref idref="fl-d6"/>
      </object_component>
      <object_component id="oc-307">
         <name>.debug_info</name>
         <load_address>0xeb1c</load_address>
         <run_address>0xeb1c</run_address>
         <size>0x210</size>
         <input_file_ref idref="fl-d6"/>
      </object_component>
      <object_component id="oc-39c">
         <name>.debug_info</name>
         <load_address>0xed2c</load_address>
         <run_address>0xed2c</run_address>
         <size>0x157</size>
         <input_file_ref idref="fl-d6"/>
      </object_component>
      <object_component id="oc-300">
         <name>.debug_info</name>
         <load_address>0xee83</load_address>
         <run_address>0xee83</run_address>
         <size>0x2c1</size>
         <input_file_ref idref="fl-d6"/>
      </object_component>
      <object_component id="oc-22e">
         <name>.debug_info</name>
         <load_address>0xf144</load_address>
         <run_address>0xf144</run_address>
         <size>0x23e</size>
         <input_file_ref idref="fl-d6"/>
      </object_component>
      <object_component id="oc-228">
         <name>.debug_info</name>
         <load_address>0xf382</load_address>
         <run_address>0xf382</run_address>
         <size>0x268</size>
         <input_file_ref idref="fl-d6"/>
      </object_component>
      <object_component id="oc-1ef">
         <name>.debug_info</name>
         <load_address>0xf5ea</load_address>
         <run_address>0xf5ea</run_address>
         <size>0x298</size>
         <input_file_ref idref="fl-d7"/>
      </object_component>
      <object_component id="oc-332">
         <name>.debug_info</name>
         <load_address>0xf882</load_address>
         <run_address>0xf882</run_address>
         <size>0x14d</size>
         <input_file_ref idref="fl-d7"/>
      </object_component>
      <object_component id="oc-1fe">
         <name>.debug_info</name>
         <load_address>0xf9cf</load_address>
         <run_address>0xf9cf</run_address>
         <size>0x27f</size>
         <input_file_ref idref="fl-d7"/>
      </object_component>
      <object_component id="oc-1f8">
         <name>.debug_info</name>
         <load_address>0xfc4e</load_address>
         <run_address>0xfc4e</run_address>
         <size>0x27d</size>
         <input_file_ref idref="fl-d7"/>
      </object_component>
      <object_component id="oc-126">
         <name>.debug_info</name>
         <load_address>0xfecb</load_address>
         <run_address>0xfecb</run_address>
         <size>0x2db</size>
         <input_file_ref idref="fl-d7"/>
      </object_component>
      <object_component id="oc-260">
         <name>.debug_info</name>
         <load_address>0x101a6</load_address>
         <run_address>0x101a6</run_address>
         <size>0x2b5</size>
         <input_file_ref idref="fl-d7"/>
      </object_component>
      <object_component id="oc-2e9">
         <name>.debug_info</name>
         <load_address>0x1045b</load_address>
         <run_address>0x1045b</run_address>
         <size>0x5f</size>
         <input_file_ref idref="fl-d7"/>
      </object_component>
      <object_component id="oc-30c">
         <name>.debug_info</name>
         <load_address>0x104ba</load_address>
         <run_address>0x104ba</run_address>
         <size>0x212</size>
         <input_file_ref idref="fl-d8"/>
      </object_component>
      <object_component id="oc-3f6">
         <name>.debug_info</name>
         <load_address>0x106cc</load_address>
         <run_address>0x106cc</run_address>
         <size>0x92</size>
      </object_component>
      <object_component id="oc-1dd">
         <name>.debug_line</name>
         <load_address>0x0</load_address>
         <run_address>0x0</run_address>
         <size>0x1da</size>
         <input_file_ref idref="fl-2"/>
      </object_component>
      <object_component id="oc-d8">
         <name>.debug_line</name>
         <load_address>0x1da</load_address>
         <run_address>0x1da</run_address>
         <size>0x7b</size>
         <input_file_ref idref="fl-2"/>
      </object_component>
      <object_component id="oc-1e6">
         <name>.debug_line</name>
         <load_address>0x255</load_address>
         <run_address>0x255</run_address>
         <size>0x4f</size>
         <input_file_ref idref="fl-2"/>
      </object_component>
      <object_component id="oc-1e1">
         <name>.debug_line</name>
         <load_address>0x2a4</load_address>
         <run_address>0x2a4</run_address>
         <size>0x5d</size>
         <input_file_ref idref="fl-2"/>
      </object_component>
      <object_component id="oc-2b9">
         <name>.debug_line</name>
         <load_address>0x301</load_address>
         <run_address>0x301</run_address>
         <size>0x4f</size>
         <input_file_ref idref="fl-2"/>
      </object_component>
      <object_component id="oc-b3">
         <name>.debug_line</name>
         <load_address>0x350</load_address>
         <run_address>0x350</run_address>
         <size>0x6f</size>
         <input_file_ref idref="fl-2"/>
      </object_component>
      <object_component id="oc-104">
         <name>.debug_line</name>
         <load_address>0x3bf</load_address>
         <run_address>0x3bf</run_address>
         <size>0x20</size>
         <input_file_ref idref="fl-2"/>
      </object_component>
      <object_component id="oc-10e">
         <name>.debug_line</name>
         <load_address>0x3df</load_address>
         <run_address>0x3df</run_address>
         <size>0x73</size>
         <input_file_ref idref="fl-2"/>
      </object_component>
      <object_component id="oc-a5">
         <name>.debug_line</name>
         <load_address>0x452</load_address>
         <run_address>0x452</run_address>
         <size>0x70</size>
         <input_file_ref idref="fl-2"/>
      </object_component>
      <object_component id="oc-af">
         <name>.debug_line</name>
         <load_address>0x4c2</load_address>
         <run_address>0x4c2</run_address>
         <size>0x34</size>
         <input_file_ref idref="fl-3"/>
      </object_component>
      <object_component id="oc-4c">
         <name>.debug_line</name>
         <load_address>0x4f6</load_address>
         <run_address>0x4f6</run_address>
         <size>0x34</size>
         <input_file_ref idref="fl-3"/>
      </object_component>
      <object_component id="oc-28">
         <name>.debug_line</name>
         <load_address>0x52a</load_address>
         <run_address>0x52a</run_address>
         <size>0x46</size>
         <input_file_ref idref="fl-3"/>
      </object_component>
      <object_component id="oc-32">
         <name>.debug_line</name>
         <load_address>0x570</load_address>
         <run_address>0x570</run_address>
         <size>0x49</size>
         <input_file_ref idref="fl-3"/>
      </object_component>
      <object_component id="oc-3e">
         <name>.debug_line</name>
         <load_address>0x5b9</load_address>
         <run_address>0x5b9</run_address>
         <size>0x49</size>
         <input_file_ref idref="fl-3"/>
      </object_component>
      <object_component id="oc-38">
         <name>.debug_line</name>
         <load_address>0x602</load_address>
         <run_address>0x602</run_address>
         <size>0x49</size>
         <input_file_ref idref="fl-3"/>
      </object_component>
      <object_component id="oc-57">
         <name>.debug_line</name>
         <load_address>0x64b</load_address>
         <run_address>0x64b</run_address>
         <size>0x20</size>
         <input_file_ref idref="fl-3"/>
      </object_component>
      <object_component id="oc-2e6">
         <name>.debug_line</name>
         <load_address>0x66b</load_address>
         <run_address>0x66b</run_address>
         <size>0xef</size>
         <input_file_ref idref="fl-4"/>
      </object_component>
      <object_component id="oc-ee">
         <name>.debug_line</name>
         <load_address>0x75a</load_address>
         <run_address>0x75a</run_address>
         <size>0x56</size>
         <input_file_ref idref="fl-4"/>
      </object_component>
      <object_component id="oc-13c">
         <name>.debug_line</name>
         <load_address>0x7b0</load_address>
         <run_address>0x7b0</run_address>
         <size>0x55</size>
         <input_file_ref idref="fl-4"/>
      </object_component>
      <object_component id="oc-367">
         <name>.debug_line</name>
         <load_address>0x805</load_address>
         <run_address>0x805</run_address>
         <size>0x9e</size>
         <input_file_ref idref="fl-5"/>
      </object_component>
      <object_component id="oc-159">
         <name>.debug_line</name>
         <load_address>0x8a3</load_address>
         <run_address>0x8a3</run_address>
         <size>0x4d</size>
         <input_file_ref idref="fl-5"/>
      </object_component>
      <object_component id="oc-148">
         <name>.debug_line</name>
         <load_address>0x8f0</load_address>
         <run_address>0x8f0</run_address>
         <size>0x4a</size>
         <input_file_ref idref="fl-5"/>
      </object_component>
      <object_component id="oc-2b5">
         <name>.debug_line</name>
         <load_address>0x93a</load_address>
         <run_address>0x93a</run_address>
         <size>0x132</size>
         <input_file_ref idref="fl-6"/>
      </object_component>
      <object_component id="oc-2bc">
         <name>.debug_line</name>
         <load_address>0xa6c</load_address>
         <run_address>0xa6c</run_address>
         <size>0x34</size>
         <input_file_ref idref="fl-6"/>
      </object_component>
      <object_component id="oc-363">
         <name>.debug_line</name>
         <load_address>0xaa0</load_address>
         <run_address>0xaa0</run_address>
         <size>0x34</size>
         <input_file_ref idref="fl-6"/>
      </object_component>
      <object_component id="oc-2a5">
         <name>.debug_line</name>
         <load_address>0xad4</load_address>
         <run_address>0xad4</run_address>
         <size>0x6c</size>
         <input_file_ref idref="fl-6"/>
      </object_component>
      <object_component id="oc-f7">
         <name>.debug_line</name>
         <load_address>0xb40</load_address>
         <run_address>0xb40</run_address>
         <size>0x4c</size>
         <input_file_ref idref="fl-6"/>
      </object_component>
      <object_component id="oc-2af">
         <name>.debug_line</name>
         <load_address>0xb8c</load_address>
         <run_address>0xb8c</run_address>
         <size>0x59</size>
         <input_file_ref idref="fl-6"/>
      </object_component>
      <object_component id="oc-285">
         <name>.debug_line</name>
         <load_address>0xbe5</load_address>
         <run_address>0xbe5</run_address>
         <size>0x59</size>
         <input_file_ref idref="fl-6"/>
      </object_component>
      <object_component id="oc-13f">
         <name>.debug_line</name>
         <load_address>0xc3e</load_address>
         <run_address>0xc3e</run_address>
         <size>0x82</size>
         <input_file_ref idref="fl-6"/>
      </object_component>
      <object_component id="oc-168">
         <name>.debug_line</name>
         <load_address>0xcc0</load_address>
         <run_address>0xcc0</run_address>
         <size>0x82</size>
         <input_file_ref idref="fl-6"/>
      </object_component>
      <object_component id="oc-28e">
         <name>.debug_line</name>
         <load_address>0xd42</load_address>
         <run_address>0xd42</run_address>
         <size>0x66</size>
         <input_file_ref idref="fl-6"/>
      </object_component>
      <object_component id="oc-113">
         <name>.debug_line</name>
         <load_address>0xda8</load_address>
         <run_address>0xda8</run_address>
         <size>0x34</size>
         <input_file_ref idref="fl-7"/>
      </object_component>
      <object_component id="oc-237">
         <name>.debug_line</name>
         <load_address>0xddc</load_address>
         <run_address>0xddc</run_address>
         <size>0x55</size>
         <input_file_ref idref="fl-7"/>
      </object_component>
      <object_component id="oc-136">
         <name>.debug_line</name>
         <load_address>0xe31</load_address>
         <run_address>0xe31</run_address>
         <size>0x5a</size>
         <input_file_ref idref="fl-7"/>
      </object_component>
      <object_component id="oc-369">
         <name>.debug_line</name>
         <load_address>0xe8b</load_address>
         <run_address>0xe8b</run_address>
         <size>0x9e</size>
         <input_file_ref idref="fl-8"/>
      </object_component>
      <object_component id="oc-15e">
         <name>.debug_line</name>
         <load_address>0xf29</load_address>
         <run_address>0xf29</run_address>
         <size>0x4c</size>
         <input_file_ref idref="fl-8"/>
      </object_component>
      <object_component id="oc-14d">
         <name>.debug_line</name>
         <load_address>0xf75</load_address>
         <run_address>0xf75</run_address>
         <size>0x47</size>
         <input_file_ref idref="fl-8"/>
      </object_component>
      <object_component id="oc-1d7">
         <name>.debug_line</name>
         <load_address>0xfbc</load_address>
         <run_address>0xfbc</run_address>
         <size>0x74</size>
         <input_file_ref idref="fl-9"/>
      </object_component>
      <object_component id="oc-1d9">
         <name>.debug_line</name>
         <load_address>0x1030</load_address>
         <run_address>0x1030</run_address>
         <size>0x38</size>
         <input_file_ref idref="fl-9"/>
      </object_component>
      <object_component id="oc-9a">
         <name>.debug_line</name>
         <load_address>0x1068</load_address>
         <run_address>0x1068</run_address>
         <size>0x68</size>
         <input_file_ref idref="fl-9"/>
      </object_component>
      <object_component id="oc-1db">
         <name>.debug_line</name>
         <load_address>0x10d0</load_address>
         <run_address>0x10d0</run_address>
         <size>0xd9</size>
         <input_file_ref idref="fl-a"/>
      </object_component>
      <object_component id="oc-10a">
         <name>.debug_line</name>
[...]
         <cprec>
            <name>.data</name>
            <load_address>0x1cd8</load_address>
            <load_size>0x14</load_size>
            <run_address>0x20000544</run_address>
            <run_size>0x4b</run_size>
            <compression>lzss</compression>
         </cprec>
         <cprec>
            <name>.bss</name>
            <load_address>0x1cf8</load_address>
            <load_size>0x8</load_size>
            <run_address>0x20000470</run_address>
            <run_size>0xd2</run_size>
            <compression>zero_init</compression>
         </cprec>
         <cprec>
            <name>.vtable</name>
            <load_address>0x1d00</load_address>
            <load_size>0x8</load_size>
            <run_address>0x20000000</run_address>
            <run_size>0x26c</run_size>
            <compression>zero_init</compression>
         </cprec>
      </cptbl>
   </cptbl_list>
   <handler_table>
      <handler_table_name>__TI_handler_table</handler_table_name>
      <handler>
         <index>0x0</index>
         <name>__TI_zero_init</name>
      </handler>
      <handler>
         <index>0x1</index>
         <name>__TI_decompress_lzss</name>
      </handler>
      <handler>
         <index>0x2</index>
         <name>__TI_decompress_none</name>
      </handler>
   </handler_table>
   <symbol_table>
      <symbol id="sm-1">
         <name>__STACK_TOP</name>
         <value>0x20000470</value>
      </symbol>
      <symbol id="sm-2">
         <name>__start___llvm_prf_cnts</name>
         <value>0x20000000</value>
      </symbol>
      <symbol id="sm-3">
         <name>__stop___llvm_prf_cnts</name>
         <value>0x20000000</value>
      </symbol>
      <symbol id="sm-4">
         <name>__TI_CINIT_Base</name>
         <value>0x1d08</value>
      </symbol>
      <symbol id="sm-5">
         <name>__TI_CINIT_Limit</name>
         <value>0x1d20</value>
      </symbol>
      <symbol id="sm-6">
         <name>__TI_Handler_Table_Base</name>
         <value>0x1cec</value>
      </symbol>
      <symbol id="sm-7">
         <name>__TI_Handler_Table_Limit</name>
         <value>0x1cf8</value>
      </symbol>
      <symbol id="sm-8">
         <name>binit</name>
         <value>0xffffffff</value>
      </symbol>
      <symbol id="sm-9">
         <name>__binit__</name>
         <value>0xffffffff</value>
      </symbol>
      <symbol id="sm-a">
         <name>__STACK_SIZE</name>
         <value>0x200</value>
      </symbol>
      <symbol id="sm-b">
         <name>__STACK_END</name>
         <value>0x20000470</value>
      </symbol>
      <symbol id="sm-c">
         <name>__c_args__</name>
         <value>0xffffffff</value>
      </symbol>
      <symbol id="sm-d">
         <name>__TI_pprof_out_hndl</name>
         <value>0xffffffff</value>
      </symbol>
      <symbol id="sm-e">
         <name>__TI_prof_data_start</name>
         <value>0xffffffff</value>
      </symbol>
      <symbol id="sm-f">
         <name>__TI_prof_data_size</name>
         <value>0xffffffff</value>
      </symbol>
      <symbol id="sm-61">
         <name>main</name>
         <value>0xb4d</value>
         <object_component_ref idref="oc-d6"/>
      </symbol>
      <symbol id="sm-97">
         <name>ResetISR</name>
         <value>0x189d</value>
         <object_component_ref idref="oc-27"/>
      </symbol>
      <symbol id="sm-98">
         <name>g_pfnVectors</name>
         <value>0x0</value>
         <object_component_ref idref="oc-12"/>
      </symbol>
      <symbol id="sm-b7">
         <name>pui32ADC0Value</name>
         <value>0x20000538</value>
      </symbol>
      <symbol id="sm-b8">
         <name>bsp_adc_read</name>
         <value>0x1479</value>
         <object_component_ref idref="oc-ed"/>
      </symbol>
      <symbol id="sm-b9">
         <name>bsp_adc_init</name>
         <value>0x11d9</value>
         <object_component_ref idref="oc-137"/>
      </symbol>
      <symbol id="sm-d3">
         <name>bsp_buzzer_init</name>
         <value>0x1719</value>
         <object_component_ref idref="oc-143"/>
      </symbol>
      <symbol id="sm-d4">
         <name>bsp_buzzer_set</name>
         <value>0x17e5</value>
         <object_component_ref idref="oc-155"/>
      </symbol>
      <symbol id="sm-156">
         <name>TxHeader</name>
         <value>0x200004f0</value>
      </symbol>
      <symbol id="sm-157">
         <name>sCANMessage</name>
         <value>0x20000504</value>
      </symbol>
      <symbol id="sm-158">
         <name>pui8MsgData</name>
         <value>0x20000530</value>
      </symbol>
      <symbol id="sm-159">
         <name>m2006_angle</name>
         <value>0x20000518</value>
      </symbol>
      <symbol id="sm-15a">
         <name>m2006_speed</name>
         <value>0x20000520</value>
      </symbol>
      <symbol id="sm-15b">
         <name>m2006_torque</name>
         <value>0x20000528</value>
      </symbol>
      <symbol id="sm-15c">
         <name>pid_speed</name>
         <value>0x20000470</value>
      </symbol>
      <symbol id="sm-15d">
         <name>bsp_can_get_feedback</name>
         <value>0xdc1</value>
         <object_component_ref idref="oc-167"/>
      </symbol>
      <symbol id="sm-15e">
         <name>bsp_can_set_speed</name>
         <value>0x1695</value>
         <object_component_ref idref="oc-f3"/>
      </symbol>
      <symbol id="sm-15f">
         <name>g_ui32MsgCount</name>
         <value>0x20000588</value>
         <object_component_ref idref="oc-170"/>
      </symbol>
      <symbol id="sm-160">
         <name>TxData</name>
         <value>0x20000578</value>
         <object_component_ref idref="oc-290"/>
      </symbol>
      <symbol id="sm-161">
         <name>bsp_can_set_current</name>
         <value>0x10cd</value>
         <object_component_ref idref="oc-2aa"/>
      </symbol>
      <symbol id="sm-162">
         <name>CANIntHandler</name>
         <value>0x127d</value>
         <object_component_ref idref="oc-289"/>
      </symbol>
      <symbol id="sm-163">
         <name>bsp_can_pid_param_init</name>
         <value>0x1129</value>
         <object_component_ref idref="oc-283"/>
      </symbol>
      <symbol id="sm-164">
         <name>g_bRXFlag</name>
         <value>0x2000058c</value>
         <object_component_ref idref="oc-170"/>
      </symbol>
      <symbol id="sm-165">
         <name>g_bErrFlag</name>
         <value>0x2000058d</value>
         <object_component_ref idref="oc-170"/>
      </symbol>
      <symbol id="sm-166">
         <name>bsp_can_init</name>
         <value>0xa99</value>
         <object_component_ref idref="oc-13d"/>
      </symbol>
      <symbol id="sm-167">
         <name>speed_pid_realize</name>
         <value>0x909</value>
         <object_component_ref idref="oc-2a4"/>
      </symbol>
      <symbol id="sm-18b">
         <name>io_interrupt</name>
         <value>0x12cd</value>
         <object_component_ref idref="oc-233"/>
      </symbol>
      <symbol id="sm-18c">
         <name>bsp_key_flag</name>
         <value>0x2000058e</value>
         <object_component_ref idref="oc-aa"/>
      </symbol>
      <symbol id="sm-18d">
         <name>bsp_key_init</name>
         <value>0xec5</value>
         <object_component_ref idref="oc-131"/>
      </symbol>
      <symbol id="sm-1a8">
         <name>bsp_led_init</name>
         <value>0x1735</value>
         <object_component_ref idref="oc-149"/>
      </symbol>
      <symbol id="sm-1a9">
         <name>bsp_led_set</name>
         <value>0x17cd</value>
         <object_component_ref idref="oc-15b"/>
      </symbol>
      <symbol id="sm-1ce">
         <name>task1_temp_avg_speed</name>
         <value>0x20000540</value>
      </symbol>
      <symbol id="sm-1cf">
         <name>ultrasonic_value</name>
         <value>0x2000053c</value>
      </symbol>
      <symbol id="sm-1d0">
         <name>task1</name>
         <value>0xd31</value>
         <object_component_ref idref="oc-95"/>
      </symbol>
      <symbol id="sm-1d1">
         <name>task1_avg_speed</name>
         <value>0x20000572</value>
         <object_component_ref idref="oc-fc"/>
      </symbol>
      <symbol id="sm-1d2">
         <name>task1_target_distance</name>
         <value>0x20000570</value>
         <object_component_ref idref="oc-fc"/>
      </symbol>
      <symbol id="sm-1d3">
         <name>u</name>
         <value>0x20000576</value>
         <object_component_ref idref="oc-fc"/>
      </symbol>
      <symbol id="sm-1d4">
         <name>Kp</name>
         <value>0x20000574</value>
         <object_component_ref idref="oc-fc"/>
      </symbol>
      <symbol id="sm-1d5">
         <name>target_value</name>
         <value>0x2000056c</value>
         <object_component_ref idref="oc-fc"/>
      </symbol>
      <symbol id="sm-1d6">
         <name>delta_value</name>
         <value>0x2000056e</value>
         <object_component_ref idref="oc-fc"/>
      </symbol>
      <symbol id="sm-236">
         <name>uart1_received_command</name>
         <value>0x20000581</value>
         <object_component_ref idref="oc-9e"/>
      </symbol>
      <symbol id="sm-237">
         <name>UART1IntHandler</name>
         <value>0xbf9</value>
         <object_component_ref idref="oc-3f"/>
      </symbol>
      <symbol id="sm-238">
         <name>UART2IntHandler</name>
         <value>0x9e1</value>
         <object_component_ref idref="oc-45"/>
      </symbol>
      <symbol id="sm-239">
         <name>uart2_receive_buffer</name>
         <value>0x20000558</value>
         <object_component_ref idref="oc-a7"/>
      </symbol>
      <symbol id="sm-23a">
         <name>UARTInit</name>
         <value>0x4d5</value>
         <object_component_ref idref="oc-12b"/>
      </symbol>
      <symbol id="sm-23b">
         <name>uart2_receive_count</name>
         <value>0x20000584</value>
         <object_component_ref idref="oc-9e"/>
      </symbol>
      <symbol id="sm-23c">
         <name>uart1_receive_count</name>
         <value>0x20000580</value>
         <object_component_ref idref="oc-9e"/>
      </symbol>
      <symbol id="sm-23d">
         <name>UART2Send</name>
         <value>0x1649</value>
         <object_component_ref idref="oc-324"/>
      </symbol>
      <symbol id="sm-23e">
         <name>uart1_receive_buffer</name>
         <value>0x20000544</value>
         <object_component_ref idref="oc-9b"/>
      </symbol>
      <symbol id="sm-23f">
         <name>uart1_received_value</name>
         <value>0x20000582</value>
         <object_component_ref idref="oc-9e"/>
      </symbol>
      <symbol id="sm-240">
         <name>uart2_received_command</name>
         <value>0x20000585</value>
         <object_component_ref idref="oc-9e"/>
      </symbol>
      <symbol id="sm-241">
         <name>uart2_received_value</name>
         <value>0x20000586</value>
         <object_component_ref idref="oc-9e"/>
      </symbol>
      <symbol id="sm-25a">
         <name>__TI_zero_init_nomemset</name>
         <value>0x1751</value>
         <object_component_ref idref="oc-65"/>
      </symbol>
      <symbol id="sm-271">
         <name>__TI_decompress_none</name>
         <value>0x1849</value>
         <object_component_ref idref="oc-1b"/>
      </symbol>
      <symbol id="sm-294">
         <name>__TI_decompress_lzss</name>
         <value>0x1009</value>
         <object_component_ref idref="oc-15"/>
      </symbol>
      <symbol id="sm-2aa">
         <name>atoi</name>
         <value>0x131d</value>
         <object_component_ref idref="oc-8f"/>
      </symbol>
      <symbol id="sm-2b5">
         <name>_ctypes_</name>
         <value>0x18b0</value>
         <object_component_ref idref="oc-e8"/>
      </symbol>
      <symbol id="sm-2c8">
         <name>__stack</name>
         <value>0x20000270</value>
         <object_component_ref idref="oc-24"/>
      </symbol>
      <symbol id="sm-2c9">
         <name>_c_int00_noargs</name>
         <value>0x1591</value>
         <object_component_ref idref="oc-77"/>
      </symbol>
      <symbol id="sm-2e4">
         <name>memcpy</name>
         <value>0xc95</value>
         <object_component_ref idref="oc-59"/>
      </symbol>
      <symbol id="sm-2e5">
         <name>__aeabi_memcpy</name>
         <value>0xc95</value>
         <object_component_ref idref="oc-59"/>
      </symbol>
      <symbol id="sm-2e6">
         <name>__aeabi_memcpy8</name>
         <value>0xc95</value>
         <object_component_ref idref="oc-59"/>
      </symbol>
      <symbol id="sm-2e7">
         <name>__aeabi_memcpy4</name>
         <value>0xc95</value>
         <object_component_ref idref="oc-59"/>
      </symbol>
      <symbol id="sm-310">
         <name>__TI_auto_init_nobinit_nopinit</name>
         <value>0x13f5</value>
         <object_component_ref idref="oc-181"/>
      </symbol>
      <symbol id="sm-31a">
         <name>_system_pre_init</name>
         <value>0x18a9</value>
         <object_component_ref idref="oc-d0"/>
      </symbol>
      <symbol id="sm-326">
         <name>C$$EXIT</name>
         <value>0x18ad</value>
         <object_component_ref idref="oc-175"/>
      </symbol>
      <symbol id="sm-327">
         <name>abort</name>
         <value>0x18ad</value>
         <object_component_ref idref="oc-175"/>
      </symbol>
      <symbol id="sm-374">
         <name>ADCProcessorTrigger</name>
         <value>0x176d</value>
         <object_component_ref idref="oc-1b8"/>
      </symbol>
      <symbol id="sm-375">
         <name>ADCSequenceEnable</name>
         <value>0x182d</value>
         <object_component_ref idref="oc-24c"/>
      </symbol>
      <symbol id="sm-376">
         <name>ADCSequenceConfigure</name>
         <value>0x122d</value>
         <object_component_ref idref="oc-240"/>
      </symbol>
      <symbol id="sm-377">
         <name>ADCSequenceStepConfigure</name>
         <value>0xe49</value>
         <object_component_ref idref="oc-246"/>
      </symbol>
      <symbol id="sm-378">
         <name>ADCIntClear</name>
         <value>0x186f</value>
         <object_component_ref idref="oc-1c4"/>
      </symbol>
      <symbol id="sm-379">
         <name>ADCIntStatus</name>
         <value>0x15c5</value>
         <object_component_ref idref="oc-1be"/>
      </symbol>
      <symbol id="sm-37a">
         <name>ADCSequenceDataGet</name>
         <value>0x16fb</value>
         <object_component_ref idref="oc-1ca"/>
      </symbol>
      <symbol id="sm-438">
         <name>CANIntRegister</name>
         <value>0x1785</value>
         <object_component_ref idref="oc-26b"/>
      </symbol>
      <symbol id="sm-439">
         <name>CANMessageGet</name>
         <value>0x705</value>
         <object_component_ref idref="oc-161"/>
      </symbol>
      <symbol id="sm-43a">
         <name>CANBitRateSet</name>
         <value>0xf35</value>
         <object_component_ref idref="oc-265"/>
      </symbol>
      <symbol id="sm-43b">
         <name>CANEnable</name>
         <value>0x1879</value>
         <object_component_ref idref="oc-277"/>
      </symbol>
      <symbol id="sm-43c">
         <name>CANStatusGet</name>
         <value>0x1439</value>
         <object_component_ref idref="oc-35b"/>
      </symbol>
      <symbol id="sm-43d">
         <name>CANMessageSet</name>
         <value>0x26d</value>
         <object_component_ref idref="oc-27d"/>
      </symbol>
      <symbol id="sm-43e">
         <name>CANIntClear</name>
         <value>0x16b9</value>
         <object_component_ref idref="oc-355"/>
      </symbol>
      <symbol id="sm-43f">
         <name>CANIntStatus</name>
         <value>0x16db</value>
         <object_component_ref idref="oc-34f"/>
      </symbol>
      <symbol id="sm-440">
         <name>CANInit</name>
         <value>0x14b5</value>
         <object_component_ref idref="oc-259"/>
      </symbol>
      <symbol id="sm-441">
         <name>CANIntEnable</name>
         <value>0x1883</value>
         <object_component_ref idref="oc-271"/>
      </symbol>
      <symbol id="sm-4da">
         <name>GPIOIntRegister</name>
         <value>0x179d</value>
         <object_component_ref idref="oc-21b"/>
      </symbol>
      <symbol id="sm-4db">
         <name>GPIOPinConfigure</name>
         <value>0x1369</value>
         <object_component_ref idref="oc-1f0"/>
      </symbol>
      <symbol id="sm-4dc">
         <name>GPIOIntEnable</name>
         <value>0x1863</value>
         <object_component_ref idref="oc-221"/>
      </symbol>
      <symbol id="sm-4dd">
         <name>GPIOIntTypeSet</name>
         <value>0x1181</value>
         <object_component_ref idref="oc-215"/>
      </symbol>
      <symbol id="sm-4de">
         <name>GPIOPinTypeADC</name>
         <value>0x17f9</value>
         <object_component_ref idref="oc-23a"/>
      </symbol>
      <symbol id="sm-4df">
         <name>GPIOIntClear</name>
         <value>0x188b</value>
         <object_component_ref idref="oc-318"/>
      </symbol>
      <symbol id="sm-4e0">
         <name>GPIOIntStatus</name>
         <value>0x183b</value>
         <object_component_ref idref="oc-312"/>
      </symbol>
      <symbol id="sm-4e1">
         <name>GPIOPinTypeGPIOOutput</name>
         <value>0x17b5</value>
         <object_component_ref idref="oc-203"/>
      </symbol>
      <symbol id="sm-4e2">
         <name>GPIOPinRead</name>
         <value>0x1891</value>
         <object_component_ref idref="oc-31e"/>
      </symbol>
      <symbol id="sm-4e3">
         <name>GPIODirModeSet</name>
         <value>0x15f3</value>
         <object_component_ref idref="oc-209"/>
      </symbol>
      <symbol id="sm-4e4">
         <name>GPIOPinWrite</name>
         <value>0x1897</value>
         <object_component_ref idref="oc-14f"/>
      </symbol>
      <symbol id="sm-4e5">
         <name>GPIOPadConfigSet</name>
         <value>0x3a3</value>
         <object_component_ref idref="oc-20f"/>
      </symbol>
      <symbol id="sm-4e6">
         <name>GPIOPinTypeCAN</name>
         <value>0x180b</value>
         <object_component_ref idref="oc-253"/>
      </symbol>
      <symbol id="sm-528">
         <name>IntEnable</name>
         <value>0xfa1</value>
         <object_component_ref idref="oc-227"/>
      </symbol>
      <symbol id="sm-529">
         <name>IntRegister</name>
         <value>0x1529</value>
         <object_component_ref idref="oc-2fe"/>
      </symbol>
      <symbol id="sm-52a">
         <name>g_pfnRAMVectors</name>
         <value>0x20000000</value>
         <object_component_ref idref="oc-39b"/>
      </symbol>
      <symbol id="sm-52b">
         <name>IntMasterEnable</name>
         <value>0x181d</value>
         <object_component_ref idref="oc-22d"/>
      </symbol>
      <symbol id="sm-588">
         <name>SysCtlClockSet</name>
         <value>0x815</value>
         <object_component_ref idref="oc-125"/>
      </symbol>
      <symbol id="sm-589">
         <name>SysCtlDelay</name>
         <value>0x18a3</value>
         <object_component_ref idref="oc-1e8"/>
      </symbol>
      <symbol id="sm-58a">
         <name>SysCtlPeripheralEnable</name>
         <value>0x155d</value>
         <object_component_ref idref="oc-1f7"/>
      </symbol>
      <symbol id="sm-58b">
         <name>SysCtlClockGet</name>
         <value>0x5f5</value>
         <object_component_ref idref="oc-25f"/>
      </symbol>
      <symbol id="sm-58c">
         <name>SysCtlPeripheralReady</name>
         <value>0x14f1</value>
         <object_component_ref idref="oc-1fd"/>
      </symbol>
      <symbol id="sm-596">
         <name>CPUcpsie</name>
         <value>0x1857</value>
         <object_component_ref idref="oc-30b"/>
      </symbol>
      <symbol id="sm-597">
         <name>__TI_static_base__</name>
         <value>0x0</value>
      </symbol>
      <symbol id="sm-59a">
         <name>__mpu_init</name>
         <value>0x0</value>
      </symbol>
      <symbol id="sm-59b">
         <name>_system_post_cinit</name>
         <value>0x0</value>
      </symbol>
   </symbol_table>
   <title>Link successful</title>
</link_info>
