******************************************************************************
                  TI ARM Linker PC v20.2.6                     
******************************************************************************
>> Linked Sat Jul 30 02:14:48 2022

OUTPUT FILE NAME:   <car_leader.out>
ENTRY POINT SYMBOL: "_c_int00_noargs"  address: 000018f1


MEMORY CONFIGURATION

         name            origin    length      used     unused   attr    fill
----------------------  --------  ---------  --------  --------  ----  --------
  FLASH                 00000000   00040000  000020ba  0003df46  R  X
  SRAM                  20000000   00008000  000005ac  00007a54  RW X


SEGMENT ALLOCATION MAP

run origin  load origin   length   init length attrs members
----------  ----------- ---------- ----------- ----- -------
00000000    00000000    000020c0   000020c0    r-x
  00000000    00000000    0000026c   0000026c    r-- .intvecs
  0000026c    0000026c    000019c6   000019c6    r-x .text
  00001c34    00001c34    00000428   00000428    r-- .const
  00002060    00002060    00000060   00000060    r-- .cinit
20000000    20000000    000005b2   00000000    rw-
  20000000    20000000    0000026c   00000000    rw- .vtable
  20000270    20000270    00000200   00000000    rw- .stack
  20000470    20000470    000000fe   00000000    rw- .bss
  20000570    20000570    00000042   00000000    rw- .data


SECTION ALLOCATION MAP

 output                                  attributes/
section   page    origin      length       input sections
--------  ----  ----------  ----------   ----------------
.intvecs   0    00000000    0000026c     
                  00000000    0000026c     startup_ccs.obj (.intvecs)

.text      0    0000026c    000019c6     
                  0000026c    0000015c     main.obj (.text:main)
                  000003c8    00000136     driverlib.lib : can.obj (.text:CANMessageSet)
                  000004fe    00000132                   : gpio.obj (.text:GPIOPadConfigSet)
                  00000630    00000120     uart_parser.obj (.text:UARTInit)
                  00000750    00000120     follow_line.obj (.text:task3)
                  00000870    00000110     driverlib.lib : sysctl.obj (.text:SysCtlClockGet)
                  00000980    0000010e                   : can.obj (.text:CANMessageGet)
                  00000a8e    00000002     startup_ccs.obj (.text:FaultISR)
                  00000a90    000000f4     driverlib.lib : sysctl.obj (.text:SysCtlClockSet)
                  00000b84    000000e0     follow_line.obj (.text:task2)
                  00000c64    000000d8     bsp_can.obj (.text:speed_pid_realize)
                  00000d3c    000000cc     bsp_key.obj (.text:bsp_key_init)
                  00000e08    000000b4     bsp_can.obj (.text:bsp_can_init)
                  00000ebc    000000ac     bsp_key.obj (.text:io_interrupt)
                  00000f68    000000a4     uart_parser.obj (.text:UART2IntHandler)
                  0000100c    000000a4     follow_line.obj (.text:task1)
                  000010b0    0000009c     rtsv7M4_T_le_v4SPD16_eabi.lib : memcpy_t2.asm.obj (.text)
                  0000114c    00000094     uart_parser.obj (.text:UART1IntHandler)
                  000011e0    00000088     bsp_can.obj (.text:bsp_can_get_feedback)
                  00001268    0000007a     driverlib.lib : adc.obj (.text:ADCSequenceStepConfigure)
                  000012e2    00000002     startup_ccs.obj (.text:IntDefaultHandler)
                  000012e4    0000006c     driverlib.lib : can.obj (.text:CANBitRateSet)
                  00001350    00000068                   : interrupt.obj (.text:IntEnable)
                  000013b8    00000068     rtsv7M4_T_le_v4SPD16_eabi.lib : copy_decompress_lzss.c.obj (.text:decompress:lzss:__TI_decompress_lzss)
                  00001420    0000005c     driverlib.lib : can.obj (.text:_CANIntNumberGet)
                  0000147c    0000005c     bsp_can.obj (.text:bsp_can_set_current)
                  000014d8    00000058     bsp_can.obj (.text:bsp_can_pid_param_init)
                  00001530    00000056     driverlib.lib : gpio.obj (.text:GPIOIntTypeSet)
                  00001586    00000002     startup_ccs.obj (.text:NmiSR)
                  00001588    00000054     bsp_adc.obj (.text:bsp_adc_init)
                  000015dc    00000050     driverlib.lib : adc.obj (.text:ADCSequenceConfigure)
                  0000162c    00000050     bsp_can.obj (.text:CANIntHandler)
                  0000167c    0000004c     rtsv7M4_T_le_v4SPD16_eabi.lib : atoi.c.obj (.text:atoi)
                  000016c8    00000048     driverlib.lib : gpio.obj (.text:GPIOPinConfigure)
                  00001710    00000044                   : gpio.obj (.text:_GPIOIntNumberGet)
                  00001754    00000044     rtsv7M4_T_le_v4SPD16_eabi.lib : autoinit.c.obj (.text:__TI_auto_init_nobinit_nopinit:__TI_auto_init_nobinit_nopinit)
                  00001798    00000040     driverlib.lib : can.obj (.text:CANStatusGet)
                  000017d8    0000003c     bsp_adc.obj (.text:bsp_adc_read)
                  00001814    0000003a     driverlib.lib : can.obj (.text:CANInit)
                  0000184e    00000002     follow_line.obj (.text:task4)
                  00001850    00000038     driverlib.lib : sysctl.obj (.text:SysCtlPeripheralReady)
                  00001888    00000034                   : interrupt.obj (.text:IntRegister)
                  000018bc    00000034                   : sysctl.obj (.text:SysCtlPeripheralEnable)
                  000018f0    00000034     rtsv7M4_T_le_v4SPD16_eabi.lib : boot_cortex_m.c.obj (.text:_c_int00_noargs:_c_int00_noargs)
                  00001924    0000002e     driverlib.lib : adc.obj (.text:ADCIntStatus)
                  00001952    0000002a                   : gpio.obj (.text:GPIODirModeSet)
                  0000197c    0000002a                   : can.obj (.text:_CANDataRegRead)
                  000019a6    00000002     --HOLE-- [fill = 0]
                  000019a8    00000028     uart_parser.obj (.text:UART2Send)
                  000019d0    00000024     driverlib.lib : can.obj (.text:_CANDataRegWrite)
                  000019f4    00000024     bsp_can.obj (.text:bsp_can_set_speed)
                  00001a18    00000024     bsp_led.obj (.text:bsp_led_init)
                  00001a3c    00000022     driverlib.lib : can.obj (.text:CANIntClear)
                  00001a5e    00000020                   : can.obj (.text:CANIntStatus)
                  00001a7e    00000002     --HOLE-- [fill = 0]
                  00001a80    00000020     bsp_buzzer.obj (.text:bsp_buzzer_init)
                  00001aa0    0000001e     driverlib.lib : adc.obj (.text:ADCSequenceDataGet)
                  00001abe    0000001c     rtsv7M4_T_le_v4SPD16_eabi.lib : copy_zero_init.c.obj (.text:decompress:ZI:__TI_zero_init_nomemset:__TI_zero_init_nomemset)
                  00001ada    00000018     driverlib.lib : adc.obj (.text:ADCProcessorTrigger)
                  00001af2    00000018                   : can.obj (.text:CANIntRegister)
                  00001b0a    00000018                   : gpio.obj (.text:GPIOIntRegister)
                  00001b22    00000018                   : gpio.obj (.text:GPIOPinTypeGPIOOutput)
                  00001b3a    00000002     --HOLE-- [fill = 0]
                  00001b3c    00000018     bsp_led.obj (.text:bsp_led_set)
                  00001b54    00000014     bsp_buzzer.obj (.text:bsp_buzzer_set)
                  00001b68    00000012     driverlib.lib : gpio.obj (.text:GPIOPinTypeADC)
                  00001b7a    00000012                   : gpio.obj (.text:GPIOPinTypeCAN)
                  00001b8c    00000012                   : gpio.obj (.text:GPIOPinTypeGPIOInput)
                  00001b9e    00000010                   : interrupt.obj (.text:IntMasterEnable)
                  00001bae    0000000e                   : adc.obj (.text:ADCSequenceEnable)
                  00001bbc    0000000e                   : gpio.obj (.text:GPIOIntStatus)
                  00001bca    0000000e     rtsv7M4_T_le_v4SPD16_eabi.lib : copy_decompress_none.c.obj (.text:decompress:none:__TI_decompress_none)
                  00001bd8    0000000c     driverlib.lib : cpu.obj (.text:CPUcpsie)
                  00001be4    0000000c                   : gpio.obj (.text:GPIOIntEnable)
                  00001bf0    0000000a                   : adc.obj (.text:ADCIntClear)
                  00001bfa    0000000a                   : can.obj (.text:CANEnable)
                  00001c04    00000008                   : can.obj (.text:CANIntEnable)
                  00001c0c    00000006                   : gpio.obj (.text:GPIOIntClear)
                  00001c12    00000006                   : gpio.obj (.text:GPIOPinRead)
                  00001c18    00000006                   : gpio.obj (.text:GPIOPinWrite)
                  00001c1e    00000006     startup_ccs.obj (.text:ResetISR)
                  00001c24    00000006     driverlib.lib : sysctl.obj (.text:SysCtlDelay)
                  00001c2a    00000004     rtsv7M4_T_le_v4SPD16_eabi.lib : pre_init.c.obj (.text:_system_pre_init)
                  00001c2e    00000004                                   : exit.c.obj (.text:abort:abort)

.const     0    00001c34    00000428     
                  00001c34    00000101     rtsv7M4_T_le_v4SPD16_eabi.lib : ctype.c.obj (.const:.string:_ctypes_)
                  00001d35    00000003     bsp_key.obj (.const:.string:$P$T0$1)
                  00001d38    000000d8     driverlib.lib : gpio.obj (.const:g_ppui32GPIOIntMapSnowflake)
                  00001e10    000000c0                   : gpio.obj (.const:g_ppui32GPIOIntMapBlizzard)
                  00001ed0    00000090                   : gpio.obj (.const:g_pui32GPIOBaseAddrs)
                  00001f60    00000070                   : interrupt.obj (.const)
                  00001fd0    0000006c                   : sysctl.obj (.const:g_pui32Xtals)
                  0000203c    00000020                   : can.obj (.const)

.cinit     0    00002060    00000060     
                  00002060    00000028     (.cinit..data.load) [load image, compression = lzss]
                  00002088    0000000c     (__TI_handler_table)
                  00002094    00000004     --HOLE-- [fill = 0]
                  00002098    00000008     (.cinit..bss.load) [load image, compression = zero_init]
                  000020a0    00000008     (.cinit..vtable.load) [load image, compression = zero_init]
                  000020a8    00000018     (__TI_cinit_table)

.init_array 
*          0    00000000    00000000     UNINITIALIZED

.vtable    0    20000000    0000026c     UNINITIALIZED
                  20000000    0000026c     driverlib.lib : interrupt.obj (.vtable)

.bss       0    20000470    000000fe     UNINITIALIZED
                  20000470    00000080     (.common:pid_speed)
                  200004f0    00000014     (.common:TxHeader)
                  20000504    00000014     (.common:sCANMessage)
                  20000518    00000014     (.common:uart1_receive_buffer)
                  2000052c    00000014     (.common:uart2_receive_buffer)
                  20000540    00000008     (.common:m2006_angle)
                  20000548    00000008     (.common:m2006_speed)
                  20000550    00000008     (.common:m2006_torque)
                  20000558    00000008     (.common:pui8MsgData)
                  20000560    00000004     (.common:pui32ADC0Value)
                  20000564    00000004     (.common:ultrasonic_value)
                  20000568    00000002     (.common:uart1_received_value)
                  2000056a    00000002     (.common:uart2_received_value)
                  2000056c    00000001     (.common:uart1_received_command)
                  2000056d    00000001     (.common:uart2_received_command)

.data      0    20000570    00000042     UNINITIALIZED
                  20000570    00000022     follow_line.obj (.data)
                  20000592    00000002     uart_parser.obj (.data)
                  20000594    00000010     main.obj (.data)
                  200005a4    00000008     bsp_can.obj (.data:TxData)
                  200005ac    00000006     bsp_can.obj (.data)

.stack     0    20000270    00000200     UNINITIALIZED
                  20000270    00000004     rtsv7M4_T_le_v4SPD16_eabi.lib : boot_cortex_m.c.obj (.stack)
                  20000274    000001fc     --HOLE--

__llvm_prf_cnts 
*          0    20000000    00000000     UNINITIALIZED

MODULE SUMMARY

       Module                       code   ro data   rw data
       ------                       ----   -------   -------
    .\
       startup_ccs.obj              12     620       0      
       main.obj                     348    0         16     
    +--+----------------------------+------+---------+---------+
       Total:                       360    620       16     
                                                            
    .\bsp\
       bsp_can.obj                  828    0         214    
       follow_line.obj              678    0         38     
       uart_parser.obj              640    0         48     
       bsp_key.obj                  376    3         0      
       bsp_adc.obj                  144    0         4      
       bsp_led.obj                  60     0         0      
       bsp_buzzer.obj               52     0         0      
    +--+----------------------------+------+---------+---------+
       Total:                       2778   3         304    
                                                            
    C:/ti/ccs1200/tivaware_c_series_2_1_4_178/driverlib/ccs/Debug/driverlib.lib
       gpio.obj                     720    552       0      
       can.obj                      1088   32        0      
       interrupt.obj                172    112       620    
       sysctl.obj                   630    108       0      
       adc.obj                      326    0         0      
       cpu.obj                      12     0         0      
    +--+----------------------------+------+---------+---------+
       Total:                       2948   804       620    
                                                            
    C:\ti\ccs1200\ccs\tools\compiler\ti-cgt-arm_20.2.6.LTS\lib\rtsv7M4_T_le_v4SPD16_eabi.lib
       ctype.c.obj                  0      257       0      
       memcpy_t2.asm.obj            156    0         0      
       copy_decompress_lzss.c.obj   104    0         0      
       atoi.c.obj                   76     0         0      
       autoinit.c.obj               68     0         0      
       boot_cortex_m.c.obj          52     0         0      
       copy_zero_init.c.obj         28     0         0      
       copy_decompress_none.c.obj   14     0         0      
       exit.c.obj                   4      0         0      
       pre_init.c.obj               4      0         0      
    +--+----------------------------+------+---------+---------+
       Total:                       506    257       0      
                                                            
       Stack:                       0      0         512    
       Linker Generated:            0      92        0      
    +--+----------------------------+------+---------+---------+
       Grand Total:                 6592   1776      1452   


LINKER GENERATED COPY TABLES

__TI_cinit_table @ 000020a8 records: 3, size/record: 8, table size: 24
	.data: load addr=00002060, load size=00000028 bytes, run addr=20000570, run size=00000042 bytes, compression=lzss
	.bss: load addr=00002098, load size=00000008 bytes, run addr=20000470, run size=000000fe bytes, compression=zero_init
	.vtable: load addr=000020a0, load size=00000008 bytes, run addr=20000000, run size=0000026c bytes, compression=zero_init


LINKER GENERATED HANDLER TABLE

__TI_handler_table @ 00002088 records: 3, size/record: 4, table size: 12
	index: 0, handler: __TI_zero_init
	index: 1, handler: __TI_decompress_lzss
	index: 2, handler: __TI_decompress_none


GLOBAL SYMBOLS: SORTED ALPHABETICALLY BY Name 

address   name                          
-------   ----                          
00001bf1  ADCIntClear                   
00001925  ADCIntStatus                  
00001adb  ADCProcessorTrigger           
000015dd  ADCSequenceConfigure          
00001aa1  ADCSequenceDataGet            
00001baf  ADCSequenceEnable             
00001269  ADCSequenceStepConfigure      
00001c2f  C$$EXIT                       
000012e5  CANBitRateSet                 
00001bfb  CANEnable                     
00001815  CANInit                       
00001a3d  CANIntClear                   
00001c05  CANIntEnable                  
0000162d  CANIntHandler                 
00001af3  CANIntRegister                
00001a5f  CANIntStatus                  
00000981  CANMessageGet                 
000003c9  CANMessageSet                 
00001799  CANStatusGet                  
00001bd9  CPUcpsie                      
00001953  GPIODirModeSet                
00001c0d  GPIOIntClear                  
00001be5  GPIOIntEnable                 
00001b0b  GPIOIntRegister               
00001bbd  GPIOIntStatus                 
00001531  GPIOIntTypeSet                
000004ff  GPIOPadConfigSet              
000016c9  GPIOPinConfigure              
00001c13  GPIOPinRead                   
00001b69  GPIOPinTypeADC                
00001b7b  GPIOPinTypeCAN                
00001b8d  GPIOPinTypeGPIOInput          
00001b23  GPIOPinTypeGPIOOutput         
00001c19  GPIOPinWrite                  
00001351  IntEnable                     
00001b9f  IntMasterEnable               
00001889  IntRegister                   
00001c1f  ResetISR                      
00000871  SysCtlClockGet                
00000a91  SysCtlClockSet                
00001c25  SysCtlDelay                   
000018bd  SysCtlPeripheralEnable        
00001851  SysCtlPeripheralReady         
200005a4  TxData                        
200004f0  TxHeader                      
0000114d  UART1IntHandler               
00000f69  UART2IntHandler               
000019a9  UART2Send                     
00000631  UARTInit                      
20000470  __STACK_END                   
00000200  __STACK_SIZE                  
20000470  __STACK_TOP                   
000020a8  __TI_CINIT_Base               
000020c0  __TI_CINIT_Limit              
00002088  __TI_Handler_Table_Base       
00002094  __TI_Handler_Table_Limit      
00001755  __TI_auto_init_nobinit_nopinit
000013b9  __TI_decompress_lzss          
00001bcb  __TI_decompress_none          
ffffffff  __TI_pprof_out_hndl           
ffffffff  __TI_prof_data_size           
ffffffff  __TI_prof_data_start          
00000000  __TI_static_base__            
00001abf  __TI_zero_init_nomemset       
000010b1  __aeabi_memcpy                
000010b1  __aeabi_memcpy4               
000010b1  __aeabi_memcpy8               
ffffffff  __binit__                     
ffffffff  __c_args__                    
UNDEFED   __mpu_init                    
20000270  __stack                       
20000000  __start___llvm_prf_cnts       
20000000  __stop___llvm_prf_cnts        
000018f1  _c_int00_noargs               
00001c34  _ctypes_                      
UNDEFED   _system_post_cinit            
00001c2b  _system_pre_init              
00001c2f  abort                         
0000167d  atoi                          
ffffffff  binit                         
00001589  bsp_adc_init                  
000017d9  bsp_adc_read                  
00001a81  bsp_buzzer_init               
00001b55  bsp_buzzer_set                
000011e1  bsp_can_get_feedback          
00000e09  bsp_can_init                  
000014d9  bsp_can_pid_param_init        
0000147d  bsp_can_set_current           
000019f5  bsp_can_set_speed             
00000d3d  bsp_key_init                  
00001a19  bsp_led_init                  
00001b3d  bsp_led_set                   
20000574  delta_value                   
200005b1  g_bErrFlag                    
200005b0  g_bRXFlag                     
20000000  g_pfnRAMVectors               
00000000  g_pfnVectors                  
200005ac  g_ui32MsgCount                
00000ebd  io_interrupt                  
20000540  m2006_angle                   
20000548  m2006_speed                   
20000550  m2006_torque                  
0000026d  main                          
000010b1  memcpy                        
20000570  now_task                      
20000470  pid_speed                     
20000560  pui32ADC0Value                
20000558  pui8MsgData                   
20000594  running_state                 
20000504  sCANMessage                   
00000c65  speed_pid_realize             
20000572  target_value                  
0000100d  task1                         
20000578  task1_Kp                      
20000576  task1_avg_speed               
2000057a  task1_u                       
00000b85  task2                         
2000057e  task2_Kp                      
2000057c  task2_avg_speed               
20000582  task2_circle                  
20000583  task2_last_received_command   
20000580  task2_u                       
00000751  task3                         
20000588  task3_Kp                      
20000584  task3_avg_speed               
2000058c  task3_circle                  
20000586  task3_inner_acc_speed         
2000058e  task3_inner_circle_u          
20000590  task3_is_inner                
2000058d  task3_last_received_command   
2000058a  task3_u                       
0000184f  task4                         
20000571  task_num                      
20000518  uart1_receive_buffer          
20000592  uart1_receive_count           
2000056c  uart1_received_command        
20000568  uart1_received_value          
2000052c  uart2_receive_buffer          
20000593  uart2_receive_count           
2000056d  uart2_received_command        
2000056a  uart2_received_value          
20000564  ultrasonic_value              


GLOBAL SYMBOLS: SORTED BY Symbol Address 

address   name                          
-------   ----                          
00000000  __TI_static_base__            
00000000  g_pfnVectors                  
00000200  __STACK_SIZE                  
0000026d  main                          
000003c9  CANMessageSet                 
000004ff  GPIOPadConfigSet              
00000631  UARTInit                      
00000751  task3                         
00000871  SysCtlClockGet                
00000981  CANMessageGet                 
00000a91  SysCtlClockSet                
00000b85  task2                         
00000c65  speed_pid_realize             
00000d3d  bsp_key_init                  
00000e09  bsp_can_init                  
00000ebd  io_interrupt                  
00000f69  UART2IntHandler               
0000100d  task1                         
000010b1  __aeabi_memcpy                
000010b1  __aeabi_memcpy4               
000010b1  __aeabi_memcpy8               
000010b1  memcpy                        
0000114d  UART1IntHandler               
000011e1  bsp_can_get_feedback          
00001269  ADCSequenceStepConfigure      
000012e5  CANBitRateSet                 
00001351  IntEnable                     
000013b9  __TI_decompress_lzss          
0000147d  bsp_can_set_current           
000014d9  bsp_can_pid_param_init        
00001531  GPIOIntTypeSet                
00001589  bsp_adc_init                  
000015dd  ADCSequenceConfigure          
0000162d  CANIntHandler                 
0000167d  atoi                          
000016c9  GPIOPinConfigure              
00001755  __TI_auto_init_nobinit_nopinit
00001799  CANStatusGet                  
000017d9  bsp_adc_read                  
00001815  CANInit                       
0000184f  task4                         
00001851  SysCtlPeripheralReady         
00001889  IntRegister                   
000018bd  SysCtlPeripheralEnable        
000018f1  _c_int00_noargs               
00001925  ADCIntStatus                  
00001953  GPIODirModeSet                
000019a9  UART2Send                     
000019f5  bsp_can_set_speed             
00001a19  bsp_led_init                  
00001a3d  CANIntClear                   
00001a5f  CANIntStatus                  
00001a81  bsp_buzzer_init               
00001aa1  ADCSequenceDataGet            
00001abf  __TI_zero_init_nomemset       
00001adb  ADCProcessorTrigger           
00001af3  CANIntRegister                
00001b0b  GPIOIntRegister               
00001b23  GPIOPinTypeGPIOOutput         
00001b3d  bsp_led_set                   
00001b55  bsp_buzzer_set                
00001b69  GPIOPinTypeADC                
00001b7b  GPIOPinTypeCAN                
00001b8d  GPIOPinTypeGPIOInput          
00001b9f  IntMasterEnable               
00001baf  ADCSequenceEnable             
00001bbd  GPIOIntStatus                 
00001bcb  __TI_decompress_none          
00001bd9  CPUcpsie                      
00001be5  GPIOIntEnable                 
00001bf1  ADCIntClear                   
00001bfb  CANEnable                     
00001c05  CANIntEnable                  
00001c0d  GPIOIntClear                  
00001c13  GPIOPinRead                   
00001c19  GPIOPinWrite                  
00001c1f  ResetISR                      
00001c25  SysCtlDelay                   
00001c2b  _system_pre_init              
00001c2f  C$$EXIT                       
00001c2f  abort                         
00001c34  _ctypes_                      
00002088  __TI_Handler_Table_Base       
00002094  __TI_Handler_Table_Limit      
000020a8  __TI_CINIT_Base               
000020c0  __TI_CINIT_Limit              
20000000  __start___llvm_prf_cnts       
20000000  __stop___llvm_prf_cnts        
20000000  g_pfnRAMVectors               
20000270  __stack                       
20000470  __STACK_END                   
20000470  __STACK_TOP                   
20000470  pid_speed                     
200004f0  TxHeader                      
20000504  sCANMessage                   
20000518  uart1_receive_buffer          
2000052c  uart2_receive_buffer          
20000540  m2006_angle                   
20000548  m2006_speed                   
20000550  m2006_torque                  
20000558  pui8MsgData                   
20000560  pui32ADC0Value                
20000564  ultrasonic_value              
20000568  uart1_received_value          
2000056a  uart2_received_value          
2000056c  uart1_received_command        
2000056d  uart2_received_command        
20000570  now_task                      
20000571  task_num                      
20000572  target_value                  
20000574  delta_value                   
20000576  task1_avg_speed               
20000578  task1_Kp                      
2000057a  task1_u                       
2000057c  task2_avg_speed               
2000057e  task2_Kp                      
20000580  task2_u                       
20000582  task2_circle                  
20000583  task2_last_received_command   
20000584  task3_avg_speed               
20000586  task3_inner_acc_speed         
20000588  task3_Kp                      
2000058a  task3_u                       
2000058c  task3_circle                  
2000058d  task3_last_received_command   
2000058e  task3_inner_circle_u          
20000590  task3_is_inner                
20000592  uart1_receive_count           
20000593  uart2_receive_count           
20000594  running_state                 
200005a4  TxData                        
200005ac  g_ui32MsgCount                
200005b0  g_bRXFlag                     
200005b1  g_bErrFlag                    
ffffffff  __TI_pprof_out_hndl           
ffffffff  __TI_prof_data_size           
ffffffff  __TI_prof_data_start          
ffffffff  __binit__                     
ffffffff  __c_args__                    
ffffffff  binit                         
UNDEFED   __mpu_init                    
UNDEFED   _system_post_cinit            

[142 symbols]
