******************************************************************************
                  TI ARM Linker PC v20.2.6                     
******************************************************************************
>> Linked Fri Jul 29 18:49:49 2022

OUTPUT FILE NAME:   <car_leader.out>
ENTRY POINT SYMBOL: "_c_int00_noargs"  address: 000016c9


MEMORY CONFIGURATION

         name            origin    length      used     unused   attr    fill
----------------------  --------  ---------  --------  --------  ----  --------
  FLASH                 00000000   00040000  00001e82  0003e17e  R  X
  SRAM                  20000000   00008000  00000596  00007a6a  RW X


SEGMENT ALLOCATION MAP

run origin  load origin   length   init length attrs members
----------  ----------- ---------- ----------- ----- -------
00000000    00000000    00001e88   00001e88    r-x
  00000000    00000000    0000026c   0000026c    r-- .intvecs
  0000026c    0000026c    0000179e   0000179e    r-x .text
  00001a0c    00001a0c    00000428   00000428    r-- .const
  00001e38    00001e38    00000050   00000050    r-- .cinit
20000000    20000000    0000059c   00000000    rw-
  20000000    20000000    0000026c   00000000    rw- .vtable
  20000270    20000270    00000200   00000000    rw- .stack
  20000470    20000470    000000fe   00000000    rw- .bss
  20000570    20000570    0000002c   00000000    rw- .data


SECTION ALLOCATION MAP

 output                                  attributes/
section   page    origin      length       input sections
--------  ----  ----------  ----------   ----------------
.intvecs   0    00000000    0000026c     
                  00000000    0000026c     startup_ccs.obj (.intvecs)

.text      0    0000026c    0000179e     
                  0000026c    00000158     main.obj (.text:main)
                  000003c4    00000136     driverlib.lib : can.obj (.text:CANMessageSet)
                  000004fa    00000132                   : gpio.obj (.text:GPIOPadConfigSet)
                  0000062c    00000120     uart_parser.obj (.text:UARTInit)
                  0000074c    00000110     driverlib.lib : sysctl.obj (.text:SysCtlClockGet)
                  0000085c    0000010e                   : can.obj (.text:CANMessageGet)
                  0000096a    00000002     startup_ccs.obj (.text:FaultISR)
                  0000096c    000000f4     driverlib.lib : sysctl.obj (.text:SysCtlClockSet)
                  00000a60    000000d8     bsp_can.obj (.text:speed_pid_realize)
                  00000b38    000000cc     bsp_key.obj (.text:bsp_key_init)
                  00000c04    000000b4     bsp_can.obj (.text:bsp_can_init)
                  00000cb8    000000a4     uart_parser.obj (.text:UART2IntHandler)
                  00000d5c    000000a0     follow_line.obj (.text:task1)
                  00000dfc    0000009c     rtsv7M4_T_le_v4SPD16_eabi.lib : memcpy_t2.asm.obj (.text)
                  00000e98    00000094     uart_parser.obj (.text:UART1IntHandler)
                  00000f2c    0000008c     bsp_key.obj (.text:io_interrupt)
                  00000fb8    00000088     bsp_can.obj (.text:bsp_can_get_feedback)
                  00001040    0000007a     driverlib.lib : adc.obj (.text:ADCSequenceStepConfigure)
                  000010ba    00000002     startup_ccs.obj (.text:IntDefaultHandler)
                  000010bc    0000006c     driverlib.lib : can.obj (.text:CANBitRateSet)
                  00001128    00000068                   : interrupt.obj (.text:IntEnable)
                  00001190    00000068     rtsv7M4_T_le_v4SPD16_eabi.lib : copy_decompress_lzss.c.obj (.text:decompress:lzss:__TI_decompress_lzss)
                  000011f8    0000005c     driverlib.lib : can.obj (.text:_CANIntNumberGet)
                  00001254    0000005c     bsp_can.obj (.text:bsp_can_set_current)
                  000012b0    00000058     bsp_can.obj (.text:bsp_can_pid_param_init)
                  00001308    00000056     driverlib.lib : gpio.obj (.text:GPIOIntTypeSet)
                  0000135e    00000002     startup_ccs.obj (.text:NmiSR)
                  00001360    00000054     bsp_adc.obj (.text:bsp_adc_init)
                  000013b4    00000050     driverlib.lib : adc.obj (.text:ADCSequenceConfigure)
                  00001404    00000050     bsp_can.obj (.text:CANIntHandler)
                  00001454    0000004c     rtsv7M4_T_le_v4SPD16_eabi.lib : atoi.c.obj (.text:atoi)
                  000014a0    00000048     driverlib.lib : gpio.obj (.text:GPIOPinConfigure)
                  000014e8    00000044                   : gpio.obj (.text:_GPIOIntNumberGet)
                  0000152c    00000044     rtsv7M4_T_le_v4SPD16_eabi.lib : autoinit.c.obj (.text:__TI_auto_init_nobinit_nopinit:__TI_auto_init_nobinit_nopinit)
                  00001570    00000040     driverlib.lib : can.obj (.text:CANStatusGet)
                  000015b0    0000003c     bsp_adc.obj (.text:bsp_adc_read)
                  000015ec    0000003a     driverlib.lib : can.obj (.text:CANInit)
                  00001626    00000002     follow_line.obj (.text:task2)
                  00001628    00000038     driverlib.lib : sysctl.obj (.text:SysCtlPeripheralReady)
                  00001660    00000034                   : interrupt.obj (.text:IntRegister)
                  00001694    00000034                   : sysctl.obj (.text:SysCtlPeripheralEnable)
                  000016c8    00000034     rtsv7M4_T_le_v4SPD16_eabi.lib : boot_cortex_m.c.obj (.text:_c_int00_noargs:_c_int00_noargs)
                  000016fc    0000002e     driverlib.lib : adc.obj (.text:ADCIntStatus)
                  0000172a    0000002a                   : gpio.obj (.text:GPIODirModeSet)
                  00001754    0000002a                   : can.obj (.text:_CANDataRegRead)
                  0000177e    00000002     follow_line.obj (.text:task3)
                  00001780    00000028     uart_parser.obj (.text:UART2Send)
                  000017a8    00000024     driverlib.lib : can.obj (.text:_CANDataRegWrite)
                  000017cc    00000024     bsp_can.obj (.text:bsp_can_set_speed)
                  000017f0    00000024     bsp_led.obj (.text:bsp_led_init)
                  00001814    00000022     driverlib.lib : can.obj (.text:CANIntClear)
                  00001836    00000020                   : can.obj (.text:CANIntStatus)
                  00001856    00000002     follow_line.obj (.text:task4)
                  00001858    00000020     bsp_buzzer.obj (.text:bsp_buzzer_init)
                  00001878    0000001e     driverlib.lib : adc.obj (.text:ADCSequenceDataGet)
                  00001896    0000001c     rtsv7M4_T_le_v4SPD16_eabi.lib : copy_zero_init.c.obj (.text:decompress:ZI:__TI_zero_init_nomemset:__TI_zero_init_nomemset)
                  000018b2    00000018     driverlib.lib : adc.obj (.text:ADCProcessorTrigger)
                  000018ca    00000018                   : can.obj (.text:CANIntRegister)
                  000018e2    00000018                   : gpio.obj (.text:GPIOIntRegister)
                  000018fa    00000018                   : gpio.obj (.text:GPIOPinTypeGPIOOutput)
                  00001912    00000002     --HOLE-- [fill = 0]
                  00001914    00000018     bsp_led.obj (.text:bsp_led_set)
                  0000192c    00000014     bsp_buzzer.obj (.text:bsp_buzzer_set)
                  00001940    00000012     driverlib.lib : gpio.obj (.text:GPIOPinTypeADC)
                  00001952    00000012                   : gpio.obj (.text:GPIOPinTypeCAN)
                  00001964    00000012                   : gpio.obj (.text:GPIOPinTypeGPIOInput)
                  00001976    00000010                   : interrupt.obj (.text:IntMasterEnable)
                  00001986    0000000e                   : adc.obj (.text:ADCSequenceEnable)
                  00001994    0000000e                   : gpio.obj (.text:GPIOIntStatus)
                  000019a2    0000000e     rtsv7M4_T_le_v4SPD16_eabi.lib : copy_decompress_none.c.obj (.text:decompress:none:__TI_decompress_none)
                  000019b0    0000000c     driverlib.lib : cpu.obj (.text:CPUcpsie)
                  000019bc    0000000c                   : gpio.obj (.text:GPIOIntEnable)
                  000019c8    0000000a                   : adc.obj (.text:ADCIntClear)
                  000019d2    0000000a                   : can.obj (.text:CANEnable)
                  000019dc    00000008                   : can.obj (.text:CANIntEnable)
                  000019e4    00000006                   : gpio.obj (.text:GPIOIntClear)
                  000019ea    00000006                   : gpio.obj (.text:GPIOPinRead)
                  000019f0    00000006                   : gpio.obj (.text:GPIOPinWrite)
                  000019f6    00000006     startup_ccs.obj (.text:ResetISR)
                  000019fc    00000006     driverlib.lib : sysctl.obj (.text:SysCtlDelay)
                  00001a02    00000004     rtsv7M4_T_le_v4SPD16_eabi.lib : pre_init.c.obj (.text:_system_pre_init)
                  00001a06    00000004                                   : exit.c.obj (.text:abort:abort)

.const     0    00001a0c    00000428     
                  00001a0c    00000101     rtsv7M4_T_le_v4SPD16_eabi.lib : ctype.c.obj (.const:.string:_ctypes_)
                  00001b0d    00000003     --HOLE-- [fill = 0]
                  00001b10    000000d8     driverlib.lib : gpio.obj (.const:g_ppui32GPIOIntMapSnowflake)
                  00001be8    000000c0                   : gpio.obj (.const:g_ppui32GPIOIntMapBlizzard)
                  00001ca8    00000090                   : gpio.obj (.const:g_pui32GPIOBaseAddrs)
                  00001d38    00000070                   : interrupt.obj (.const)
                  00001da8    0000006c                   : sysctl.obj (.const:g_pui32Xtals)
                  00001e14    00000020                   : can.obj (.const)

.cinit     0    00001e38    00000050     
                  00001e38    0000001b     (.cinit..data.load) [load image, compression = lzss]
                  00001e53    00000001     --HOLE-- [fill = 0]
                  00001e54    0000000c     (__TI_handler_table)
                  00001e60    00000008     (.cinit..bss.load) [load image, compression = zero_init]
                  00001e68    00000008     (.cinit..vtable.load) [load image, compression = zero_init]
                  00001e70    00000018     (__TI_cinit_table)

.init_array 
*          0    00000000    00000000     UNINITIALIZED

.vtable    0    20000000    0000026c     UNINITIALIZED
                  20000000    0000026c     driverlib.lib : interrupt.obj (.vtable)

.bss       0    20000470    000000fe     UNINITIALIZED
                  20000470    00000080     (.common:pid_speed)
                  200004f0    00000014     (.common:TxHeader)
                  20000504    00000014     (.common:sCANMessage)
                  20000518    00000014     (.common:uart1_receive_buffer)
                  2000052c    00000014     (.common:uart2_receive_buffer)
                  20000540    00000008     (.common:m2006_angle)
                  20000548    00000008     (.common:m2006_speed)
                  20000550    00000008     (.common:m2006_torque)
                  20000558    00000008     (.common:pui8MsgData)
                  20000560    00000004     (.common:pui32ADC0Value)
                  20000564    00000004     (.common:ultrasonic_value)
                  20000568    00000002     (.common:uart1_received_value)
                  2000056a    00000002     (.common:uart2_received_value)
                  2000056c    00000001     (.common:uart1_received_command)
                  2000056d    00000001     (.common:uart2_received_command)

.data      0    20000570    0000002c     UNINITIALIZED
                  20000570    00000010     main.obj (.data)
                  20000580    0000000c     follow_line.obj (.data)
                  2000058c    00000008     bsp_can.obj (.data:TxData)
                  20000594    00000006     bsp_can.obj (.data)
                  2000059a    00000002     uart_parser.obj (.data)

.stack     0    20000270    00000200     UNINITIALIZED
                  20000270    00000004     rtsv7M4_T_le_v4SPD16_eabi.lib : boot_cortex_m.c.obj (.stack)
                  20000274    000001fc     --HOLE--

__llvm_prf_cnts 
*          0    20000000    00000000     UNINITIALIZED

MODULE SUMMARY

       Module                       code   ro data   rw data
       ------                       ----   -------   -------
    .\
       startup_ccs.obj              12     620       0      
       main.obj                     344    0         16     
    +--+----------------------------+------+---------+---------+
       Total:                       356    620       16     
                                                            
    .\bsp\
       bsp_can.obj                  828    0         214    
       uart_parser.obj              640    0         48     
       bsp_key.obj                  344    0         0      
       follow_line.obj              166    0         16     
       bsp_adc.obj                  144    0         4      
       bsp_led.obj                  60     0         0      
       bsp_buzzer.obj               52     0         0      
    +--+----------------------------+------+---------+---------+
       Total:                       2234   0         282    
                                                            
    C:/ti/ccs1200/tivaware_c_series_2_1_4_178/driverlib/ccs/Debug/driverlib.lib
       gpio.obj                     720    552       0      
       can.obj                      1088   32        0      
       interrupt.obj                172    112       620    
       sysctl.obj                   630    108       0      
       adc.obj                      326    0         0      
       cpu.obj                      12     0         0      
    +--+----------------------------+------+---------+---------+
       Total:                       2948   804       620    
                                                            
    C:\ti\ccs1200\ccs\tools\compiler\ti-cgt-arm_20.2.6.LTS\lib\rtsv7M4_T_le_v4SPD16_eabi.lib
       ctype.c.obj                  0      257       0      
       memcpy_t2.asm.obj            156    0         0      
       copy_decompress_lzss.c.obj   104    0         0      
       atoi.c.obj                   76     0         0      
       autoinit.c.obj               68     0         0      
       boot_cortex_m.c.obj          52     0         0      
       copy_zero_init.c.obj         28     0         0      
       copy_decompress_none.c.obj   14     0         0      
       exit.c.obj                   4      0         0      
       pre_init.c.obj               4      0         0      
    +--+----------------------------+------+---------+---------+
       Total:                       506    257       0      
                                                            
       Stack:                       0      0         512    
       Linker Generated:            0      79        0      
    +--+----------------------------+------+---------+---------+
       Grand Total:                 6044   1760      1430   


LINKER GENERATED COPY TABLES

__TI_cinit_table @ 00001e70 records: 3, size/record: 8, table size: 24
	.data: load addr=00001e38, load size=0000001b bytes, run addr=20000570, run size=0000002c bytes, compression=lzss
	.bss: load addr=00001e60, load size=00000008 bytes, run addr=20000470, run size=000000fe bytes, compression=zero_init
	.vtable: load addr=00001e68, load size=00000008 bytes, run addr=20000000, run size=0000026c bytes, compression=zero_init


LINKER GENERATED HANDLER TABLE

__TI_handler_table @ 00001e54 records: 3, size/record: 4, table size: 12
	index: 0, handler: __TI_zero_init
	index: 1, handler: __TI_decompress_lzss
	index: 2, handler: __TI_decompress_none


GLOBAL SYMBOLS: SORTED ALPHABETICALLY BY Name 

address   name                          
-------   ----                          
000019c9  ADCIntClear                   
000016fd  ADCIntStatus                  
000018b3  ADCProcessorTrigger           
000013b5  ADCSequenceConfigure          
00001879  ADCSequenceDataGet            
00001987  ADCSequenceEnable             
00001041  ADCSequenceStepConfigure      
00001a07  C$$EXIT                       
000010bd  CANBitRateSet                 
000019d3  CANEnable                     
000015ed  CANInit                       
00001815  CANIntClear                   
000019dd  CANIntEnable                  
00001405  CANIntHandler                 
000018cb  CANIntRegister                
00001837  CANIntStatus                  
0000085d  CANMessageGet                 
000003c5  CANMessageSet                 
00001571  CANStatusGet                  
000019b1  CPUcpsie                      
0000172b  GPIODirModeSet                
000019e5  GPIOIntClear                  
000019bd  GPIOIntEnable                 
000018e3  GPIOIntRegister               
00001995  GPIOIntStatus                 
00001309  GPIOIntTypeSet                
000004fb  GPIOPadConfigSet              
000014a1  GPIOPinConfigure              
000019eb  GPIOPinRead                   
00001941  GPIOPinTypeADC                
00001953  GPIOPinTypeCAN                
00001965  GPIOPinTypeGPIOInput          
000018fb  GPIOPinTypeGPIOOutput         
000019f1  GPIOPinWrite                  
00001129  IntEnable                     
00001977  IntMasterEnable               
00001661  IntRegister                   
20000588  Kp                            
000019f7  ResetISR                      
0000074d  SysCtlClockGet                
0000096d  SysCtlClockSet                
000019fd  SysCtlDelay                   
00001695  SysCtlPeripheralEnable        
00001629  SysCtlPeripheralReady         
2000058c  TxData                        
200004f0  TxHeader                      
00000e99  UART1IntHandler               
00000cb9  UART2IntHandler               
00001781  UART2Send                     
0000062d  UARTInit                      
20000470  __STACK_END                   
00000200  __STACK_SIZE                  
20000470  __STACK_TOP                   
00001e70  __TI_CINIT_Base               
00001e88  __TI_CINIT_Limit              
00001e54  __TI_Handler_Table_Base       
00001e60  __TI_Handler_Table_Limit      
0000152d  __TI_auto_init_nobinit_nopinit
00001191  __TI_decompress_lzss          
000019a3  __TI_decompress_none          
ffffffff  __TI_pprof_out_hndl           
ffffffff  __TI_prof_data_size           
ffffffff  __TI_prof_data_start          
00000000  __TI_static_base__            
00001897  __TI_zero_init_nomemset       
00000dfd  __aeabi_memcpy                
00000dfd  __aeabi_memcpy4               
00000dfd  __aeabi_memcpy8               
ffffffff  __binit__                     
ffffffff  __c_args__                    
UNDEFED   __mpu_init                    
20000270  __stack                       
20000000  __start___llvm_prf_cnts       
20000000  __stop___llvm_prf_cnts        
000016c9  _c_int00_noargs               
00001a0c  _ctypes_                      
UNDEFED   _system_post_cinit            
00001a03  _system_pre_init              
00001a07  abort                         
00001455  atoi                          
ffffffff  binit                         
00001361  bsp_adc_init                  
000015b1  bsp_adc_read                  
00001859  bsp_buzzer_init               
0000192d  bsp_buzzer_set                
00000fb9  bsp_can_get_feedback          
00000c05  bsp_can_init                  
000012b1  bsp_can_pid_param_init        
00001255  bsp_can_set_current           
000017cd  bsp_can_set_speed             
00000b39  bsp_key_init                  
000017f1  bsp_led_init                  
00001915  bsp_led_set                   
20000584  delta_value                   
20000599  g_bErrFlag                    
20000598  g_bRXFlag                     
20000000  g_pfnRAMVectors               
00000000  g_pfnVectors                  
20000594  g_ui32MsgCount                
00000f2d  io_interrupt                  
20000540  m2006_angle                   
20000548  m2006_speed                   
20000550  m2006_torque                  
0000026d  main                          
00000dfd  memcpy                        
20000580  now_task                      
20000470  pid_speed                     
20000560  pui32ADC0Value                
20000558  pui8MsgData                   
20000570  running_state                 
20000504  sCANMessage                   
00000a61  speed_pid_realize             
20000582  target_value                  
00000d5d  task1                         
20000586  task1_avg_speed               
00001627  task2                         
0000177f  task3                         
00001857  task4                         
20000581  task_num                      
2000058a  u                             
20000518  uart1_receive_buffer          
2000059a  uart1_receive_count           
2000056c  uart1_received_command        
20000568  uart1_received_value          
2000052c  uart2_receive_buffer          
2000059b  uart2_receive_count           
2000056d  uart2_received_command        
2000056a  uart2_received_value          
20000564  ultrasonic_value              


GLOBAL SYMBOLS: SORTED BY Symbol Address 

address   name                          
-------   ----                          
00000000  __TI_static_base__            
00000000  g_pfnVectors                  
00000200  __STACK_SIZE                  
0000026d  main                          
000003c5  CANMessageSet                 
000004fb  GPIOPadConfigSet              
0000062d  UARTInit                      
0000074d  SysCtlClockGet                
0000085d  CANMessageGet                 
0000096d  SysCtlClockSet                
00000a61  speed_pid_realize             
00000b39  bsp_key_init                  
00000c05  bsp_can_init                  
00000cb9  UART2IntHandler               
00000d5d  task1                         
00000dfd  __aeabi_memcpy                
00000dfd  __aeabi_memcpy4               
00000dfd  __aeabi_memcpy8               
00000dfd  memcpy                        
00000e99  UART1IntHandler               
00000f2d  io_interrupt                  
00000fb9  bsp_can_get_feedback          
00001041  ADCSequenceStepConfigure      
000010bd  CANBitRateSet                 
00001129  IntEnable                     
00001191  __TI_decompress_lzss          
00001255  bsp_can_set_current           
000012b1  bsp_can_pid_param_init        
00001309  GPIOIntTypeSet                
00001361  bsp_adc_init                  
000013b5  ADCSequenceConfigure          
00001405  CANIntHandler                 
00001455  atoi                          
000014a1  GPIOPinConfigure              
0000152d  __TI_auto_init_nobinit_nopinit
00001571  CANStatusGet                  
000015b1  bsp_adc_read                  
000015ed  CANInit                       
00001627  task2                         
00001629  SysCtlPeripheralReady         
00001661  IntRegister                   
00001695  SysCtlPeripheralEnable        
000016c9  _c_int00_noargs               
000016fd  ADCIntStatus                  
0000172b  GPIODirModeSet                
0000177f  task3                         
00001781  UART2Send                     
000017cd  bsp_can_set_speed             
000017f1  bsp_led_init                  
00001815  CANIntClear                   
00001837  CANIntStatus                  
00001857  task4                         
00001859  bsp_buzzer_init               
00001879  ADCSequenceDataGet            
00001897  __TI_zero_init_nomemset       
000018b3  ADCProcessorTrigger           
000018cb  CANIntRegister                
000018e3  GPIOIntRegister               
000018fb  GPIOPinTypeGPIOOutput         
00001915  bsp_led_set                   
0000192d  bsp_buzzer_set                
00001941  GPIOPinTypeADC                
00001953  GPIOPinTypeCAN                
00001965  GPIOPinTypeGPIOInput          
00001977  IntMasterEnable               
00001987  ADCSequenceEnable             
00001995  GPIOIntStatus                 
000019a3  __TI_decompress_none          
000019b1  CPUcpsie                      
000019bd  GPIOIntEnable                 
000019c9  ADCIntClear                   
000019d3  CANEnable                     
000019dd  CANIntEnable                  
000019e5  GPIOIntClear                  
000019eb  GPIOPinRead                   
000019f1  GPIOPinWrite                  
000019f7  ResetISR                      
000019fd  SysCtlDelay                   
00001a03  _system_pre_init              
00001a07  C$$EXIT                       
00001a07  abort                         
00001a0c  _ctypes_                      
00001e54  __TI_Handler_Table_Base       
00001e60  __TI_Handler_Table_Limit      
00001e70  __TI_CINIT_Base               
00001e88  __TI_CINIT_Limit              
20000000  __start___llvm_prf_cnts       
20000000  __stop___llvm_prf_cnts        
20000000  g_pfnRAMVectors               
20000270  __stack                       
20000470  __STACK_END                   
20000470  __STACK_TOP                   
20000470  pid_speed                     
200004f0  TxHeader                      
20000504  sCANMessage                   
20000518  uart1_receive_buffer          
2000052c  uart2_receive_buffer          
20000540  m2006_angle                   
20000548  m2006_speed                   
20000550  m2006_torque                  
20000558  pui8MsgData                   
20000560  pui32ADC0Value                
20000564  ultrasonic_value              
20000568  uart1_received_value          
2000056a  uart2_received_value          
2000056c  uart1_received_command        
2000056d  uart2_received_command        
20000570  running_state                 
20000580  now_task                      
20000581  task_num                      
20000582  target_value                  
20000584  delta_value                   
20000586  task1_avg_speed               
20000588  Kp                            
2000058a  u                             
2000058c  TxData                        
20000594  g_ui32MsgCount                
20000598  g_bRXFlag                     
20000599  g_bErrFlag                    
2000059a  uart1_receive_count           
2000059b  uart2_receive_count           
ffffffff  __TI_pprof_out_hndl           
ffffffff  __TI_prof_data_size           
ffffffff  __TI_prof_data_start          
ffffffff  __binit__                     
ffffffff  __c_args__                    
ffffffff  binit                         
UNDEFED   __mpu_init                    
UNDEFED   _system_post_cinit            

[129 symbols]
