******************************************************************************
                  TI ARM Linker PC v20.2.6                     
******************************************************************************
>> Linked Thu Jul 28 11:46:15 2022

OUTPUT FILE NAME:   <car_leader.out>
ENTRY POINT SYMBOL: "_c_int00_noargs"  address: 0000123d


MEMORY CONFIGURATION

         name            origin    length      used     unused   attr    fill
----------------------  --------  ---------  --------  --------  ----  --------
  FLASH                 00000000   00040000  00001758  0003e8a8  R  X
  SRAM                  20000000   00008000  0000056c  00007a94  RW X


SEGMENT ALLOCATION MAP

run origin  load origin   length   init length attrs members
----------  ----------- ---------- ----------- ----- -------
00000000    00000000    00001758   00001758    r-x
  00000000    00000000    0000026c   0000026c    r-- .intvecs
  0000026c    0000026c    00001214   00001214    r-x .text
  00001480    00001480    00000290   00000290    r-- .const
  00001710    00001710    00000048   00000048    r-- .cinit
20000000    20000000    00000572   00000000    rw-
  20000000    20000000    0000026c   00000000    rw- .vtable
  20000270    20000270    00000200   00000000    rw- .stack
  20000470    20000470    000000e6   00000000    rw- .bss
  20000558    20000558    0000001a   00000000    rw- .data


SECTION ALLOCATION MAP

 output                                  attributes/
section   page    origin      length       input sections
--------  ----  ----------  ----------   ----------------
.intvecs   0    00000000    0000026c     
                  00000000    0000026c     startup_ccs.obj (.intvecs)

.text      0    0000026c    00001214     
                  0000026c    00000136     driverlib.lib : can.obj (.text:CANMessageSet)
                  000003a2    00000132                   : gpio.obj (.text:GPIOPadConfigSet)
                  000004d4    00000110                   : sysctl.obj (.text:SysCtlClockGet)
                  000005e4    0000010e                   : can.obj (.text:CANMessageGet)
                  000006f2    00000002     startup_ccs.obj (.text:FaultISR)
                  000006f4    000000f4     driverlib.lib : sysctl.obj (.text:SysCtlClockSet)
                  000007e8    000000d8     bsp_can.obj (.text:speed_pid_realize)
                  000008c0    000000b4     uart_parser.obj (.text:UARTInit)
                  00000974    000000b4     bsp_can.obj (.text:bsp_can_init)
                  00000a28    0000009c     rtsv7M4_T_le_v4SPD16_eabi.lib : memcpy_t2.asm.obj (.text)
                  00000ac4    0000008c     uart_parser.obj (.text:UARTIntHandler)
                  00000b50    00000088     bsp_can.obj (.text:bsp_can_get_feedback)
                  00000bd8    0000007a     driverlib.lib : adc.obj (.text:ADCSequenceStepConfigure)
                  00000c52    00000002     startup_ccs.obj (.text:IntDefaultHandler)
                  00000c54    0000006c     driverlib.lib : can.obj (.text:CANBitRateSet)
                  00000cc0    00000068                   : interrupt.obj (.text:IntEnable)
                  00000d28    00000068     rtsv7M4_T_le_v4SPD16_eabi.lib : copy_decompress_lzss.c.obj (.text:decompress:lzss:__TI_decompress_lzss)
                  00000d90    00000064     follow_line.obj (.text:follow_line)
                  00000df4    0000005c     driverlib.lib : can.obj (.text:_CANIntNumberGet)
                  00000e50    0000005c     bsp_can.obj (.text:bsp_can_set_current)
                  00000eac    00000058     bsp_can.obj (.text:bsp_can_pid_param_init)
                  00000f04    00000054     bsp_adc.obj (.text:bsp_adc_init)
                  00000f58    00000050     driverlib.lib : adc.obj (.text:ADCSequenceConfigure)
                  00000fa8    00000050     bsp_can.obj (.text:CANIntHandler)
                  00000ff8    0000004c     rtsv7M4_T_le_v4SPD16_eabi.lib : atoi.c.obj (.text:atoi)
                  00001044    0000004c     main.obj (.text:main)
                  00001090    00000048     driverlib.lib : gpio.obj (.text:GPIOPinConfigure)
                  000010d8    00000044     rtsv7M4_T_le_v4SPD16_eabi.lib : autoinit.c.obj (.text:__TI_auto_init_nobinit_nopinit:__TI_auto_init_nobinit_nopinit)
                  0000111c    00000040     driverlib.lib : can.obj (.text:CANStatusGet)
                  0000115c    0000003c     bsp_adc.obj (.text:bsp_adc_read)
                  00001198    0000003a     driverlib.lib : can.obj (.text:CANInit)
                  000011d2    00000002     startup_ccs.obj (.text:NmiSR)
                  000011d4    00000034     driverlib.lib : interrupt.obj (.text:IntRegister)
                  00001208    00000034                   : sysctl.obj (.text:SysCtlPeripheralEnable)
                  0000123c    00000034     rtsv7M4_T_le_v4SPD16_eabi.lib : boot_cortex_m.c.obj (.text:_c_int00_noargs:_c_int00_noargs)
                  00001270    0000002e     driverlib.lib : adc.obj (.text:ADCIntStatus)
                  0000129e    0000002a                   : gpio.obj (.text:GPIODirModeSet)
                  000012c8    0000002a                   : can.obj (.text:_CANDataRegRead)
                  000012f2    00000002     --HOLE-- [fill = 0]
                  000012f4    00000028     uart_parser.obj (.text:UARTSend)
                  0000131c    00000024     driverlib.lib : can.obj (.text:_CANDataRegWrite)
                  00001340    00000024     bsp_can.obj (.text:bsp_can_set_speed)
                  00001364    00000022     driverlib.lib : can.obj (.text:CANIntClear)
                  00001386    00000020                   : can.obj (.text:CANIntStatus)
                  000013a6    0000001e                   : adc.obj (.text:ADCSequenceDataGet)
                  000013c4    0000001c     rtsv7M4_T_le_v4SPD16_eabi.lib : copy_zero_init.c.obj (.text:decompress:ZI:__TI_zero_init_nomemset:__TI_zero_init_nomemset)
                  000013e0    00000018     driverlib.lib : adc.obj (.text:ADCProcessorTrigger)
                  000013f8    00000018                   : can.obj (.text:CANIntRegister)
                  00001410    00000012                   : gpio.obj (.text:GPIOPinTypeADC)
                  00001422    00000012                   : gpio.obj (.text:GPIOPinTypeCAN)
                  00001434    0000000e                   : adc.obj (.text:ADCSequenceEnable)
                  00001442    0000000e     rtsv7M4_T_le_v4SPD16_eabi.lib : copy_decompress_none.c.obj (.text:decompress:none:__TI_decompress_none)
                  00001450    0000000a     driverlib.lib : adc.obj (.text:ADCIntClear)
                  0000145a    0000000a                   : can.obj (.text:CANEnable)
                  00001464    00000008                   : can.obj (.text:CANIntEnable)
                  0000146c    00000006     startup_ccs.obj (.text:ResetISR)
                  00001472    00000006     driverlib.lib : sysctl.obj (.text:SysCtlDelay)
                  00001478    00000004     rtsv7M4_T_le_v4SPD16_eabi.lib : pre_init.c.obj (.text:_system_pre_init)
                  0000147c    00000004                                   : exit.c.obj (.text:abort:abort)

.const     0    00001480    00000290     
                  00001480    00000101     rtsv7M4_T_le_v4SPD16_eabi.lib : ctype.c.obj (.const:.string:_ctypes_)
                  00001581    00000003     --HOLE-- [fill = 0]
                  00001584    00000090     driverlib.lib : gpio.obj (.const:g_pui32GPIOBaseAddrs)
                  00001614    00000070                   : interrupt.obj (.const)
                  00001684    0000006c                   : sysctl.obj (.const:g_pui32Xtals)
                  000016f0    00000020                   : can.obj (.const)

.cinit     0    00001710    00000048     
                  00001710    00000010     (.cinit..data.load) [load image, compression = lzss]
                  00001720    0000000c     (__TI_handler_table)
                  0000172c    00000004     --HOLE-- [fill = 0]
                  00001730    00000008     (.cinit..bss.load) [load image, compression = zero_init]
                  00001738    00000008     (.cinit..vtable.load) [load image, compression = zero_init]
                  00001740    00000018     (__TI_cinit_table)

.init_array 
*          0    00000000    00000000     UNINITIALIZED

.vtable    0    20000000    0000026c     UNINITIALIZED
                  20000000    0000026c     driverlib.lib : interrupt.obj (.vtable)

.bss       0    20000470    000000e6     UNINITIALIZED
                  20000470    00000080     (.common:pid_speed)
                  200004f0    00000014     (.common:TxHeader)
                  20000504    00000014     (.common:sCANMessage)
                  20000518    00000014     (.common:uart_receive_buffer)
                  2000052c    00000008     (.common:m2006_angle)
                  20000534    00000008     (.common:m2006_speed)
                  2000053c    00000008     (.common:m2006_torque)
                  20000544    00000008     (.common:pui8MsgData)
                  2000054c    00000004     (.common:pui32ADC0Value)
                  20000550    00000004     (.common:ultrasonic_value)
                  20000554    00000002     (.common:uart_received_value)

.data      0    20000558    0000001a     UNINITIALIZED
                  20000558    0000000a     follow_line.obj (.data)
                  20000562    00000008     bsp_can.obj (.data:TxData)
                  2000056a    00000001     uart_parser.obj (.data)
                  2000056b    00000001     --HOLE--
                  2000056c    00000006     bsp_can.obj (.data)

.stack     0    20000270    00000200     UNINITIALIZED
                  20000270    00000004     rtsv7M4_T_le_v4SPD16_eabi.lib : boot_cortex_m.c.obj (.stack)
                  20000274    000001fc     --HOLE--

__llvm_prf_cnts 
*          0    20000000    00000000     UNINITIALIZED

MODULE SUMMARY

       Module                       code   ro data   rw data
       ------                       ----   -------   -------
    .\
       startup_ccs.obj              12     620       0      
       main.obj                     76     0         0      
    +--+----------------------------+------+---------+---------+
       Total:                       88     620       0      
                                                            
    .\bsp\
       bsp_can.obj                  828    0         214    
       uart_parser.obj              360    0         23     
       bsp_adc.obj                  144    0         4      
       follow_line.obj              100    0         14     
    +--+----------------------------+------+---------+---------+
       Total:                       1432   0         255    
                                                            
    C:/ti/ccs1200/tivaware_c_series_2_1_4_178/driverlib/ccs/Debug/driverlib.lib
       can.obj                      1088   32        0      
       interrupt.obj                156    112       620    
       sysctl.obj                   574    108       0      
       gpio.obj                     456    144       0      
       adc.obj                      326    0         0      
    +--+----------------------------+------+---------+---------+
       Total:                       2600   396       620    
                                                            
    C:\ti\ccs1200\ccs\tools\compiler\ti-cgt-arm_20.2.6.LTS\lib\rtsv7M4_T_le_v4SPD16_eabi.lib
       ctype.c.obj                  0      257       0      
       memcpy_t2.asm.obj            156    0         0      
       copy_decompress_lzss.c.obj   104    0         0      
       atoi.c.obj                   76     0         0      
       autoinit.c.obj               68     0         0      
       boot_cortex_m.c.obj          52     0         0      
       copy_zero_init.c.obj         28     0         0      
       copy_decompress_none.c.obj   14     0         0      
       exit.c.obj                   4      0         0      
       pre_init.c.obj               4      0         0      
    +--+----------------------------+------+---------+---------+
       Total:                       506    257       0      
                                                            
       Stack:                       0      0         512    
       Linker Generated:            0      68        0      
    +--+----------------------------+------+---------+---------+
       Grand Total:                 4626   1341      1387   


LINKER GENERATED COPY TABLES

__TI_cinit_table @ 00001740 records: 3, size/record: 8, table size: 24
	.data: load addr=00001710, load size=00000010 bytes, run addr=20000558, run size=0000001a bytes, compression=lzss
	.bss: load addr=00001730, load size=00000008 bytes, run addr=20000470, run size=000000e6 bytes, compression=zero_init
	.vtable: load addr=00001738, load size=00000008 bytes, run addr=20000000, run size=0000026c bytes, compression=zero_init


LINKER GENERATED HANDLER TABLE

__TI_handler_table @ 00001720 records: 3, size/record: 4, table size: 12
	index: 0, handler: __TI_zero_init
	index: 1, handler: __TI_decompress_lzss
	index: 2, handler: __TI_decompress_none


GLOBAL SYMBOLS: SORTED ALPHABETICALLY BY Name 

address   name                          
-------   ----                          
00001451  ADCIntClear                   
00001271  ADCIntStatus                  
000013e1  ADCProcessorTrigger           
00000f59  ADCSequenceConfigure          
000013a7  ADCSequenceDataGet            
00001435  ADCSequenceEnable             
00000bd9  ADCSequenceStepConfigure      
0000147d  C$$EXIT                       
00000c55  CANBitRateSet                 
0000145b  CANEnable                     
00001199  CANInit                       
00001365  CANIntClear                   
00001465  CANIntEnable                  
00000fa9  CANIntHandler                 
000013f9  CANIntRegister                
00001387  CANIntStatus                  
000005e5  CANMessageGet                 
0000026d  CANMessageSet                 
0000111d  CANStatusGet                  
0000129f  GPIODirModeSet                
000003a3  GPIOPadConfigSet              
00001091  GPIOPinConfigure              
00001411  GPIOPinTypeADC                
00001423  GPIOPinTypeCAN                
00000cc1  IntEnable                     
000011d5  IntRegister                   
2000055e  Kp                            
0000146d  ResetISR                      
000004d5  SysCtlClockGet                
000006f5  SysCtlClockSet                
00001473  SysCtlDelay                   
00001209  SysCtlPeripheralEnable        
20000562  TxData                        
200004f0  TxHeader                      
000008c1  UARTInit                      
00000ac5  UARTIntHandler                
000012f5  UARTSend                      
20000470  __STACK_END                   
00000200  __STACK_SIZE                  
20000470  __STACK_TOP                   
00001740  __TI_CINIT_Base               
00001758  __TI_CINIT_Limit              
00001720  __TI_Handler_Table_Base       
0000172c  __TI_Handler_Table_Limit      
000010d9  __TI_auto_init_nobinit_nopinit
00000d29  __TI_decompress_lzss          
00001443  __TI_decompress_none          
ffffffff  __TI_pprof_out_hndl           
ffffffff  __TI_prof_data_size           
ffffffff  __TI_prof_data_start          
00000000  __TI_static_base__            
000013c5  __TI_zero_init_nomemset       
00000a29  __aeabi_memcpy                
00000a29  __aeabi_memcpy4               
00000a29  __aeabi_memcpy8               
ffffffff  __binit__                     
ffffffff  __c_args__                    
UNDEFED   __mpu_init                    
20000270  __stack                       
20000000  __start___llvm_prf_cnts       
20000000  __stop___llvm_prf_cnts        
0000123d  _c_int00_noargs               
00001480  _ctypes_                      
UNDEFED   _system_post_cinit            
00001479  _system_pre_init              
0000147d  abort                         
00000ff9  atoi                          
2000055c  avg_speed                     
ffffffff  binit                         
00000f05  bsp_adc_init                  
0000115d  bsp_adc_read                  
00000b51  bsp_can_get_feedback          
00000975  bsp_can_init                  
00000ead  bsp_can_pid_param_init        
00000e51  bsp_can_set_current           
00001341  bsp_can_set_speed             
2000055a  delta_value                   
00000d91  follow_line                   
20000571  g_bErrFlag                    
20000570  g_bRXFlag                     
20000000  g_pfnRAMVectors               
00000000  g_pfnVectors                  
2000056c  g_ui32MsgCount                
2000052c  m2006_angle                   
20000534  m2006_speed                   
2000053c  m2006_torque                  
00001045  main                          
00000a29  memcpy                        
20000470  pid_speed                     
2000054c  pui32ADC0Value                
20000544  pui8MsgData                   
20000504  sCANMessage                   
000007e9  speed_pid_realize             
20000558  target_value                  
20000560  u                             
20000518  uart_receive_buffer           
2000056a  uart_receive_count            
20000554  uart_received_value           
20000550  ultrasonic_value              


GLOBAL SYMBOLS: SORTED BY Symbol Address 

address   name                          
-------   ----                          
00000000  __TI_static_base__            
00000000  g_pfnVectors                  
00000200  __STACK_SIZE                  
0000026d  CANMessageSet                 
000003a3  GPIOPadConfigSet              
000004d5  SysCtlClockGet                
000005e5  CANMessageGet                 
000006f5  SysCtlClockSet                
000007e9  speed_pid_realize             
000008c1  UARTInit                      
00000975  bsp_can_init                  
00000a29  __aeabi_memcpy                
00000a29  __aeabi_memcpy4               
00000a29  __aeabi_memcpy8               
00000a29  memcpy                        
00000ac5  UARTIntHandler                
00000b51  bsp_can_get_feedback          
00000bd9  ADCSequenceStepConfigure      
00000c55  CANBitRateSet                 
00000cc1  IntEnable                     
00000d29  __TI_decompress_lzss          
00000d91  follow_line                   
00000e51  bsp_can_set_current           
00000ead  bsp_can_pid_param_init        
00000f05  bsp_adc_init                  
00000f59  ADCSequenceConfigure          
00000fa9  CANIntHandler                 
00000ff9  atoi                          
00001045  main                          
00001091  GPIOPinConfigure              
000010d9  __TI_auto_init_nobinit_nopinit
0000111d  CANStatusGet                  
0000115d  bsp_adc_read                  
00001199  CANInit                       
000011d5  IntRegister                   
00001209  SysCtlPeripheralEnable        
0000123d  _c_int00_noargs               
00001271  ADCIntStatus                  
0000129f  GPIODirModeSet                
000012f5  UARTSend                      
00001341  bsp_can_set_speed             
00001365  CANIntClear                   
00001387  CANIntStatus                  
000013a7  ADCSequenceDataGet            
000013c5  __TI_zero_init_nomemset       
000013e1  ADCProcessorTrigger           
000013f9  CANIntRegister                
00001411  GPIOPinTypeADC                
00001423  GPIOPinTypeCAN                
00001435  ADCSequenceEnable             
00001443  __TI_decompress_none          
00001451  ADCIntClear                   
0000145b  CANEnable                     
00001465  CANIntEnable                  
0000146d  ResetISR                      
00001473  SysCtlDelay                   
00001479  _system_pre_init              
0000147d  C$$EXIT                       
0000147d  abort                         
00001480  _ctypes_                      
00001720  __TI_Handler_Table_Base       
0000172c  __TI_Handler_Table_Limit      
00001740  __TI_CINIT_Base               
00001758  __TI_CINIT_Limit              
20000000  __start___llvm_prf_cnts       
20000000  __stop___llvm_prf_cnts        
20000000  g_pfnRAMVectors               
20000270  __stack                       
20000470  __STACK_END                   
20000470  __STACK_TOP                   
20000470  pid_speed                     
200004f0  TxHeader                      
20000504  sCANMessage                   
20000518  uart_receive_buffer           
2000052c  m2006_angle                   
20000534  m2006_speed                   
2000053c  m2006_torque                  
20000544  pui8MsgData                   
2000054c  pui32ADC0Value                
20000550  ultrasonic_value              
20000554  uart_received_value           
20000558  target_value                  
2000055a  delta_value                   
2000055c  avg_speed                     
2000055e  Kp                            
20000560  u                             
20000562  TxData                        
2000056a  uart_receive_count            
2000056c  g_ui32MsgCount                
20000570  g_bRXFlag                     
20000571  g_bErrFlag                    
ffffffff  __TI_pprof_out_hndl           
ffffffff  __TI_prof_data_size           
ffffffff  __TI_prof_data_start          
ffffffff  __binit__                     
ffffffff  __c_args__                    
ffffffff  binit                         
UNDEFED   __mpu_init                    
UNDEFED   _system_post_cinit            

[99 symbols]
