******************************************************************************
                  TI ARM Linker PC v20.2.6                     
******************************************************************************
>> Linked Fri Jul 29 12:54:58 2022

OUTPUT FILE NAME:   <car_leader.out>
ENTRY POINT SYMBOL: "_c_int00_noargs"  address: 00001585


MEMORY CONFIGURATION

         name            origin    length      used     unused   attr    fill
----------------------  --------  ---------  --------  --------  ----  --------
  FLASH                 00000000   00040000  00001d14  0003e2ec  R  X
  SRAM                  20000000   00008000  00000587  00007a79  RW X


SEGMENT ALLOCATION MAP

run origin  load origin   length   init length attrs members
----------  ----------- ---------- ----------- ----- -------
00000000    00000000    00001d18   00001d18    r-x
  00000000    00000000    0000026c   0000026c    r-- .intvecs
  0000026c    0000026c    00001638   00001638    r-x .text
  000018a4    000018a4    00000428   00000428    r-- .const
  00001cd0    00001cd0    00000048   00000048    r-- .cinit
20000000    20000000    0000058d   00000000    rw-
  20000000    20000000    0000026c   00000000    rw- .vtable
  20000270    20000270    00000200   00000000    rw- .stack
  20000470    20000470    000000fe   00000000    rw- .bss
  20000570    20000570    0000001d   00000000    rw- .data


SECTION ALLOCATION MAP

 output                                  attributes/
section   page    origin      length       input sections
--------  ----  ----------  ----------   ----------------
.intvecs   0    00000000    0000026c     
                  00000000    0000026c     startup_ccs.obj (.intvecs)

.text      0    0000026c    00001638     
                  0000026c    00000136     driverlib.lib : can.obj (.text:CANMessageSet)
                  000003a2    00000132                   : gpio.obj (.text:GPIOPadConfigSet)
                  000004d4    00000120     uart_parser.obj (.text:UARTInit)
                  000005f4    00000110     driverlib.lib : sysctl.obj (.text:SysCtlClockGet)
                  00000704    0000010e                   : can.obj (.text:CANMessageGet)
                  00000812    00000002     startup_ccs.obj (.text:FaultISR)
                  00000814    000000f4     driverlib.lib : sysctl.obj (.text:SysCtlClockSet)
                  00000908    000000d8     bsp_can.obj (.text:speed_pid_realize)
                  000009e0    000000b4     bsp_can.obj (.text:bsp_can_init)
                  00000a94    000000ac     main.obj (.text:main)
                  00000b40    000000a0     uart_parser.obj (.text:UART2IntHandler)
                  00000be0    0000009c     rtsv7M4_T_le_v4SPD16_eabi.lib : memcpy_t2.asm.obj (.text)
                  00000c7c    0000009c     follow_line.obj (.text:task1)
                  00000d18    00000094     uart_parser.obj (.text:UART1IntHandler)
                  00000dac    00000088     bsp_can.obj (.text:bsp_can_get_feedback)
                  00000e34    0000007a     driverlib.lib : adc.obj (.text:ADCSequenceStepConfigure)
                  00000eae    00000002     startup_ccs.obj (.text:IntDefaultHandler)
                  00000eb0    00000070     bsp_key.obj (.text:bsp_key_init)
                  00000f20    0000006c     driverlib.lib : can.obj (.text:CANBitRateSet)
                  00000f8c    00000068                   : interrupt.obj (.text:IntEnable)
                  00000ff4    00000068     rtsv7M4_T_le_v4SPD16_eabi.lib : copy_decompress_lzss.c.obj (.text:decompress:lzss:__TI_decompress_lzss)
                  0000105c    0000005c     driverlib.lib : can.obj (.text:_CANIntNumberGet)
                  000010b8    0000005c     bsp_can.obj (.text:bsp_can_set_current)
                  00001114    00000058     bsp_can.obj (.text:bsp_can_pid_param_init)
                  0000116c    00000058     bsp_key.obj (.text:io_interrupt)
                  000011c4    00000056     driverlib.lib : gpio.obj (.text:GPIOIntTypeSet)
                  0000121a    00000002     startup_ccs.obj (.text:NmiSR)
                  0000121c    00000054     bsp_adc.obj (.text:bsp_adc_init)
                  00001270    00000050     driverlib.lib : adc.obj (.text:ADCSequenceConfigure)
                  000012c0    00000050     bsp_can.obj (.text:CANIntHandler)
                  00001310    0000004c     rtsv7M4_T_le_v4SPD16_eabi.lib : atoi.c.obj (.text:atoi)
                  0000135c    00000048     driverlib.lib : gpio.obj (.text:GPIOPinConfigure)
                  000013a4    00000044                   : gpio.obj (.text:_GPIOIntNumberGet)
                  000013e8    00000044     rtsv7M4_T_le_v4SPD16_eabi.lib : autoinit.c.obj (.text:__TI_auto_init_nobinit_nopinit:__TI_auto_init_nobinit_nopinit)
                  0000142c    00000040     driverlib.lib : can.obj (.text:CANStatusGet)
                  0000146c    0000003c     bsp_adc.obj (.text:bsp_adc_read)
                  000014a8    0000003a     driverlib.lib : can.obj (.text:CANInit)
                  000014e2    00000002     --HOLE-- [fill = 0]
                  000014e4    00000038                   : sysctl.obj (.text:SysCtlPeripheralReady)
                  0000151c    00000034                   : interrupt.obj (.text:IntRegister)
                  00001550    00000034                   : sysctl.obj (.text:SysCtlPeripheralEnable)
                  00001584    00000034     rtsv7M4_T_le_v4SPD16_eabi.lib : boot_cortex_m.c.obj (.text:_c_int00_noargs:_c_int00_noargs)
                  000015b8    0000002e     driverlib.lib : adc.obj (.text:ADCIntStatus)
                  000015e6    0000002a                   : gpio.obj (.text:GPIODirModeSet)
                  00001610    0000002a                   : can.obj (.text:_CANDataRegRead)
                  0000163a    00000002     --HOLE-- [fill = 0]
                  0000163c    00000028     uart_parser.obj (.text:UART2Send)
                  00001664    00000024     driverlib.lib : can.obj (.text:_CANDataRegWrite)
                  00001688    00000024     bsp_can.obj (.text:bsp_can_set_speed)
                  000016ac    00000022     driverlib.lib : can.obj (.text:CANIntClear)
                  000016ce    00000020                   : can.obj (.text:CANIntStatus)
                  000016ee    0000001e                   : adc.obj (.text:ADCSequenceDataGet)
                  0000170c    0000001c     bsp_buzzer.obj (.text:bsp_buzzer_init)
                  00001728    0000001c     bsp_led.obj (.text:bsp_led_init)
                  00001744    0000001c     rtsv7M4_T_le_v4SPD16_eabi.lib : copy_zero_init.c.obj (.text:decompress:ZI:__TI_zero_init_nomemset:__TI_zero_init_nomemset)
                  00001760    00000018     driverlib.lib : adc.obj (.text:ADCProcessorTrigger)
                  00001778    00000018                   : can.obj (.text:CANIntRegister)
                  00001790    00000018                   : gpio.obj (.text:GPIOIntRegister)
                  000017a8    00000018                   : gpio.obj (.text:GPIOPinTypeGPIOOutput)
                  000017c0    00000018     bsp_led.obj (.text:bsp_led_set)
                  000017d8    00000014     bsp_buzzer.obj (.text:bsp_buzzer_set)
                  000017ec    00000012     driverlib.lib : gpio.obj (.text:GPIOPinTypeADC)
                  000017fe    00000012                   : gpio.obj (.text:GPIOPinTypeCAN)
                  00001810    00000010                   : interrupt.obj (.text:IntMasterEnable)
                  00001820    0000000e                   : adc.obj (.text:ADCSequenceEnable)
                  0000182e    0000000e                   : gpio.obj (.text:GPIOIntStatus)
                  0000183c    0000000e     rtsv7M4_T_le_v4SPD16_eabi.lib : copy_decompress_none.c.obj (.text:decompress:none:__TI_decompress_none)
                  0000184a    0000000c     driverlib.lib : cpu.obj (.text:CPUcpsie)
                  00001856    0000000c                   : gpio.obj (.text:GPIOIntEnable)
                  00001862    0000000a                   : adc.obj (.text:ADCIntClear)
                  0000186c    0000000a                   : can.obj (.text:CANEnable)
                  00001876    00000008                   : can.obj (.text:CANIntEnable)
                  0000187e    00000006                   : gpio.obj (.text:GPIOIntClear)
                  00001884    00000006                   : gpio.obj (.text:GPIOPinRead)
                  0000188a    00000006                   : gpio.obj (.text:GPIOPinWrite)
                  00001890    00000006     startup_ccs.obj (.text:ResetISR)
                  00001896    00000006     driverlib.lib : sysctl.obj (.text:SysCtlDelay)
                  0000189c    00000004     rtsv7M4_T_le_v4SPD16_eabi.lib : pre_init.c.obj (.text:_system_pre_init)
                  000018a0    00000004                                   : exit.c.obj (.text:abort:abort)

.const     0    000018a4    00000428     
                  000018a4    00000101     rtsv7M4_T_le_v4SPD16_eabi.lib : ctype.c.obj (.const:.string:_ctypes_)
                  000019a5    00000003     --HOLE-- [fill = 0]
                  000019a8    000000d8     driverlib.lib : gpio.obj (.const:g_ppui32GPIOIntMapSnowflake)
                  00001a80    000000c0                   : gpio.obj (.const:g_ppui32GPIOIntMapBlizzard)
                  00001b40    00000090                   : gpio.obj (.const:g_pui32GPIOBaseAddrs)
                  00001bd0    00000070                   : interrupt.obj (.const)
                  00001c40    0000006c                   : sysctl.obj (.const:g_pui32Xtals)
                  00001cac    00000020                   : can.obj (.const)

.cinit     0    00001cd0    00000048     
                  00001cd0    00000012     (.cinit..data.load) [load image, compression = lzss]
                  00001ce2    00000002     --HOLE-- [fill = 0]
                  00001ce4    0000000c     (__TI_handler_table)
                  00001cf0    00000008     (.cinit..bss.load) [load image, compression = zero_init]
                  00001cf8    00000008     (.cinit..vtable.load) [load image, compression = zero_init]
                  00001d00    00000018     (__TI_cinit_table)

.init_array 
*          0    00000000    00000000     UNINITIALIZED

.vtable    0    20000000    0000026c     UNINITIALIZED
                  20000000    0000026c     driverlib.lib : interrupt.obj (.vtable)

.bss       0    20000470    000000fe     UNINITIALIZED
                  20000470    00000080     (.common:pid_speed)
                  200004f0    00000014     (.common:TxHeader)
                  20000504    00000014     (.common:sCANMessage)
                  20000518    00000014     (.common:uart1_receive_buffer)
                  2000052c    00000014     (.common:uart2_receive_buffer)
                  20000540    00000008     (.common:m2006_angle)
                  20000548    00000008     (.common:m2006_speed)
                  20000550    00000008     (.common:m2006_torque)
                  20000558    00000008     (.common:pui8MsgData)
                  20000560    00000004     (.common:pui32ADC0Value)
                  20000564    00000004     (.common:ultrasonic_value)
                  20000568    00000002     (.common:uart1_received_value)
                  2000056a    00000002     (.common:uart2_received_value)
                  2000056c    00000001     (.common:uart1_received_command)
                  2000056d    00000001     (.common:uart2_received_command)

.data      0    20000570    0000001d     UNINITIALIZED
                  20000570    0000000c     follow_line.obj (.data)
                  2000057c    00000008     bsp_can.obj (.data:TxData)
                  20000584    00000006     bsp_can.obj (.data)
                  2000058a    00000002     uart_parser.obj (.data)
                  2000058c    00000001     bsp_key.obj (.data)

.stack     0    20000270    00000200     UNINITIALIZED
                  20000270    00000004     rtsv7M4_T_le_v4SPD16_eabi.lib : boot_cortex_m.c.obj (.stack)
                  20000274    000001fc     --HOLE--

__llvm_prf_cnts 
*          0    20000000    00000000     UNINITIALIZED

MODULE SUMMARY

       Module                       code   ro data   rw data
       ------                       ----   -------   -------
    .\
       startup_ccs.obj              12     620       0      
       main.obj                     172    0         0      
    +--+----------------------------+------+---------+---------+
       Total:                       184    620       0      
                                                            
    .\bsp\
       bsp_can.obj                  828    0         214    
       uart_parser.obj              636    0         48     
       bsp_key.obj                  200    0         1      
       follow_line.obj              156    0         16     
       bsp_adc.obj                  144    0         4      
       bsp_led.obj                  52     0         0      
       bsp_buzzer.obj               48     0         0      
    +--+----------------------------+------+---------+---------+
       Total:                       2064   0         283    
                                                            
    C:/ti/ccs1200/tivaware_c_series_2_1_4_178/driverlib/ccs/Debug/driverlib.lib
       gpio.obj                     702    552       0      
       can.obj                      1088   32        0      
       interrupt.obj                172    112       620    
       sysctl.obj                   630    108       0      
       adc.obj                      326    0         0      
       cpu.obj                      12     0         0      
    +--+----------------------------+------+---------+---------+
       Total:                       2930   804       620    
                                                            
    C:\ti\ccs1200\ccs\tools\compiler\ti-cgt-arm_20.2.6.LTS\lib\rtsv7M4_T_le_v4SPD16_eabi.lib
       ctype.c.obj                  0      257       0      
       memcpy_t2.asm.obj            156    0         0      
       copy_decompress_lzss.c.obj   104    0         0      
       atoi.c.obj                   76     0         0      
       autoinit.c.obj               68     0         0      
       boot_cortex_m.c.obj          52     0         0      
       copy_zero_init.c.obj         28     0         0      
       copy_decompress_none.c.obj   14     0         0      
       exit.c.obj                   4      0         0      
       pre_init.c.obj               4      0         0      
    +--+----------------------------+------+---------+---------+
       Total:                       506    257       0      
                                                            
       Stack:                       0      0         512    
       Linker Generated:            0      70        0      
    +--+----------------------------+------+---------+---------+
       Grand Total:                 5684   1751      1415   


LINKER GENERATED COPY TABLES

__TI_cinit_table @ 00001d00 records: 3, size/record: 8, table size: 24
	.data: load addr=00001cd0, load size=00000012 bytes, run addr=20000570, run size=0000001d bytes, compression=lzss
	.bss: load addr=00001cf0, load size=00000008 bytes, run addr=20000470, run size=000000fe bytes, compression=zero_init
	.vtable: load addr=00001cf8, load size=00000008 bytes, run addr=20000000, run size=0000026c bytes, compression=zero_init


LINKER GENERATED HANDLER TABLE

__TI_handler_table @ 00001ce4 records: 3, size/record: 4, table size: 12
	index: 0, handler: __TI_zero_init
	index: 1, handler: __TI_decompress_lzss
	index: 2, handler: __TI_decompress_none


GLOBAL SYMBOLS: SORTED ALPHABETICALLY BY Name 

address   name                          
-------   ----                          
00001863  ADCIntClear                   
000015b9  ADCIntStatus                  
00001761  ADCProcessorTrigger           
00001271  ADCSequenceConfigure          
000016ef  ADCSequenceDataGet            
00001821  ADCSequenceEnable             
00000e35  ADCSequenceStepConfigure      
000018a1  C$$EXIT                       
00000f21  CANBitRateSet                 
0000186d  CANEnable                     
000014a9  CANInit                       
000016ad  CANIntClear                   
00001877  CANIntEnable                  
000012c1  CANIntHandler                 
00001779  CANIntRegister                
000016cf  CANIntStatus                  
00000705  CANMessageGet                 
0000026d  CANMessageSet                 
0000142d  CANStatusGet                  
0000184b  CPUcpsie                      
000015e7  GPIODirModeSet                
0000187f  GPIOIntClear                  
00001857  GPIOIntEnable                 
00001791  GPIOIntRegister               
0000182f  GPIOIntStatus                 
000011c5  GPIOIntTypeSet                
000003a3  GPIOPadConfigSet              
0000135d  GPIOPinConfigure              
00001885  GPIOPinRead                   
000017ed  GPIOPinTypeADC                
000017ff  GPIOPinTypeCAN                
000017a9  GPIOPinTypeGPIOOutput         
0000188b  GPIOPinWrite                  
00000f8d  IntEnable                     
00001811  IntMasterEnable               
0000151d  IntRegister                   
20000578  Kp                            
00001891  ResetISR                      
000005f5  SysCtlClockGet                
00000815  SysCtlClockSet                
00001897  SysCtlDelay                   
00001551  SysCtlPeripheralEnable        
000014e5  SysCtlPeripheralReady         
2000057c  TxData                        
200004f0  TxHeader                      
00000d19  UART1IntHandler               
00000b41  UART2IntHandler               
0000163d  UART2Send                     
000004d5  UARTInit                      
20000470  __STACK_END                   
00000200  __STACK_SIZE                  
20000470  __STACK_TOP                   
00001d00  __TI_CINIT_Base               
00001d18  __TI_CINIT_Limit              
00001ce4  __TI_Handler_Table_Base       
00001cf0  __TI_Handler_Table_Limit      
000013e9  __TI_auto_init_nobinit_nopinit
00000ff5  __TI_decompress_lzss          
0000183d  __TI_decompress_none          
ffffffff  __TI_pprof_out_hndl           
ffffffff  __TI_prof_data_size           
ffffffff  __TI_prof_data_start          
00000000  __TI_static_base__            
00001745  __TI_zero_init_nomemset       
00000be1  __aeabi_memcpy                
00000be1  __aeabi_memcpy4               
00000be1  __aeabi_memcpy8               
ffffffff  __binit__                     
ffffffff  __c_args__                    
UNDEFED   __mpu_init                    
20000270  __stack                       
20000000  __start___llvm_prf_cnts       
20000000  __stop___llvm_prf_cnts        
00001585  _c_int00_noargs               
000018a4  _ctypes_                      
UNDEFED   _system_post_cinit            
0000189d  _system_pre_init              
000018a1  abort                         
00001311  atoi                          
ffffffff  binit                         
0000121d  bsp_adc_init                  
0000146d  bsp_adc_read                  
0000170d  bsp_buzzer_init               
000017d9  bsp_buzzer_set                
00000dad  bsp_can_get_feedback          
000009e1  bsp_can_init                  
00001115  bsp_can_pid_param_init        
000010b9  bsp_can_set_current           
00001689  bsp_can_set_speed             
2000058c  bsp_key_flag                  
00000eb1  bsp_key_init                  
00001729  bsp_led_init                  
000017c1  bsp_led_set                   
20000574  delta_value                   
20000589  g_bErrFlag                    
20000588  g_bRXFlag                     
20000000  g_pfnRAMVectors               
00000000  g_pfnVectors                  
20000584  g_ui32MsgCount                
0000116d  io_interrupt                  
20000540  m2006_angle                   
20000548  m2006_speed                   
20000550  m2006_torque                  
00000a95  main                          
00000be1  memcpy                        
20000570  now_task                      
20000470  pid_speed                     
20000560  pui32ADC0Value                
20000558  pui8MsgData                   
20000504  sCANMessage                   
00000909  speed_pid_realize             
20000572  target_value                  
00000c7d  task1                         
20000576  task1_avg_speed               
20000571  task_num                      
2000057a  u                             
20000518  uart1_receive_buffer          
2000058a  uart1_receive_count           
2000056c  uart1_received_command        
20000568  uart1_received_value          
2000052c  uart2_receive_buffer          
2000058b  uart2_receive_count           
2000056d  uart2_received_command        
2000056a  uart2_received_value          
20000564  ultrasonic_value              


GLOBAL SYMBOLS: SORTED BY Symbol Address 

address   name                          
-------   ----                          
00000000  __TI_static_base__            
00000000  g_pfnVectors                  
00000200  __STACK_SIZE                  
0000026d  CANMessageSet                 
000003a3  GPIOPadConfigSet              
000004d5  UARTInit                      
000005f5  SysCtlClockGet                
00000705  CANMessageGet                 
00000815  SysCtlClockSet                
00000909  speed_pid_realize             
000009e1  bsp_can_init                  
00000a95  main                          
00000b41  UART2IntHandler               
00000be1  __aeabi_memcpy                
00000be1  __aeabi_memcpy4               
00000be1  __aeabi_memcpy8               
00000be1  memcpy                        
00000c7d  task1                         
00000d19  UART1IntHandler               
00000dad  bsp_can_get_feedback          
00000e35  ADCSequenceStepConfigure      
00000eb1  bsp_key_init                  
00000f21  CANBitRateSet                 
00000f8d  IntEnable                     
00000ff5  __TI_decompress_lzss          
000010b9  bsp_can_set_current           
00001115  bsp_can_pid_param_init        
0000116d  io_interrupt                  
000011c5  GPIOIntTypeSet                
0000121d  bsp_adc_init                  
00001271  ADCSequenceConfigure          
000012c1  CANIntHandler                 
00001311  atoi                          
0000135d  GPIOPinConfigure              
000013e9  __TI_auto_init_nobinit_nopinit
0000142d  CANStatusGet                  
0000146d  bsp_adc_read                  
000014a9  CANInit                       
000014e5  SysCtlPeripheralReady         
0000151d  IntRegister                   
00001551  SysCtlPeripheralEnable        
00001585  _c_int00_noargs               
000015b9  ADCIntStatus                  
000015e7  GPIODirModeSet                
0000163d  UART2Send                     
00001689  bsp_can_set_speed             
000016ad  CANIntClear                   
000016cf  CANIntStatus                  
000016ef  ADCSequenceDataGet            
0000170d  bsp_buzzer_init               
00001729  bsp_led_init                  
00001745  __TI_zero_init_nomemset       
00001761  ADCProcessorTrigger           
00001779  CANIntRegister                
00001791  GPIOIntRegister               
000017a9  GPIOPinTypeGPIOOutput         
000017c1  bsp_led_set                   
000017d9  bsp_buzzer_set                
000017ed  GPIOPinTypeADC                
000017ff  GPIOPinTypeCAN                
00001811  IntMasterEnable               
00001821  ADCSequenceEnable             
0000182f  GPIOIntStatus                 
0000183d  __TI_decompress_none          
0000184b  CPUcpsie                      
00001857  GPIOIntEnable                 
00001863  ADCIntClear                   
0000186d  CANEnable                     
00001877  CANIntEnable                  
0000187f  GPIOIntClear                  
00001885  GPIOPinRead                   
0000188b  GPIOPinWrite                  
00001891  ResetISR                      
00001897  SysCtlDelay                   
0000189d  _system_pre_init              
000018a1  C$$EXIT                       
000018a1  abort                         
000018a4  _ctypes_                      
00001ce4  __TI_Handler_Table_Base       
00001cf0  __TI_Handler_Table_Limit      
00001d00  __TI_CINIT_Base               
00001d18  __TI_CINIT_Limit              
20000000  __start___llvm_prf_cnts       
20000000  __stop___llvm_prf_cnts        
20000000  g_pfnRAMVectors               
20000270  __stack                       
20000470  __STACK_END                   
20000470  __STACK_TOP                   
20000470  pid_speed                     
200004f0  TxHeader                      
20000504  sCANMessage                   
20000518  uart1_receive_buffer          
2000052c  uart2_receive_buffer          
20000540  m2006_angle                   
20000548  m2006_speed                   
20000550  m2006_torque                  
20000558  pui8MsgData                   
20000560  pui32ADC0Value                
20000564  ultrasonic_value              
20000568  uart1_received_value          
2000056a  uart2_received_value          
2000056c  uart1_received_command        
2000056d  uart2_received_command        
20000570  now_task                      
20000571  task_num                      
20000572  target_value                  
20000574  delta_value                   
20000576  task1_avg_speed               
20000578  Kp                            
2000057a  u                             
2000057c  TxData                        
20000584  g_ui32MsgCount                
20000588  g_bRXFlag                     
20000589  g_bErrFlag                    
2000058a  uart1_receive_count           
2000058b  uart2_receive_count           
2000058c  bsp_key_flag                  
ffffffff  __TI_pprof_out_hndl           
ffffffff  __TI_prof_data_size           
ffffffff  __TI_prof_data_start          
ffffffff  __binit__                     
ffffffff  __c_args__                    
ffffffff  binit                         
UNDEFED   __mpu_init                    
UNDEFED   _system_post_cinit            

[125 symbols]
