******************************************************************************
                  TI ARM Linker PC v20.2.6                     
******************************************************************************
>> Linked Thu Jul 28 19:52:49 2022

OUTPUT FILE NAME:   <car_leader.out>
ENTRY POINT SYMBOL: "_c_int00_noargs"  address: 0000141d


MEMORY CONFIGURATION

         name            origin    length      used     unused   attr    fill
----------------------  --------  ---------  --------  --------  ----  --------
  FLASH                 00000000   00040000  00001bac  0003e454  R  X
  SRAM                  20000000   00008000  0000056c  00007a94  RW X


SEGMENT ALLOCATION MAP

run origin  load origin   length   init length attrs members
----------  ----------- ---------- ----------- ----- -------
00000000    00000000    00001bb0   00001bb0    r-x
  00000000    00000000    0000026c   0000026c    r-- .intvecs
  0000026c    0000026c    000014d0   000014d0    r-x .text
  0000173c    0000173c    00000428   00000428    r-- .const
  00001b68    00001b68    00000048   00000048    r-- .cinit
20000000    20000000    00000572   00000000    rw-
  20000000    20000000    0000026c   00000000    rw- .vtable
  20000270    20000270    00000200   00000000    rw- .stack
  20000470    20000470    000000e6   00000000    rw- .bss
  20000558    20000558    0000001a   00000000    rw- .data


SECTION ALLOCATION MAP

 output                                  attributes/
section   page    origin      length       input sections
--------  ----  ----------  ----------   ----------------
.intvecs   0    00000000    0000026c     
                  00000000    0000026c     startup_ccs.obj (.intvecs)

.text      0    0000026c    000014d0     
                  0000026c    00000136     driverlib.lib : can.obj (.text:CANMessageSet)
                  000003a2    00000132                   : gpio.obj (.text:GPIOPadConfigSet)
                  000004d4    00000110                   : sysctl.obj (.text:SysCtlClockGet)
                  000005e4    0000010e                   : can.obj (.text:CANMessageGet)
                  000006f2    00000002     startup_ccs.obj (.text:FaultISR)
                  000006f4    000000f4     driverlib.lib : sysctl.obj (.text:SysCtlClockSet)
                  000007e8    000000d8     bsp_can.obj (.text:speed_pid_realize)
                  000008c0    000000b4     uart_parser.obj (.text:UARTInit)
                  00000974    000000b4     bsp_can.obj (.text:bsp_can_init)
                  00000a28    0000009c     rtsv7M4_T_le_v4SPD16_eabi.lib : memcpy_t2.asm.obj (.text)
                  00000ac4    00000098     main.obj (.text:main)
                  00000b5c    0000008c     uart_parser.obj (.text:UART1IntHandler)
                  00000be8    00000088     bsp_can.obj (.text:bsp_can_get_feedback)
                  00000c70    0000007a     driverlib.lib : adc.obj (.text:ADCSequenceStepConfigure)
                  00000cea    00000002     startup_ccs.obj (.text:IntDefaultHandler)
                  00000cec    00000070     bsp_key.obj (.text:bsp_key_init)
                  00000d5c    00000070     follow_line.obj (.text:follow_line)
                  00000dcc    0000006c     driverlib.lib : can.obj (.text:CANBitRateSet)
                  00000e38    00000068                   : interrupt.obj (.text:IntEnable)
                  00000ea0    00000068     rtsv7M4_T_le_v4SPD16_eabi.lib : copy_decompress_lzss.c.obj (.text:decompress:lzss:__TI_decompress_lzss)
                  00000f08    0000005c     driverlib.lib : can.obj (.text:_CANIntNumberGet)
                  00000f64    0000005c     bsp_can.obj (.text:bsp_can_set_current)
                  00000fc0    00000058     bsp_can.obj (.text:bsp_can_pid_param_init)
                  00001018    00000056     driverlib.lib : gpio.obj (.text:GPIOIntTypeSet)
                  0000106e    00000002     startup_ccs.obj (.text:NmiSR)
                  00001070    00000054     bsp_adc.obj (.text:bsp_adc_init)
                  000010c4    00000050     driverlib.lib : adc.obj (.text:ADCSequenceConfigure)
                  00001114    00000050     bsp_can.obj (.text:CANIntHandler)
                  00001164    0000004c     rtsv7M4_T_le_v4SPD16_eabi.lib : atoi.c.obj (.text:atoi)
                  000011b0    00000048     driverlib.lib : gpio.obj (.text:GPIOPinConfigure)
                  000011f8    00000044                   : gpio.obj (.text:_GPIOIntNumberGet)
                  0000123c    00000044     rtsv7M4_T_le_v4SPD16_eabi.lib : autoinit.c.obj (.text:__TI_auto_init_nobinit_nopinit:__TI_auto_init_nobinit_nopinit)
                  00001280    00000044     bsp_key.obj (.text:io_interrupt)
                  000012c4    00000040     driverlib.lib : can.obj (.text:CANStatusGet)
                  00001304    0000003c     bsp_adc.obj (.text:bsp_adc_read)
                  00001340    0000003a     driverlib.lib : can.obj (.text:CANInit)
                  0000137a    00000002     --HOLE-- [fill = 0]
                  0000137c    00000038                   : sysctl.obj (.text:SysCtlPeripheralReady)
                  000013b4    00000034                   : interrupt.obj (.text:IntRegister)
                  000013e8    00000034                   : sysctl.obj (.text:SysCtlPeripheralEnable)
                  0000141c    00000034     rtsv7M4_T_le_v4SPD16_eabi.lib : boot_cortex_m.c.obj (.text:_c_int00_noargs:_c_int00_noargs)
                  00001450    0000002e     driverlib.lib : adc.obj (.text:ADCIntStatus)
                  0000147e    0000002a                   : gpio.obj (.text:GPIODirModeSet)
                  000014a8    0000002a                   : can.obj (.text:_CANDataRegRead)
                  000014d2    00000002     --HOLE-- [fill = 0]
                  000014d4    00000028     uart_parser.obj (.text:UARTSend)
                  000014fc    00000024     driverlib.lib : can.obj (.text:_CANDataRegWrite)
                  00001520    00000024     bsp_can.obj (.text:bsp_can_set_speed)
                  00001544    00000022     driverlib.lib : can.obj (.text:CANIntClear)
                  00001566    00000020                   : can.obj (.text:CANIntStatus)
                  00001586    0000001e                   : adc.obj (.text:ADCSequenceDataGet)
                  000015a4    0000001c     bsp_buzzer.obj (.text:bsp_buzzer_init)
                  000015c0    0000001c     bsp_led.obj (.text:bsp_led_init)
                  000015dc    0000001c     rtsv7M4_T_le_v4SPD16_eabi.lib : copy_zero_init.c.obj (.text:decompress:ZI:__TI_zero_init_nomemset:__TI_zero_init_nomemset)
                  000015f8    00000018     driverlib.lib : adc.obj (.text:ADCProcessorTrigger)
                  00001610    00000018                   : can.obj (.text:CANIntRegister)
                  00001628    00000018                   : gpio.obj (.text:GPIOIntRegister)
                  00001640    00000018                   : gpio.obj (.text:GPIOPinTypeGPIOOutput)
                  00001658    00000018     bsp_led.obj (.text:bsp_led_set)
                  00001670    00000014     bsp_buzzer.obj (.text:bsp_buzzer_set)
                  00001684    00000012     driverlib.lib : gpio.obj (.text:GPIOPinTypeADC)
                  00001696    00000012                   : gpio.obj (.text:GPIOPinTypeCAN)
                  000016a8    00000010                   : interrupt.obj (.text:IntMasterEnable)
                  000016b8    0000000e                   : adc.obj (.text:ADCSequenceEnable)
                  000016c6    0000000e                   : gpio.obj (.text:GPIOIntStatus)
                  000016d4    0000000e     rtsv7M4_T_le_v4SPD16_eabi.lib : copy_decompress_none.c.obj (.text:decompress:none:__TI_decompress_none)
                  000016e2    0000000c     driverlib.lib : cpu.obj (.text:CPUcpsie)
                  000016ee    0000000c                   : gpio.obj (.text:GPIOIntEnable)
                  000016fa    0000000a                   : adc.obj (.text:ADCIntClear)
                  00001704    0000000a                   : can.obj (.text:CANEnable)
                  0000170e    00000008                   : can.obj (.text:CANIntEnable)
                  00001716    00000006                   : gpio.obj (.text:GPIOIntClear)
                  0000171c    00000006                   : gpio.obj (.text:GPIOPinRead)
                  00001722    00000006                   : gpio.obj (.text:GPIOPinWrite)
                  00001728    00000006     startup_ccs.obj (.text:ResetISR)
                  0000172e    00000006     driverlib.lib : sysctl.obj (.text:SysCtlDelay)
                  00001734    00000004     rtsv7M4_T_le_v4SPD16_eabi.lib : pre_init.c.obj (.text:_system_pre_init)
                  00001738    00000004                                   : exit.c.obj (.text:abort:abort)

.const     0    0000173c    00000428     
                  0000173c    00000101     rtsv7M4_T_le_v4SPD16_eabi.lib : ctype.c.obj (.const:.string:_ctypes_)
                  0000183d    00000003     --HOLE-- [fill = 0]
                  00001840    000000d8     driverlib.lib : gpio.obj (.const:g_ppui32GPIOIntMapSnowflake)
                  00001918    000000c0                   : gpio.obj (.const:g_ppui32GPIOIntMapBlizzard)
                  000019d8    00000090                   : gpio.obj (.const:g_pui32GPIOBaseAddrs)
                  00001a68    00000070                   : interrupt.obj (.const)
                  00001ad8    0000006c                   : sysctl.obj (.const:g_pui32Xtals)
                  00001b44    00000020                   : can.obj (.const)

.cinit     0    00001b68    00000048     
                  00001b68    00000010     (.cinit..data.load) [load image, compression = lzss]
                  00001b78    0000000c     (__TI_handler_table)
                  00001b84    00000004     --HOLE-- [fill = 0]
                  00001b88    00000008     (.cinit..bss.load) [load image, compression = zero_init]
                  00001b90    00000008     (.cinit..vtable.load) [load image, compression = zero_init]
                  00001b98    00000018     (__TI_cinit_table)

.init_array 
*          0    00000000    00000000     UNINITIALIZED

.vtable    0    20000000    0000026c     UNINITIALIZED
                  20000000    0000026c     driverlib.lib : interrupt.obj (.vtable)

.bss       0    20000470    000000e6     UNINITIALIZED
                  20000470    00000080     (.common:pid_speed)
                  200004f0    00000014     (.common:TxHeader)
                  20000504    00000014     (.common:sCANMessage)
                  20000518    00000014     (.common:uart_receive_buffer)
                  2000052c    00000008     (.common:m2006_angle)
                  20000534    00000008     (.common:m2006_speed)
                  2000053c    00000008     (.common:m2006_torque)
                  20000544    00000008     (.common:pui8MsgData)
                  2000054c    00000004     (.common:pui32ADC0Value)
                  20000550    00000004     (.common:ultrasonic_value)
                  20000554    00000002     (.common:uart_received_value)

.data      0    20000558    0000001a     UNINITIALIZED
                  20000558    0000000a     follow_line.obj (.data)
                  20000562    00000008     bsp_can.obj (.data:TxData)
                  2000056a    00000001     bsp_key.obj (.data)
                  2000056b    00000001     uart_parser.obj (.data)
                  2000056c    00000006     bsp_can.obj (.data)

.stack     0    20000270    00000200     UNINITIALIZED
                  20000270    00000004     rtsv7M4_T_le_v4SPD16_eabi.lib : boot_cortex_m.c.obj (.stack)
                  20000274    000001fc     --HOLE--

__llvm_prf_cnts 
*          0    20000000    00000000     UNINITIALIZED

MODULE SUMMARY

       Module                       code   ro data   rw data
       ------                       ----   -------   -------
    .\
       startup_ccs.obj              12     620       0      
       main.obj                     152    0         0      
    +--+----------------------------+------+---------+---------+
       Total:                       164    620       0      
                                                            
    .\bsp\
       bsp_can.obj                  828    0         214    
       uart_parser.obj              360    0         23     
       bsp_key.obj                  180    0         1      
       bsp_adc.obj                  144    0         4      
       follow_line.obj              112    0         14     
       bsp_led.obj                  52     0         0      
       bsp_buzzer.obj               48     0         0      
    +--+----------------------------+------+---------+---------+
       Total:                       1724   0         256    
                                                            
    C:/ti/ccs1200/tivaware_c_series_2_1_4_178/driverlib/ccs/Debug/driverlib.lib
       gpio.obj                     702    552       0      
       can.obj                      1088   32        0      
       interrupt.obj                172    112       620    
       sysctl.obj                   630    108       0      
       adc.obj                      326    0         0      
       cpu.obj                      12     0         0      
    +--+----------------------------+------+---------+---------+
       Total:                       2930   804       620    
                                                            
    C:\ti\ccs1200\ccs\tools\compiler\ti-cgt-arm_20.2.6.LTS\lib\rtsv7M4_T_le_v4SPD16_eabi.lib
       ctype.c.obj                  0      257       0      
       memcpy_t2.asm.obj            156    0         0      
       copy_decompress_lzss.c.obj   104    0         0      
       atoi.c.obj                   76     0         0      
       autoinit.c.obj               68     0         0      
       boot_cortex_m.c.obj          52     0         0      
       copy_zero_init.c.obj         28     0         0      
       copy_decompress_none.c.obj   14     0         0      
       exit.c.obj                   4      0         0      
       pre_init.c.obj               4      0         0      
    +--+----------------------------+------+---------+---------+
       Total:                       506    257       0      
                                                            
       Stack:                       0      0         512    
       Linker Generated:            0      68        0      
    +--+----------------------------+------+---------+---------+
       Grand Total:                 5324   1749      1388   


LINKER GENERATED COPY TABLES

__TI_cinit_table @ 00001b98 records: 3, size/record: 8, table size: 24
	.data: load addr=00001b68, load size=00000010 bytes, run addr=20000558, run size=0000001a bytes, compression=lzss
	.bss: load addr=00001b88, load size=00000008 bytes, run addr=20000470, run size=000000e6 bytes, compression=zero_init
	.vtable: load addr=00001b90, load size=00000008 bytes, run addr=20000000, run size=0000026c bytes, compression=zero_init


LINKER GENERATED HANDLER TABLE

__TI_handler_table @ 00001b78 records: 3, size/record: 4, table size: 12
	index: 0, handler: __TI_zero_init
	index: 1, handler: __TI_decompress_lzss
	index: 2, handler: __TI_decompress_none


GLOBAL SYMBOLS: SORTED ALPHABETICALLY BY Name 

address   name                          
-------   ----                          
000016fb  ADCIntClear                   
00001451  ADCIntStatus                  
000015f9  ADCProcessorTrigger           
000010c5  ADCSequenceConfigure          
00001587  ADCSequenceDataGet            
000016b9  ADCSequenceEnable             
00000c71  ADCSequenceStepConfigure      
00001739  C$$EXIT                       
00000dcd  CANBitRateSet                 
00001705  CANEnable                     
00001341  CANInit                       
00001545  CANIntClear                   
0000170f  CANIntEnable                  
00001115  CANIntHandler                 
00001611  CANIntRegister                
00001567  CANIntStatus                  
000005e5  CANMessageGet                 
0000026d  CANMessageSet                 
000012c5  CANStatusGet                  
000016e3  CPUcpsie                      
0000147f  GPIODirModeSet                
00001717  GPIOIntClear                  
000016ef  GPIOIntEnable                 
00001629  GPIOIntRegister               
000016c7  GPIOIntStatus                 
00001019  GPIOIntTypeSet                
000003a3  GPIOPadConfigSet              
000011b1  GPIOPinConfigure              
0000171d  GPIOPinRead                   
00001685  GPIOPinTypeADC                
00001697  GPIOPinTypeCAN                
00001641  GPIOPinTypeGPIOOutput         
00001723  GPIOPinWrite                  
00000e39  IntEnable                     
000016a9  IntMasterEnable               
000013b5  IntRegister                   
2000055e  Kp                            
00001729  ResetISR                      
000004d5  SysCtlClockGet                
000006f5  SysCtlClockSet                
0000172f  SysCtlDelay                   
000013e9  SysCtlPeripheralEnable        
0000137d  SysCtlPeripheralReady         
20000562  TxData                        
200004f0  TxHeader                      
00000b5d  UART1IntHandler               
000008c1  UARTInit                      
000014d5  UARTSend                      
20000470  __STACK_END                   
00000200  __STACK_SIZE                  
20000470  __STACK_TOP                   
00001b98  __TI_CINIT_Base               
00001bb0  __TI_CINIT_Limit              
00001b78  __TI_Handler_Table_Base       
00001b84  __TI_Handler_Table_Limit      
0000123d  __TI_auto_init_nobinit_nopinit
00000ea1  __TI_decompress_lzss          
000016d5  __TI_decompress_none          
ffffffff  __TI_pprof_out_hndl           
ffffffff  __TI_prof_data_size           
ffffffff  __TI_prof_data_start          
00000000  __TI_static_base__            
000015dd  __TI_zero_init_nomemset       
00000a29  __aeabi_memcpy                
00000a29  __aeabi_memcpy4               
00000a29  __aeabi_memcpy8               
ffffffff  __binit__                     
ffffffff  __c_args__                    
UNDEFED   __mpu_init                    
20000270  __stack                       
20000000  __start___llvm_prf_cnts       
20000000  __stop___llvm_prf_cnts        
0000141d  _c_int00_noargs               
0000173c  _ctypes_                      
UNDEFED   _system_post_cinit            
00001735  _system_pre_init              
00001739  abort                         
00001165  atoi                          
2000055c  avg_speed                     
ffffffff  binit                         
00001071  bsp_adc_init                  
00001305  bsp_adc_read                  
000015a5  bsp_buzzer_init               
00001671  bsp_buzzer_set                
00000be9  bsp_can_get_feedback          
00000975  bsp_can_init                  
00000fc1  bsp_can_pid_param_init        
00000f65  bsp_can_set_current           
00001521  bsp_can_set_speed             
2000056a  bsp_key_flag                  
00000ced  bsp_key_init                  
000015c1  bsp_led_init                  
00001659  bsp_led_set                   
2000055a  delta_value                   
00000d5d  follow_line                   
20000571  g_bErrFlag                    
20000570  g_bRXFlag                     
20000000  g_pfnRAMVectors               
00000000  g_pfnVectors                  
2000056c  g_ui32MsgCount                
00001281  io_interrupt                  
2000052c  m2006_angle                   
20000534  m2006_speed                   
2000053c  m2006_torque                  
00000ac5  main                          
00000a29  memcpy                        
20000470  pid_speed                     
2000054c  pui32ADC0Value                
20000544  pui8MsgData                   
20000504  sCANMessage                   
000007e9  speed_pid_realize             
20000558  target_value                  
20000560  u                             
20000518  uart_receive_buffer           
2000056b  uart_receive_count            
20000554  uart_received_value           
20000550  ultrasonic_value              


GLOBAL SYMBOLS: SORTED BY Symbol Address 

address   name                          
-------   ----                          
00000000  __TI_static_base__            
00000000  g_pfnVectors                  
00000200  __STACK_SIZE                  
0000026d  CANMessageSet                 
000003a3  GPIOPadConfigSet              
000004d5  SysCtlClockGet                
000005e5  CANMessageGet                 
000006f5  SysCtlClockSet                
000007e9  speed_pid_realize             
000008c1  UARTInit                      
00000975  bsp_can_init                  
00000a29  __aeabi_memcpy                
00000a29  __aeabi_memcpy4               
00000a29  __aeabi_memcpy8               
00000a29  memcpy                        
00000ac5  main                          
00000b5d  UART1IntHandler               
00000be9  bsp_can_get_feedback          
00000c71  ADCSequenceStepConfigure      
00000ced  bsp_key_init                  
00000d5d  follow_line                   
00000dcd  CANBitRateSet                 
00000e39  IntEnable                     
00000ea1  __TI_decompress_lzss          
00000f65  bsp_can_set_current           
00000fc1  bsp_can_pid_param_init        
00001019  GPIOIntTypeSet                
00001071  bsp_adc_init                  
000010c5  ADCSequenceConfigure          
00001115  CANIntHandler                 
00001165  atoi                          
000011b1  GPIOPinConfigure              
0000123d  __TI_auto_init_nobinit_nopinit
00001281  io_interrupt                  
000012c5  CANStatusGet                  
00001305  bsp_adc_read                  
00001341  CANInit                       
0000137d  SysCtlPeripheralReady         
000013b5  IntRegister                   
000013e9  SysCtlPeripheralEnable        
0000141d  _c_int00_noargs               
00001451  ADCIntStatus                  
0000147f  GPIODirModeSet                
000014d5  UARTSend                      
00001521  bsp_can_set_speed             
00001545  CANIntClear                   
00001567  CANIntStatus                  
00001587  ADCSequenceDataGet            
000015a5  bsp_buzzer_init               
000015c1  bsp_led_init                  
000015dd  __TI_zero_init_nomemset       
000015f9  ADCProcessorTrigger           
00001611  CANIntRegister                
00001629  GPIOIntRegister               
00001641  GPIOPinTypeGPIOOutput         
00001659  bsp_led_set                   
00001671  bsp_buzzer_set                
00001685  GPIOPinTypeADC                
00001697  GPIOPinTypeCAN                
000016a9  IntMasterEnable               
000016b9  ADCSequenceEnable             
000016c7  GPIOIntStatus                 
000016d5  __TI_decompress_none          
000016e3  CPUcpsie                      
000016ef  GPIOIntEnable                 
000016fb  ADCIntClear                   
00001705  CANEnable                     
0000170f  CANIntEnable                  
00001717  GPIOIntClear                  
0000171d  GPIOPinRead                   
00001723  GPIOPinWrite                  
00001729  ResetISR                      
0000172f  SysCtlDelay                   
00001735  _system_pre_init              
00001739  C$$EXIT                       
00001739  abort                         
0000173c  _ctypes_                      
00001b78  __TI_Handler_Table_Base       
00001b84  __TI_Handler_Table_Limit      
00001b98  __TI_CINIT_Base               
00001bb0  __TI_CINIT_Limit              
20000000  __start___llvm_prf_cnts       
20000000  __stop___llvm_prf_cnts        
20000000  g_pfnRAMVectors               
20000270  __stack                       
20000470  __STACK_END                   
20000470  __STACK_TOP                   
20000470  pid_speed                     
200004f0  TxHeader                      
20000504  sCANMessage                   
20000518  uart_receive_buffer           
2000052c  m2006_angle                   
20000534  m2006_speed                   
2000053c  m2006_torque                  
20000544  pui8MsgData                   
2000054c  pui32ADC0Value                
20000550  ultrasonic_value              
20000554  uart_received_value           
20000558  target_value                  
2000055a  delta_value                   
2000055c  avg_speed                     
2000055e  Kp                            
20000560  u                             
20000562  TxData                        
2000056a  bsp_key_flag                  
2000056b  uart_receive_count            
2000056c  g_ui32MsgCount                
20000570  g_bRXFlag                     
20000571  g_bErrFlag                    
ffffffff  __TI_pprof_out_hndl           
ffffffff  __TI_prof_data_size           
ffffffff  __TI_prof_data_start          
ffffffff  __binit__                     
ffffffff  __c_args__                    
ffffffff  binit                         
UNDEFED   __mpu_init                    
UNDEFED   _system_post_cinit            

[117 symbols]
