******************************************************************************
                  TI ARM Linker PC v20.2.6                     
******************************************************************************
>> Linked Thu Jul 28 14:43:31 2022

OUTPUT FILE NAME:   <car_leader.out>
ENTRY POINT SYMBOL: "_c_int00_noargs"  address: 000013f9


MEMORY CONFIGURATION

         name            origin    length      used     unused   attr    fill
----------------------  --------  ---------  --------  --------  ----  --------
  FLASH                 00000000   00040000  00001b24  0003e4dc  R  X
  SRAM                  20000000   00008000  0000056c  00007a94  RW X


SEGMENT ALLOCATION MAP

run origin  load origin   length   init length attrs members
----------  ----------- ---------- ----------- ----- -------
00000000    00000000    00001b28   00001b28    r-x
  00000000    00000000    0000026c   0000026c    r-- .intvecs
  0000026c    0000026c    00001448   00001448    r-x .text
  000016b4    000016b4    00000428   00000428    r-- .const
  00001ae0    00001ae0    00000048   00000048    r-- .cinit
20000000    20000000    00000572   00000000    rw-
  20000000    20000000    0000026c   00000000    rw- .vtable
  20000270    20000270    00000200   00000000    rw- .stack
  20000470    20000470    000000e6   00000000    rw- .bss
  20000558    20000558    0000001a   00000000    rw- .data


SECTION ALLOCATION MAP

 output                                  attributes/
section   page    origin      length       input sections
--------  ----  ----------  ----------   ----------------
.intvecs   0    00000000    0000026c     
                  00000000    0000026c     startup_ccs.obj (.intvecs)

.text      0    0000026c    00001448     
                  0000026c    00000136     driverlib.lib : can.obj (.text:CANMessageSet)
                  000003a2    00000132                   : gpio.obj (.text:GPIOPadConfigSet)
                  000004d4    00000110                   : sysctl.obj (.text:SysCtlClockGet)
                  000005e4    0000010e                   : can.obj (.text:CANMessageGet)
                  000006f2    00000002     startup_ccs.obj (.text:FaultISR)
                  000006f4    000000f4     driverlib.lib : sysctl.obj (.text:SysCtlClockSet)
                  000007e8    000000d8     bsp_can.obj (.text:speed_pid_realize)
                  000008c0    000000b4     uart_parser.obj (.text:UARTInit)
                  00000974    000000b4     bsp_can.obj (.text:bsp_can_init)
                  00000a28    0000009c     rtsv7M4_T_le_v4SPD16_eabi.lib : memcpy_t2.asm.obj (.text)
                  00000ac4    0000008c     uart_parser.obj (.text:UARTIntHandler)
                  00000b50    00000088     bsp_can.obj (.text:bsp_can_get_feedback)
                  00000bd8    0000007a     driverlib.lib : adc.obj (.text:ADCSequenceStepConfigure)
                  00000c52    00000002     startup_ccs.obj (.text:IntDefaultHandler)
                  00000c54    00000074     main.obj (.text:main)
                  00000cc8    00000070     bsp_key.obj (.text:bsp_key_init)
                  00000d38    00000070     follow_line.obj (.text:follow_line)
                  00000da8    0000006c     driverlib.lib : can.obj (.text:CANBitRateSet)
                  00000e14    00000068                   : interrupt.obj (.text:IntEnable)
                  00000e7c    00000068     rtsv7M4_T_le_v4SPD16_eabi.lib : copy_decompress_lzss.c.obj (.text:decompress:lzss:__TI_decompress_lzss)
                  00000ee4    0000005c     driverlib.lib : can.obj (.text:_CANIntNumberGet)
                  00000f40    0000005c     bsp_can.obj (.text:bsp_can_set_current)
                  00000f9c    00000058     bsp_can.obj (.text:bsp_can_pid_param_init)
                  00000ff4    00000056     driverlib.lib : gpio.obj (.text:GPIOIntTypeSet)
                  0000104a    00000002     startup_ccs.obj (.text:NmiSR)
                  0000104c    00000054     bsp_adc.obj (.text:bsp_adc_init)
                  000010a0    00000050     driverlib.lib : adc.obj (.text:ADCSequenceConfigure)
                  000010f0    00000050     bsp_can.obj (.text:CANIntHandler)
                  00001140    0000004c     rtsv7M4_T_le_v4SPD16_eabi.lib : atoi.c.obj (.text:atoi)
                  0000118c    00000048     driverlib.lib : gpio.obj (.text:GPIOPinConfigure)
                  000011d4    00000044                   : gpio.obj (.text:_GPIOIntNumberGet)
                  00001218    00000044     rtsv7M4_T_le_v4SPD16_eabi.lib : autoinit.c.obj (.text:__TI_auto_init_nobinit_nopinit:__TI_auto_init_nobinit_nopinit)
                  0000125c    00000044     bsp_key.obj (.text:io_interrupt)
                  000012a0    00000040     driverlib.lib : can.obj (.text:CANStatusGet)
                  000012e0    0000003c     bsp_adc.obj (.text:bsp_adc_read)
                  0000131c    0000003a     driverlib.lib : can.obj (.text:CANInit)
                  00001356    00000002     --HOLE-- [fill = 0]
                  00001358    00000038                   : sysctl.obj (.text:SysCtlPeripheralReady)
                  00001390    00000034                   : interrupt.obj (.text:IntRegister)
                  000013c4    00000034                   : sysctl.obj (.text:SysCtlPeripheralEnable)
                  000013f8    00000034     rtsv7M4_T_le_v4SPD16_eabi.lib : boot_cortex_m.c.obj (.text:_c_int00_noargs:_c_int00_noargs)
                  0000142c    0000002e     driverlib.lib : adc.obj (.text:ADCIntStatus)
                  0000145a    0000002a                   : gpio.obj (.text:GPIODirModeSet)
                  00001484    0000002a                   : can.obj (.text:_CANDataRegRead)
                  000014ae    00000002     --HOLE-- [fill = 0]
                  000014b0    00000028     uart_parser.obj (.text:UARTSend)
                  000014d8    00000024     driverlib.lib : can.obj (.text:_CANDataRegWrite)
                  000014fc    00000024     bsp_can.obj (.text:bsp_can_set_speed)
                  00001520    00000022     driverlib.lib : can.obj (.text:CANIntClear)
                  00001542    00000020                   : can.obj (.text:CANIntStatus)
                  00001562    0000001e                   : adc.obj (.text:ADCSequenceDataGet)
                  00001580    0000001c     rtsv7M4_T_le_v4SPD16_eabi.lib : copy_zero_init.c.obj (.text:decompress:ZI:__TI_zero_init_nomemset:__TI_zero_init_nomemset)
                  0000159c    00000018     driverlib.lib : adc.obj (.text:ADCProcessorTrigger)
                  000015b4    00000018                   : can.obj (.text:CANIntRegister)
                  000015cc    00000018                   : gpio.obj (.text:GPIOIntRegister)
                  000015e4    00000018                   : gpio.obj (.text:GPIOPinTypeGPIOOutput)
                  000015fc    00000012                   : gpio.obj (.text:GPIOPinTypeADC)
                  0000160e    00000012                   : gpio.obj (.text:GPIOPinTypeCAN)
                  00001620    00000010                   : interrupt.obj (.text:IntMasterEnable)
                  00001630    0000000e                   : adc.obj (.text:ADCSequenceEnable)
                  0000163e    0000000e                   : gpio.obj (.text:GPIOIntStatus)
                  0000164c    0000000e     rtsv7M4_T_le_v4SPD16_eabi.lib : copy_decompress_none.c.obj (.text:decompress:none:__TI_decompress_none)
                  0000165a    0000000c     driverlib.lib : cpu.obj (.text:CPUcpsie)
                  00001666    0000000c                   : gpio.obj (.text:GPIOIntEnable)
                  00001672    0000000a                   : adc.obj (.text:ADCIntClear)
                  0000167c    0000000a                   : can.obj (.text:CANEnable)
                  00001686    00000008                   : can.obj (.text:CANIntEnable)
                  0000168e    00000006                   : gpio.obj (.text:GPIOIntClear)
                  00001694    00000006                   : gpio.obj (.text:GPIOPinRead)
                  0000169a    00000006                   : gpio.obj (.text:GPIOPinWrite)
                  000016a0    00000006     startup_ccs.obj (.text:ResetISR)
                  000016a6    00000006     driverlib.lib : sysctl.obj (.text:SysCtlDelay)
                  000016ac    00000004     rtsv7M4_T_le_v4SPD16_eabi.lib : pre_init.c.obj (.text:_system_pre_init)
                  000016b0    00000004                                   : exit.c.obj (.text:abort:abort)

.const     0    000016b4    00000428     
                  000016b4    00000101     rtsv7M4_T_le_v4SPD16_eabi.lib : ctype.c.obj (.const:.string:_ctypes_)
                  000017b5    00000003     --HOLE-- [fill = 0]
                  000017b8    000000d8     driverlib.lib : gpio.obj (.const:g_ppui32GPIOIntMapSnowflake)
                  00001890    000000c0                   : gpio.obj (.const:g_ppui32GPIOIntMapBlizzard)
                  00001950    00000090                   : gpio.obj (.const:g_pui32GPIOBaseAddrs)
                  000019e0    00000070                   : interrupt.obj (.const)
                  00001a50    0000006c                   : sysctl.obj (.const:g_pui32Xtals)
                  00001abc    00000020                   : can.obj (.const)

.cinit     0    00001ae0    00000048     
                  00001ae0    00000013     (.cinit..data.load) [load image, compression = lzss]
                  00001af3    00000001     --HOLE-- [fill = 0]
                  00001af4    0000000c     (__TI_handler_table)
                  00001b00    00000008     (.cinit..bss.load) [load image, compression = zero_init]
                  00001b08    00000008     (.cinit..vtable.load) [load image, compression = zero_init]
                  00001b10    00000018     (__TI_cinit_table)

.init_array 
*          0    00000000    00000000     UNINITIALIZED

.vtable    0    20000000    0000026c     UNINITIALIZED
                  20000000    0000026c     driverlib.lib : interrupt.obj (.vtable)

.bss       0    20000470    000000e6     UNINITIALIZED
                  20000470    00000080     (.common:pid_speed)
                  200004f0    00000014     (.common:TxHeader)
                  20000504    00000014     (.common:sCANMessage)
                  20000518    00000014     (.common:uart_receive_buffer)
                  2000052c    00000008     (.common:m2006_angle)
                  20000534    00000008     (.common:m2006_speed)
                  2000053c    00000008     (.common:m2006_torque)
                  20000544    00000008     (.common:pui8MsgData)
                  2000054c    00000004     (.common:pui32ADC0Value)
                  20000550    00000004     (.common:ultrasonic_value)
                  20000554    00000002     (.common:uart_received_value)

.data      0    20000558    0000001a     UNINITIALIZED
                  20000558    0000000a     follow_line.obj (.data)
                  20000562    00000008     bsp_can.obj (.data:TxData)
                  2000056a    00000001     bsp_key.obj (.data)
                  2000056b    00000001     uart_parser.obj (.data)
                  2000056c    00000006     bsp_can.obj (.data)

.stack     0    20000270    00000200     UNINITIALIZED
                  20000270    00000004     rtsv7M4_T_le_v4SPD16_eabi.lib : boot_cortex_m.c.obj (.stack)
                  20000274    000001fc     --HOLE--

__llvm_prf_cnts 
*          0    20000000    00000000     UNINITIALIZED

MODULE SUMMARY

       Module                       code   ro data   rw data
       ------                       ----   -------   -------
    .\
       startup_ccs.obj              12     620       0      
       main.obj                     116    0         0      
    +--+----------------------------+------+---------+---------+
       Total:                       128    620       0      
                                                            
    .\bsp\
       bsp_can.obj                  828    0         214    
       uart_parser.obj              360    0         23     
       bsp_key.obj                  180    0         1      
       bsp_adc.obj                  144    0         4      
       follow_line.obj              112    0         14     
    +--+----------------------------+------+---------+---------+
       Total:                       1624   0         256    
                                                            
    C:/ti/ccs1200/tivaware_c_series_2_1_4_178/driverlib/ccs/Debug/driverlib.lib
       gpio.obj                     702    552       0      
       can.obj                      1088   32        0      
       interrupt.obj                172    112       620    
       sysctl.obj                   630    108       0      
       adc.obj                      326    0         0      
       cpu.obj                      12     0         0      
    +--+----------------------------+------+---------+---------+
       Total:                       2930   804       620    
                                                            
    C:\ti\ccs1200\ccs\tools\compiler\ti-cgt-arm_20.2.6.LTS\lib\rtsv7M4_T_le_v4SPD16_eabi.lib
       ctype.c.obj                  0      257       0      
       memcpy_t2.asm.obj            156    0         0      
       copy_decompress_lzss.c.obj   104    0         0      
       atoi.c.obj                   76     0         0      
       autoinit.c.obj               68     0         0      
       boot_cortex_m.c.obj          52     0         0      
       copy_zero_init.c.obj         28     0         0      
       copy_decompress_none.c.obj   14     0         0      
       exit.c.obj                   4      0         0      
       pre_init.c.obj               4      0         0      
    +--+----------------------------+------+---------+---------+
       Total:                       506    257       0      
                                                            
       Stack:                       0      0         512    
       Linker Generated:            0      71        0      
    +--+----------------------------+------+---------+---------+
       Grand Total:                 5188   1752      1388   


LINKER GENERATED COPY TABLES

__TI_cinit_table @ 00001b10 records: 3, size/record: 8, table size: 24
	.data: load addr=00001ae0, load size=00000013 bytes, run addr=20000558, run size=0000001a bytes, compression=lzss
	.bss: load addr=00001b00, load size=00000008 bytes, run addr=20000470, run size=000000e6 bytes, compression=zero_init
	.vtable: load addr=00001b08, load size=00000008 bytes, run addr=20000000, run size=0000026c bytes, compression=zero_init


LINKER GENERATED HANDLER TABLE

__TI_handler_table @ 00001af4 records: 3, size/record: 4, table size: 12
	index: 0, handler: __TI_zero_init
	index: 1, handler: __TI_decompress_lzss
	index: 2, handler: __TI_decompress_none


GLOBAL SYMBOLS: SORTED ALPHABETICALLY BY Name 

address   name                          
-------   ----                          
00001673  ADCIntClear                   
0000142d  ADCIntStatus                  
0000159d  ADCProcessorTrigger           
000010a1  ADCSequenceConfigure          
00001563  ADCSequenceDataGet            
00001631  ADCSequenceEnable             
00000bd9  ADCSequenceStepConfigure      
000016b1  C$$EXIT                       
00000da9  CANBitRateSet                 
0000167d  CANEnable                     
0000131d  CANInit                       
00001521  CANIntClear                   
00001687  CANIntEnable                  
000010f1  CANIntHandler                 
000015b5  CANIntRegister                
00001543  CANIntStatus                  
000005e5  CANMessageGet                 
0000026d  CANMessageSet                 
000012a1  CANStatusGet                  
0000165b  CPUcpsie                      
0000145b  GPIODirModeSet                
0000168f  GPIOIntClear                  
00001667  GPIOIntEnable                 
000015cd  GPIOIntRegister               
0000163f  GPIOIntStatus                 
00000ff5  GPIOIntTypeSet                
000003a3  GPIOPadConfigSet              
0000118d  GPIOPinConfigure              
00001695  GPIOPinRead                   
000015fd  GPIOPinTypeADC                
0000160f  GPIOPinTypeCAN                
000015e5  GPIOPinTypeGPIOOutput         
0000169b  GPIOPinWrite                  
00000e15  IntEnable                     
00001621  IntMasterEnable               
00001391  IntRegister                   
2000055e  Kp                            
000016a1  ResetISR                      
000004d5  SysCtlClockGet                
000006f5  SysCtlClockSet                
000016a7  SysCtlDelay                   
000013c5  SysCtlPeripheralEnable        
00001359  SysCtlPeripheralReady         
20000562  TxData                        
200004f0  TxHeader                      
000008c1  UARTInit                      
00000ac5  UARTIntHandler                
000014b1  UARTSend                      
20000470  __STACK_END                   
00000200  __STACK_SIZE                  
20000470  __STACK_TOP                   
00001b10  __TI_CINIT_Base               
00001b28  __TI_CINIT_Limit              
00001af4  __TI_Handler_Table_Base       
00001b00  __TI_Handler_Table_Limit      
00001219  __TI_auto_init_nobinit_nopinit
00000e7d  __TI_decompress_lzss          
0000164d  __TI_decompress_none          
ffffffff  __TI_pprof_out_hndl           
ffffffff  __TI_prof_data_size           
ffffffff  __TI_prof_data_start          
00000000  __TI_static_base__            
00001581  __TI_zero_init_nomemset       
00000a29  __aeabi_memcpy                
00000a29  __aeabi_memcpy4               
00000a29  __aeabi_memcpy8               
ffffffff  __binit__                     
ffffffff  __c_args__                    
UNDEFED   __mpu_init                    
20000270  __stack                       
20000000  __start___llvm_prf_cnts       
20000000  __stop___llvm_prf_cnts        
000013f9  _c_int00_noargs               
000016b4  _ctypes_                      
UNDEFED   _system_post_cinit            
000016ad  _system_pre_init              
000016b1  abort                         
00001141  atoi                          
2000055c  avg_speed                     
ffffffff  binit                         
0000104d  bsp_adc_init                  
000012e1  bsp_adc_read                  
00000b51  bsp_can_get_feedback          
00000975  bsp_can_init                  
00000f9d  bsp_can_pid_param_init        
00000f41  bsp_can_set_current           
000014fd  bsp_can_set_speed             
2000056a  bsp_key_flag                  
00000cc9  bsp_key_init                  
2000055a  delta_value                   
00000d39  follow_line                   
20000571  g_bErrFlag                    
20000570  g_bRXFlag                     
20000000  g_pfnRAMVectors               
00000000  g_pfnVectors                  
2000056c  g_ui32MsgCount                
0000125d  io_interrupt                  
2000052c  m2006_angle                   
20000534  m2006_speed                   
2000053c  m2006_torque                  
00000c55  main                          
00000a29  memcpy                        
20000470  pid_speed                     
2000054c  pui32ADC0Value                
20000544  pui8MsgData                   
20000504  sCANMessage                   
000007e9  speed_pid_realize             
20000558  target_value                  
20000560  u                             
20000518  uart_receive_buffer           
2000056b  uart_receive_count            
20000554  uart_received_value           
20000550  ultrasonic_value              


GLOBAL SYMBOLS: SORTED BY Symbol Address 

address   name                          
-------   ----                          
00000000  __TI_static_base__            
00000000  g_pfnVectors                  
00000200  __STACK_SIZE                  
0000026d  CANMessageSet                 
000003a3  GPIOPadConfigSet              
000004d5  SysCtlClockGet                
000005e5  CANMessageGet                 
000006f5  SysCtlClockSet                
000007e9  speed_pid_realize             
000008c1  UARTInit                      
00000975  bsp_can_init                  
00000a29  __aeabi_memcpy                
00000a29  __aeabi_memcpy4               
00000a29  __aeabi_memcpy8               
00000a29  memcpy                        
00000ac5  UARTIntHandler                
00000b51  bsp_can_get_feedback          
00000bd9  ADCSequenceStepConfigure      
00000c55  main                          
00000cc9  bsp_key_init                  
00000d39  follow_line                   
00000da9  CANBitRateSet                 
00000e15  IntEnable                     
00000e7d  __TI_decompress_lzss          
00000f41  bsp_can_set_current           
00000f9d  bsp_can_pid_param_init        
00000ff5  GPIOIntTypeSet                
0000104d  bsp_adc_init                  
000010a1  ADCSequenceConfigure          
000010f1  CANIntHandler                 
00001141  atoi                          
0000118d  GPIOPinConfigure              
00001219  __TI_auto_init_nobinit_nopinit
0000125d  io_interrupt                  
000012a1  CANStatusGet                  
000012e1  bsp_adc_read                  
0000131d  CANInit                       
00001359  SysCtlPeripheralReady         
00001391  IntRegister                   
000013c5  SysCtlPeripheralEnable        
000013f9  _c_int00_noargs               
0000142d  ADCIntStatus                  
0000145b  GPIODirModeSet                
000014b1  UARTSend                      
000014fd  bsp_can_set_speed             
00001521  CANIntClear                   
00001543  CANIntStatus                  
00001563  ADCSequenceDataGet            
00001581  __TI_zero_init_nomemset       
0000159d  ADCProcessorTrigger           
000015b5  CANIntRegister                
000015cd  GPIOIntRegister               
000015e5  GPIOPinTypeGPIOOutput         
000015fd  GPIOPinTypeADC                
0000160f  GPIOPinTypeCAN                
00001621  IntMasterEnable               
00001631  ADCSequenceEnable             
0000163f  GPIOIntStatus                 
0000164d  __TI_decompress_none          
0000165b  CPUcpsie                      
00001667  GPIOIntEnable                 
00001673  ADCIntClear                   
0000167d  CANEnable                     
00001687  CANIntEnable                  
0000168f  GPIOIntClear                  
00001695  GPIOPinRead                   
0000169b  GPIOPinWrite                  
000016a1  ResetISR                      
000016a7  SysCtlDelay                   
000016ad  _system_pre_init              
000016b1  C$$EXIT                       
000016b1  abort                         
000016b4  _ctypes_                      
00001af4  __TI_Handler_Table_Base       
00001b00  __TI_Handler_Table_Limit      
00001b10  __TI_CINIT_Base               
00001b28  __TI_CINIT_Limit              
20000000  __start___llvm_prf_cnts       
20000000  __stop___llvm_prf_cnts        
20000000  g_pfnRAMVectors               
20000270  __stack                       
20000470  __STACK_END                   
20000470  __STACK_TOP                   
20000470  pid_speed                     
200004f0  TxHeader                      
20000504  sCANMessage                   
20000518  uart_receive_buffer           
2000052c  m2006_angle                   
20000534  m2006_speed                   
2000053c  m2006_torque                  
20000544  pui8MsgData                   
2000054c  pui32ADC0Value                
20000550  ultrasonic_value              
20000554  uart_received_value           
20000558  target_value                  
2000055a  delta_value                   
2000055c  avg_speed                     
2000055e  Kp                            
20000560  u                             
20000562  TxData                        
2000056a  bsp_key_flag                  
2000056b  uart_receive_count            
2000056c  g_ui32MsgCount                
20000570  g_bRXFlag                     
20000571  g_bErrFlag                    
ffffffff  __TI_pprof_out_hndl           
ffffffff  __TI_prof_data_size           
ffffffff  __TI_prof_data_start          
ffffffff  __binit__                     
ffffffff  __c_args__                    
ffffffff  binit                         
UNDEFED   __mpu_init                    
UNDEFED   _system_post_cinit            

[113 symbols]
