******************************************************************************
                  TI ARM Linker PC v20.2.6                     
******************************************************************************
>> Linked Fri Jul 29 00:32:29 2022

OUTPUT FILE NAME:   <uart_test3.out>
ENTRY POINT SYMBOL: "_c_int00_noinit_noargs"  address: 000005c9


MEMORY CONFIGURATION

         name            origin    length      used     unused   attr    fill
----------------------  --------  ---------  --------  --------  ----  --------
  FLASH                 00000000   00040000  00000622  0003f9de  R  X
  SRAM                  20000000   00008000  00000200  00007e00  RW X


SEGMENT ALLOCATION MAP

run origin  load origin   length   init length attrs members
----------  ----------- ---------- ----------- ----- -------
00000000    00000000    00000622   00000622    r-x
  00000000    00000000    0000026c   0000026c    r-- .intvecs
  0000026c    0000026c    000003b6   000003b6    r-x .text
20000000    20000000    00000200   00000000    rw-
  20000000    20000000    00000200   00000000    rw- .stack


SECTION ALLOCATION MAP

 output                                  attributes/
section   page    origin      length       input sections
--------  ----  ----------  ----------   ----------------
.intvecs   0    00000000    0000026c     
                  00000000    0000026c     tm4c123gh6pm_startup_ccs.obj (.intvecs)

.text      0    0000026c    000003b6     
                  0000026c    00000268     bsp_uart.obj (.text)
                  000004d4    000000f4     driverlib.lib : sysctl.obj (.text:SysCtlClockSet)
                  000005c8    0000002c     rtsv7M4_T_le_v4SPD16_eabi.lib : boot_cortex_m.c.obj (.text:_c_int00_noinit_noargs:_c_int00_noinit_noargs)
                  000005f4    00000014     main.obj (.text)
                  00000608    0000000c     tm4c123gh6pm_startup_ccs.obj (.text)
                  00000614    00000006     driverlib.lib : sysctl.obj (.text:SysCtlDelay)
                  0000061a    00000004     rtsv7M4_T_le_v4SPD16_eabi.lib : pre_init.c.obj (.text:_system_pre_init)
                  0000061e    00000004                                   : exit.c.obj (.text:abort:abort)

.cinit     0    00000000    00000000     UNINITIALIZED

.init_array 
*          0    00000000    00000000     UNINITIALIZED

.stack     0    20000000    00000200     UNINITIALIZED
                  20000000    00000004     rtsv7M4_T_le_v4SPD16_eabi.lib : boot_cortex_m.c.obj (.stack)
                  20000004    000001fc     --HOLE--

__llvm_prf_cnts 
*          0    20000000    00000000     UNINITIALIZED

MODULE SUMMARY

       Module                         code   ro data   rw data
       ------                         ----   -------   -------
    .\
       tm4c123gh6pm_startup_ccs.obj   12     620       0      
       main.obj                       20     0         0      
    +--+------------------------------+------+---------+---------+
       Total:                         32     620       0      
                                                              
    .\bsp\
       bsp_uart.obj                   616    0         0      
    +--+------------------------------+------+---------+---------+
       Total:                         616    0         0      
                                                              
    C:/ti/ccs1200/tivaware_c_series_2_1_4_178/driverlib/ccs/Debug/driverlib.lib
       sysctl.obj                     250    0         0      
    +--+------------------------------+------+---------+---------+
       Total:                         250    0         0      
                                                              
    C:\ti\ccs1200\ccs\tools\compiler\ti-cgt-arm_20.2.6.LTS\lib\rtsv7M4_T_le_v4SPD16_eabi.lib
       boot_cortex_m.c.obj            44     0         0      
       exit.c.obj                     4      0         0      
       pre_init.c.obj                 4      0         0      
    +--+------------------------------+------+---------+---------+
       Total:                         52     0         0      
                                                              
       Stack:                         0      0         512    
    +--+------------------------------+------+---------+---------+
       Grand Total:                   950    620       512    


GLOBAL SYMBOLS: SORTED ALPHABETICALLY BY Name 

address   name                   
-------   ----                   
0000061f  C$$EXIT                
00000609  ResetISR               
000004d5  SysCtlClockSet         
00000615  SysCtlDelay            
000002c9  UART1IntHandler        
0000029b  UART1Send              
00000315  UART2IntHandler        
0000026d  UART2Send              
20000200  __STACK_END            
00000200  __STACK_SIZE           
20000200  __STACK_TOP            
ffffffff  __TI_pprof_out_hndl    
ffffffff  __TI_prof_data_size    
ffffffff  __TI_prof_data_start   
00000000  __TI_static_base__     
ffffffff  __binit__              
ffffffff  __c_args__             
UNDEFED   __mpu_init             
20000000  __stack                
20000000  __start___llvm_prf_cnts
20000000  __stop___llvm_prf_cnts 
000005c9  _c_int00_noinit_noargs 
0000061b  _system_pre_init       
0000061f  abort                  
ffffffff  binit                  
00000361  bsp_uart_init          
00000000  g_pfnVectors           
000005f5  main                   


GLOBAL SYMBOLS: SORTED BY Symbol Address 

address   name                   
-------   ----                   
00000000  __TI_static_base__     
00000000  g_pfnVectors           
00000200  __STACK_SIZE           
0000026d  UART2Send              
0000029b  UART1Send              
000002c9  UART1IntHandler        
00000315  UART2IntHandler        
00000361  bsp_uart_init          
000004d5  SysCtlClockSet         
000005c9  _c_int00_noinit_noargs 
000005f5  main                   
00000609  ResetISR               
00000615  SysCtlDelay            
0000061b  _system_pre_init       
0000061f  C$$EXIT                
0000061f  abort                  
20000000  __stack                
20000000  __start___llvm_prf_cnts
20000000  __stop___llvm_prf_cnts 
20000200  __STACK_END            
20000200  __STACK_TOP            
ffffffff  __TI_pprof_out_hndl    
ffffffff  __TI_prof_data_size    
ffffffff  __TI_prof_data_start   
ffffffff  __binit__              
ffffffff  __c_args__             
ffffffff  binit                  
UNDEFED   __mpu_init             

[28 symbols]
