******************************************************************************
                  TI ARM Linker PC v20.2.6                     
******************************************************************************
>> Linked Thu Jul 28 21:32:53 2022

OUTPUT FILE NAME:   <uart_test.out>
ENTRY POINT SYMBOL: "_c_int00_noargs"  address: 000009fd


MEMORY CONFIGURATION

         name            origin    length      used     unused   attr    fill
----------------------  --------  ---------  --------  --------  ----  --------
  FLASH                 00000000   00040000  00000e2c  0003f1d4  R  X
  SRAM                  20000000   00008000  0000046c  00007b94  RW X


SEGMENT ALLOCATION MAP

run origin  load origin   length   init length attrs members
----------  ----------- ---------- ----------- ----- -------
00000000    00000000    00000e2c   00000e2c    r-x
  00000000    00000000    0000026c   0000026c    r-- .intvecs
  0000026c    0000026c    00000924   00000924    r-x .text
  00000b90    00000b90    00000288   00000288    r-- .const
  00000e18    00000e18    00000014   00000014    r-- .cinit
20000000    20000000    00000470   00000000    rw-
  20000000    20000000    0000026c   00000000    rw- .vtable
  20000270    20000270    00000200   00000000    rw- .stack


SECTION ALLOCATION MAP

 output                                  attributes/
section   page    origin      length       input sections
--------  ----  ----------  ----------   ----------------
.intvecs   0    00000000    0000026c     
                  00000000    0000026c     tm4c123gh6pm_startup_ccs.obj (.intvecs)

.text      0    0000026c    00000924     
                  0000026c    0000023c     bsp_uart.obj (.text)
                  000004a8    00000132     driverlib.lib : gpio.obj (.text:GPIOPadConfigSet)
                  000005da    00000002     --HOLE-- [fill = 0]
                  000005dc    00000110                   : sysctl.obj (.text:SysCtlClockGet)
                  000006ec    000000f4                   : sysctl.obj (.text:SysCtlClockSet)
                  000007e0    00000068                   : interrupt.obj (.text:IntEnable)
                  00000848    00000048                   : gpio.obj (.text:GPIOPinConfigure)
                  00000890    00000046                   : uart.obj (.text:UARTConfigSetExpClk)
                  000008d6    00000002     --HOLE-- [fill = 0]
                  000008d8    00000044     rtsv7M4_T_le_v4SPD16_eabi.lib : autoinit.c.obj (.text:__TI_auto_init_nobinit_nopinit:__TI_auto_init_nobinit_nopinit)
                  0000091c    00000040     driverlib.lib : uart.obj (.text:_UARTIntNumberGet)
                  0000095c    00000038                   : sysctl.obj (.text:SysCtlPeripheralReady)
                  00000994    00000034                   : interrupt.obj (.text:IntRegister)
                  000009c8    00000034                   : sysctl.obj (.text:SysCtlPeripheralEnable)
                  000009fc    00000034     rtsv7M4_T_le_v4SPD16_eabi.lib : boot_cortex_m.c.obj (.text:_c_int00_noargs:_c_int00_noargs)
                  00000a30    0000002a     driverlib.lib : gpio.obj (.text:GPIODirModeSet)
                  00000a5a    00000002     --HOLE-- [fill = 0]
                  00000a5c    00000024                   : interrupt.obj (.text:IntPrioritySet)
                  00000a80    00000020                   : uart.obj (.text:UARTDisable)
                  00000aa0    0000001c     rtsv7M4_T_le_v4SPD16_eabi.lib : copy_zero_init.c.obj (.text:decompress:ZI:__TI_zero_init_nomemset:__TI_zero_init_nomemset)
                  00000abc    00000018     driverlib.lib : uart.obj (.text:UARTIntRegister)
                  00000ad4    00000014                   : uart.obj (.text:UARTEnable)
                  00000ae8    00000014     main.obj (.text)
                  00000afc    00000012     driverlib.lib : gpio.obj (.text:GPIOPinTypeUART)
                  00000b0e    00000010                   : interrupt.obj (.text:IntMasterEnable)
                  00000b1e    0000000e                   : uart.obj (.text:UARTCharGetNonBlocking)
                  00000b2c    0000000e                   : uart.obj (.text:UARTCharsAvail)
                  00000b3a    0000000c                   : cpu.obj (.text:CPUcpsie)
                  00000b46    0000000c     tm4c123gh6pm_startup_ccs.obj (.text)
                  00000b52    0000000a     driverlib.lib : uart.obj (.text:UARTCharPut)
                  00000b5c    0000000a                   : uart.obj (.text:UARTFIFOEnable)
                  00000b66    0000000a                   : uart.obj (.text:UARTIntStatus)
                  00000b70    00000008                   : uart.obj (.text:UARTIntEnable)
                  00000b78    00000006                   : sysctl.obj (.text:SysCtlDelay)
                  00000b7e    00000006                   : uart.obj (.text:UARTFIFOLevelSet)
                  00000b84    00000004                   : uart.obj (.text:UARTIntClear)
                  00000b88    00000004     rtsv7M4_T_le_v4SPD16_eabi.lib : pre_init.c.obj (.text:_system_pre_init)
                  00000b8c    00000004                                   : exit.c.obj (.text:abort:abort)

.const     0    00000b90    00000288     
                  00000b90    0000009c     driverlib.lib : interrupt.obj (.const:g_pui32Regs)
                  00000c2c    00000090                   : gpio.obj (.const:g_pui32GPIOBaseAddrs)
                  00000cbc    00000070                   : interrupt.obj (.const)
                  00000d2c    0000006c                   : sysctl.obj (.const:g_pui32Xtals)
                  00000d98    00000040                   : uart.obj (.const:g_ppui32UARTIntMap)
                  00000dd8    00000040                   : uart.obj (.const:g_ppui32UARTIntMapSnowflake)

.cinit     0    00000e18    00000014     
                  00000e18    00000008     (.cinit..vtable.load) [load image, compression = zero_init]
                  00000e20    00000004     (__TI_handler_table)
                  00000e24    00000008     (__TI_cinit_table)

.init_array 
*          0    00000000    00000000     UNINITIALIZED

.vtable    0    20000000    0000026c     UNINITIALIZED
                  20000000    0000026c     driverlib.lib : interrupt.obj (.vtable)

.stack     0    20000270    00000200     UNINITIALIZED
                  20000270    00000004     rtsv7M4_T_le_v4SPD16_eabi.lib : boot_cortex_m.c.obj (.stack)
                  20000274    000001fc     --HOLE--

__llvm_prf_cnts 
*          0    20000000    00000000     UNINITIALIZED

MODULE SUMMARY

       Module                         code   ro data   rw data
       ------                         ----   -------   -------
    .\
       tm4c123gh6pm_startup_ccs.obj   12     620       0      
       main.obj                       20     0         0      
    +--+------------------------------+------+---------+---------+
       Total:                         32     620       0      
                                                              
    .\bsp\
       bsp_uart.obj                   572    0         0      
    +--+------------------------------+------+---------+---------+
       Total:                         572    0         0      
                                                              
    C:/ti/ccs1200/tivaware_c_series_2_1_4_178/driverlib/ccs/Debug/driverlib.lib
       interrupt.obj                  208    268       620    
       sysctl.obj                     630    108       0      
       gpio.obj                       438    144       0      
       uart.obj                       286    128       0      
       cpu.obj                        12     0         0      
    +--+------------------------------+------+---------+---------+
       Total:                         1574   648       620    
                                                              
    C:\ti\ccs1200\ccs\tools\compiler\ti-cgt-arm_20.2.6.LTS\lib\rtsv7M4_T_le_v4SPD16_eabi.lib
       autoinit.c.obj                 68     0         0      
       boot_cortex_m.c.obj            52     0         0      
       copy_zero_init.c.obj           28     0         0      
       exit.c.obj                     4      0         0      
       pre_init.c.obj                 4      0         0      
    +--+------------------------------+------+---------+---------+
       Total:                         156    0         0      
                                                              
       Stack:                         0      0         512    
       Linker Generated:              0      20        0      
    +--+------------------------------+------+---------+---------+
       Grand Total:                   2334   1288      1132   


LINKER GENERATED COPY TABLES

__TI_cinit_table @ 00000e24 records: 1, size/record: 8, table size: 8
	.vtable: load addr=00000e18, load size=00000008 bytes, run addr=20000000, run size=0000026c bytes, compression=zero_init


LINKER GENERATED HANDLER TABLE

__TI_handler_table @ 00000e20 records: 1, size/record: 4, table size: 4
	index: 0, handler: __TI_zero_init


GLOBAL SYMBOLS: SORTED ALPHABETICALLY BY Name 

address   name                          
-------   ----                          
00000b8d  C$$EXIT                       
00000b3b  CPUcpsie                      
00000a31  GPIODirModeSet                
000004a9  GPIOPadConfigSet              
00000849  GPIOPinConfigure              
00000afd  GPIOPinTypeUART               
000007e1  IntEnable                     
00000b0f  IntMasterEnable               
00000a5d  IntPrioritySet                
00000995  IntRegister                   
00000b47  ResetISR                      
000005dd  SysCtlClockGet                
000006ed  SysCtlClockSet                
00000b79  SysCtlDelay                   
000009c9  SysCtlPeripheralEnable        
0000095d  SysCtlPeripheralReady         
0000026d  UART0IntHandler               
000002f1  UART1IntHandler               
00000b1f  UARTCharGetNonBlocking        
00000b53  UARTCharPut                   
00000b2d  UARTCharsAvail                
00000891  UARTConfigSetExpClk           
00000a81  UARTDisable                   
00000ad5  UARTEnable                    
00000b5d  UARTFIFOEnable                
00000b7f  UARTFIFOLevelSet              
00000b85  UARTIntClear                  
00000b71  UARTIntEnable                 
00000abd  UARTIntRegister               
00000b67  UARTIntStatus                 
20000470  __STACK_END                   
00000200  __STACK_SIZE                  
20000470  __STACK_TOP                   
00000e24  __TI_CINIT_Base               
00000e2c  __TI_CINIT_Limit              
00000e20  __TI_Handler_Table_Base       
00000e24  __TI_Handler_Table_Limit      
000008d9  __TI_auto_init_nobinit_nopinit
ffffffff  __TI_pprof_out_hndl           
ffffffff  __TI_prof_data_size           
ffffffff  __TI_prof_data_start          
00000000  __TI_static_base__            
00000aa1  __TI_zero_init_nomemset       
ffffffff  __binit__                     
ffffffff  __c_args__                    
UNDEFED   __mpu_init                    
20000270  __stack                       
20000000  __start___llvm_prf_cnts       
20000000  __stop___llvm_prf_cnts        
000009fd  _c_int00_noargs               
UNDEFED   _system_post_cinit            
00000b89  _system_pre_init              
00000b8d  abort                         
ffffffff  binit                         
00000375  bsp_uart_init                 
20000000  g_pfnRAMVectors               
00000000  g_pfnVectors                  
00000ae9  main                          


GLOBAL SYMBOLS: SORTED BY Symbol Address 

address   name                          
-------   ----                          
00000000  __TI_static_base__            
00000000  g_pfnVectors                  
00000200  __STACK_SIZE                  
0000026d  UART0IntHandler               
000002f1  UART1IntHandler               
00000375  bsp_uart_init                 
000004a9  GPIOPadConfigSet              
000005dd  SysCtlClockGet                
000006ed  SysCtlClockSet                
000007e1  IntEnable                     
00000849  GPIOPinConfigure              
00000891  UARTConfigSetExpClk           
000008d9  __TI_auto_init_nobinit_nopinit
0000095d  SysCtlPeripheralReady         
00000995  IntRegister                   
000009c9  SysCtlPeripheralEnable        
000009fd  _c_int00_noargs               
00000a31  GPIODirModeSet                
00000a5d  IntPrioritySet                
00000a81  UARTDisable                   
00000aa1  __TI_zero_init_nomemset       
00000abd  UARTIntRegister               
00000ad5  UARTEnable                    
00000ae9  main                          
00000afd  GPIOPinTypeUART               
00000b0f  IntMasterEnable               
00000b1f  UARTCharGetNonBlocking        
00000b2d  UARTCharsAvail                
00000b3b  CPUcpsie                      
00000b47  ResetISR                      
00000b53  UARTCharPut                   
00000b5d  UARTFIFOEnable                
00000b67  UARTIntStatus                 
00000b71  UARTIntEnable                 
00000b79  SysCtlDelay                   
00000b7f  UARTFIFOLevelSet              
00000b85  UARTIntClear                  
00000b89  _system_pre_init              
00000b8d  C$$EXIT                       
00000b8d  abort                         
00000e20  __TI_Handler_Table_Base       
00000e24  __TI_CINIT_Base               
00000e24  __TI_Handler_Table_Limit      
00000e2c  __TI_CINIT_Limit              
20000000  __start___llvm_prf_cnts       
20000000  __stop___llvm_prf_cnts        
20000000  g_pfnRAMVectors               
20000270  __stack                       
20000470  __STACK_END                   
20000470  __STACK_TOP                   
ffffffff  __TI_pprof_out_hndl           
ffffffff  __TI_prof_data_size           
ffffffff  __TI_prof_data_start          
ffffffff  __binit__                     
ffffffff  __c_args__                    
ffffffff  binit                         
UNDEFED   __mpu_init                    
UNDEFED   _system_post_cinit            

[58 symbols]
